Archive member included to satisfy reference by file (symbol)

/opt/devkitpro/libnds/lib/libnds9.a(background.o)
                              main.o (bgUpdate)
/opt/devkitpro/libnds/lib/libnds9.a(console.o)
                              hud.o (consoleDemoInit)
/opt/devkitpro/libnds/lib/libnds9.a(keys.o)
                              main.o (scanKeys)
/opt/devkitpro/libnds/lib/libnds9.a(sassert.o)
                              starfield.o (__sassert)
/opt/devkitpro/libnds/lib/libnds9.a(sprite_alloc.o)
                              video.o (oamAllocateGfx)
/opt/devkitpro/libnds/lib/libnds9.a(sprite.o)
                              video.o (oamInit)
/opt/devkitpro/libnds/lib/libnds9.a(trig.o)
                              boss.o (sinLerp)
/opt/devkitpro/libnds/lib/libnds9.a(video.o)
                              main.o (setBrightness)
/opt/devkitpro/libnds/lib/libnds9.a(default_font.bin.o)
                              /opt/devkitpro/libnds/lib/libnds9.a(console.o) (default_font_bin)
/opt/devkitpro/calico/lib/libcalico_ds9.a(thread_cold.o)
                              main.o (threadIrqWait)
/opt/devkitpro/calico/lib/libcalico_ds9.a(thread_hot.32.o)
                              /opt/devkitpro/calico/lib/libcalico_ds9.a(thread_cold.o) (threadSwitchTo)
/opt/devkitpro/calico/lib/libcalico_ds9.a(mutex.o)
                              /opt/devkitpro/calico/lib/libcalico_ds9.a(thread_cold.o) (threadUpdateDynamicPrio)
/opt/devkitpro/calico/lib/libcalico_ds9.a(arm-copy-fill.32.o)
                              /opt/devkitpro/calico/lib/libcalico_ds9.a(thread_cold.o) (armCopyMem32)
/opt/devkitpro/calico/lib/libcalico_ds9.a(arm-context.32.o)
                              /opt/devkitpro/calico/lib/libcalico_ds9.a(thread_hot.32.o) (armContextSave)
/opt/devkitpro/calico/lib/libcalico_ds9.a(arm-shims.32.o)
                              /opt/devkitpro/calico/lib/libcalico_ds9.a(thread_cold.o) (armWaitForIrq)
/opt/devkitpro/calico/lib/libcalico_ds9.a(arm-cache.32.o)
                              starfield.o (armDCacheFlush)
/opt/devkitpro/calico/lib/libcalico_ds9.a(keypad.o)
                              /opt/devkitpro/libnds/lib/libnds9.a(keys.o) (keypadGetState)
/opt/devkitpro/calico/lib/libcalico_ds9.a(pm.o)
                              main.o (pmMainLoop)
/opt/devkitpro/calico/lib/libcalico_ds9.a(bootstub_arm9.o)
                              (__ds9_bootstub)
/opt/devkitpro/calico/lib/libcalico_ds9.a(excpt_handler.32.o)
                              /opt/devkitpro/calico/lib/libcalico_ds9.a(bootstub_arm9.o) (__arm_excpt_rst)
/opt/devkitpro/calico/lib/libcalico_ds9.a(touch.o)
                              /opt/devkitpro/libnds/lib/libnds9.a(keys.o) (touchRead)
/opt/devkitpro/calico/lib/libcalico_ds9.a(tick.o)
                              /opt/devkitpro/calico/lib/libcalico_ds9.a(thread_cold.o) (tickTaskStart)
/opt/devkitpro/calico/lib/libcalico_ds9.a(mailbox.o)
                              /opt/devkitpro/calico/lib/libcalico_ds9.a(pm.o) (mailboxRecv)
/opt/devkitpro/calico/lib/libcalico_ds9.a(newlib_syscalls.o)
                              /opt/devkitpro/calico/lib/libcalico_ds9.a(bootstub_arm9.o) (__newlib_syscalls)
/opt/devkitpro/calico/lib/libcalico_ds9.a(startup.crt0.o)
                              /opt/devkitpro/calico/lib/libcalico_ds9.a(bootstub_arm9.o) (crt0Startup)
/opt/devkitpro/calico/lib/libcalico_ds9.a(utils.crt0.o)
                              /opt/devkitpro/calico/lib/libcalico_ds9.a(startup.crt0.o) (crt0CopyMem32)
/opt/devkitpro/calico/lib/libcalico_ds9.a(irq_handler.32.o)
                              /opt/devkitpro/calico/lib/libcalico_ds9.a(bootstub_arm9.o) (__arm_excpt_irq)
/opt/devkitpro/calico/lib/libcalico_ds9.a(pxi.o)
                              /opt/devkitpro/calico/lib/libcalico_ds9.a(startup.crt0.o) (_pxiInit)
/opt/devkitpro/calico/lib/libcalico_ds9.a(mpu_setup.crt0.o)
                              /opt/devkitpro/calico/lib/libcalico_ds9.a(startup.crt0.o) (crt0SetupMPU)
/opt/devkitpro/calico/lib/libcalico_ds9.a(sys_startup.o)
                              /opt/devkitpro/calico/lib/libcalico_ds9.a(startup.crt0.o) (systemStartup)
/opt/devkitpro/calico/lib/libcalico_ds9.a(irq.o)
                              /opt/devkitpro/calico/lib/libcalico_ds9.a(tick.o) (irqSet)
/opt/devkitpro/devkitARM/lib/gcc/arm-none-eabi/16.1.0/libgcc.a(_divsi3.o)
                              boss.o (__aeabi_idiv)
/opt/devkitpro/devkitARM/lib/gcc/arm-none-eabi/16.1.0/libgcc.a(_dvmd_tls.o)
                              /opt/devkitpro/devkitARM/lib/gcc/arm-none-eabi/16.1.0/libgcc.a(_divsi3.o) (__aeabi_idiv0)
/opt/devkitpro/devkitARM/lib/gcc/arm-none-eabi/16.1.0/libgcc.a(_aeabi_uldivmod.o)
                              /opt/devkitpro/calico/lib/libcalico_ds9.a(newlib_syscalls.o) (__aeabi_uldivmod)
/opt/devkitpro/devkitARM/lib/gcc/arm-none-eabi/16.1.0/libgcc.a(_sync_none.o)
                              (__sync_synchronize_none)
/opt/devkitpro/devkitARM/lib/gcc/arm-none-eabi/16.1.0/libgcc.a(_udivmoddi4.o)
[...]
Memory Configuration

Name             Origin             Length             Attributes
lma9             0x02004000         0x0027c000
lma9i            0x02400000         0x00280000
vectors          0x00000000         0x00000020
itcm             0x01ff8020         0x00007fe0
main             0x02001000         0x00f7f000
dtcm             0x02ff0000         0x00003e80
dldi             0x0380b000         0x00004000
stub             0x0e000000         0x00004000
tls              0x00000000         0x00000400
*default*        0x00000000         0xffffffff

Linker script and memory map

                0x00000000                        __sync_synchronize = __sync_synchronize_none
LOAD /opt/devkitpro/devkitARM/lib/gcc/arm-none-eabi/16.1.0/crti.o
LOAD /opt/devkitpro/devkitARM/lib/gcc/arm-none-eabi/16.1.0/crtbegin.o
LOAD spr_blast.o
LOAD spr_boss.o
LOAD spr_shots.o
LOAD spr_tie.o
LOAD spr_xwing.o
LOAD boss.o
LOAD effect.o
LOAD enemy.o
LOAD hud.o
LOAD main.o
LOAD player.o
LOAD shot.o
LOAD starfield.o
LOAD video.o
LOAD wave.o
LOAD /opt/devkitpro/libnds/lib/libnds9.a
LOAD /opt/devkitpro/calico/lib/libcalico_ds9.a
START GROUP
LOAD /opt/devkitpro/devkitARM/lib/gcc/arm-none-eabi/16.1.0/libgcc.a
LOAD /opt/devkitpro/devkitARM/lib/gcc/arm-none-eabi/16.1.0/../../../../arm-none-eabi/lib/libg.a
LOAD /opt/devkitpro/devkitARM/lib/gcc/arm-none-eabi/16.1.0/../../../../arm-none-eabi/lib/libc.a
LOAD /opt/devkitpro/devkitARM/lib/gcc/arm-none-eabi/16.1.0/../../../../arm-none-eabi/lib/libsysbase.a
END GROUP
LOAD /opt/devkitpro/devkitARM/lib/gcc/arm-none-eabi/16.1.0/crtend.o
LOAD /opt/devkitpro/devkitARM/lib/gcc/arm-none-eabi/16.1.0/crtn.o
                0x02ff3e80                        PROVIDE (__sp_usr = (ORIGIN (dtcm) + LENGTH (dtcm)))
                0x02ff3f80                        PROVIDE (__sp_irq = (__sp_usr + 0x100))
                0x02ff3fc0                        PROVIDE (__sp_svc = (__sp_irq + 0x40))
                0x02ff3ff8                        PROVIDE (__irq_flags = (__sp_svc + 0x38))
                [!provide]                        PROVIDE (__irq_vector = (__sp_svc + 0x3c))
                [!provide]                        PROVIDE (__arm_excpt_rst = 0xffff0000)
                [!provide]                        PROVIDE (__arm_excpt_und = 0xffff0004)
                0xffff0008                        PROVIDE (__arm_excpt_svc = 0xffff0008)
                [!provide]                        PROVIDE (__arm_excpt_pabt = 0xffff000c)
                [!provide]                        PROVIDE (__arm_excpt_dabt = 0xffff0010)
                [!provide]                        PROVIDE (__arm_excpt_irq = 0xffff0018)
                [!provide]                        PROVIDE (__arm_excpt_fiq = 0xffff001c)
                0x00000000                        PROVIDE (__end__ = 0x0)

.secure         0x0e000000      0x800 load address 0x02004000
                0x0e0007fc                        . = (. + 0x7fc)
 *fill*         0x0e000000      0x7fc 00000000
                0x0e0007fc        0x4 LONG 0x0

.bootstub       0x0e000800      0x198 load address 0x02004800
 *(.bootstub .bootstub.*)
 .bootstub.__ds9_bootstub
                0x0e000800      0x198 /opt/devkitpro/calico/lib/libcalico_ds9.a(bootstub_arm9.o)
                0x0e000800                __ds9_bootstub
                0x0e000998                        . = ALIGN (0x4)

.crt0           0x02001000      0x3c0 load address 0x02004998
 *(.crt0 .crt0.*)
 .crt0.__ds9_bootstub_trampoline
                0x02001000       0x60 /opt/devkitpro/calico/lib/libcalico_ds9.a(bootstub_arm9.o)
 *.crt0.*(.text .stub .text.* .gnu.linkonce.t.*)
 .text.crt0ProcessLoadList
                0x02001060       0x74 /opt/devkitpro/calico/lib/libcalico_ds9.a(startup.crt0.o)
                0x02001060                crt0ProcessLoadList
 .text.crt0Startup
                0x020010d4      0x180 /opt/devkitpro/calico/lib/libcalico_ds9.a(startup.crt0.o)
                0x020010d4                crt0Startup
 .text.crt0CopyMem32
                0x02001254       0x4c /opt/devkitpro/calico/lib/libcalico_ds9.a(utils.crt0.o)
                0x02001254                crt0CopyMem32
 .text.crt0FillMem32
                0x020012a0       0x58 /opt/devkitpro/calico/lib/libcalico_ds9.a(utils.crt0.o)
                0x020012a0                crt0FillMem32
 .text.crt0SetupMPU
                0x020012f8       0xb4 /opt/devkitpro/calico/lib/libcalico_ds9.a(mpu_setup.crt0.o)
                0x020012f8                crt0SetupMPU
 *.crt0.*(.glue_7t .glue_7 .vfp11_veneer .v4_bx)
 *.crt0.*(.rodata .rodata.* .gnu.linkonce.r.*)
 *.crt0.*(.rodata1)
                0x020013c0                        . = ALIGN (0x20)
 *fill*         0x020013ac       0x14 ff
                0x02004998                        PROVIDE (__crt0_lma = LOADADDR (.crt0))
                0x02001000                        PROVIDE (__crt0_start = ADDR (.crt0))
                0x020013c0                        PROVIDE (__crt0_end = (ADDR (.crt0) + SIZEOF (.crt0)))
                0x00000001                        ASSERT (((__crt0_end <= LOADADDR (.bootstub)) || (__crt0_start >= (LOADADDR (.bootstub) + SIZEOF (.bootstub)))), Error: crt0 section overlaps initial bootstrap)

.dldi           0x0380b000        0x0 load address 0x02004d58
 *(.dldi)
                0x00000000                        PROVIDE (__dldi_lma = SIZEOF (.dldi)?LOADADDR (.dldi):0x0)

.vectors        0x00000000       0x20 load address 0x02004d58
 *(.vectors)
 .vectors       0x00000000       0x20 /opt/devkitpro/calico/lib/libcalico_ds9.a(bootstub_arm9.o)

.itcm           0x01ff8020      0x660 load address 0x02004d78
 *(.itcm .itcm.*)
 .itcm          0x01ff8020       0x30 /opt/devkitpro/calico/lib/libcalico_ds9.a(bootstub_arm9.o)
                0x01ff8038                __excpt_vectors
 *.itcm.*(.text .stub .text.* .gnu.linkonce.t.*)
 *.32.o(.text .stub .text.* .gnu.linkonce.t.*)
 .text.threadSwitchTo
                0x01ff8050       0x7c /opt/devkitpro/calico/lib/libcalico_ds9.a(thread_hot.32.o)
                0x01ff8050                threadSwitchTo
 .text.threadBlock
                0x01ff80cc       0xd4 /opt/devkitpro/calico/lib/libcalico_ds9.a(thread_hot.32.o)
                0x01ff80cc                threadBlock
 .text.threadUnblockOneByValue
                0x01ff81a0       0xd4 /opt/devkitpro/calico/lib/libcalico_ds9.a(thread_hot.32.o)
                0x01ff81a0                threadUnblockOneByValue
 .text.threadUnblockAllByValue
                0x01ff8274      0x138 /opt/devkitpro/calico/lib/libcalico_ds9.a(thread_hot.32.o)
                0x01ff8274                threadUnblockAllByValue
 .text.threadUnblockAllByMask
                0x01ff83ac       0xf0 /opt/devkitpro/calico/lib/libcalico_ds9.a(thread_hot.32.o)
                0x01ff83ac                threadUnblockAllByMask
 .text.armContextSave
                0x01ff849c       0x2c /opt/devkitpro/calico/lib/libcalico_ds9.a(arm-context.32.o)
                0x01ff849c                armContextSave
 .text.armContextLoad
                0x01ff84c8       0x20 /opt/devkitpro/calico/lib/libcalico_ds9.a(arm-context.32.o)
                0x01ff84c8                armContextLoad
                0x01ff84cc                armContextLoadFromSvc
 .text.armWaitForIrq
                0x01ff84e8        0x8 /opt/devkitpro/calico/lib/libcalico_ds9.a(arm-shims.32.o)
                0x01ff84e8                armWaitForIrq
 .text.armDrainWriteBuffer
                0x01ff84f0        0xc /opt/devkitpro/calico/lib/libcalico_ds9.a(arm-cache.32.o)
                0x01ff84f0                armDrainWriteBuffer
 .text.armDCacheFlushAll
                0x01ff84fc       0x28 /opt/devkitpro/calico/lib/libcalico_ds9.a(arm-cache.32.o)
                0x01ff84fc                armDCacheFlushAll
 .text.armDCacheFlush
                0x01ff8524       0x1c /opt/devkitpro/calico/lib/libcalico_ds9.a(arm-cache.32.o)
                0x01ff8524                armDCacheFlush
 .text.armICacheInvalidateAll
                0x01ff8540        0xc /opt/devkitpro/calico/lib/libcalico_ds9.a(arm-cache.32.o)
                0x01ff8540                armICacheInvalidateAll
 .text.__excpt_entry
                0x01ff854c       0x50 /opt/devkitpro/calico/lib/libcalico_ds9.a(excpt_handler.32.o)
                0x01ff854c                __arm_excpt_rst
                0x01ff8550                __arm_excpt_pabt
                0x01ff8554                __arm_excpt_und
                0x01ff8560                __arm_excpt_dabt
 .text.__arm_excpt_irq
                0x01ff859c       0xe4 /opt/devkitpro/calico/lib/libcalico_ds9.a(irq_handler.32.o)
                0x01ff859c                __arm_excpt_irq
 *.itcm.*(.glue_7t .glue_7 .vfp11_veneer .v4_bx)
 *.32.o(.glue_7t .glue_7 .vfp11_veneer .v4_bx)
 *.itcm.*(.rodata .rodata.* .gnu.linkonce.r.*)
 *.32.o(.rodata .rodata.* .gnu.linkonce.r.*)
 *.itcm.*(.rodata1)
 *.32.o(.rodata1)
                0x01ff8680                        . = ALIGN (0x4)
                0x02004d58                        PROVIDE (__itcm_lma = LOADADDR (.vectors))
                0x01ff8000                        PROVIDE (__itcm_start = (ADDR (.itcm) - SIZEOF (.vectors)))
                0x01ff8680                        PROVIDE (__itcm_end = (ADDR (.itcm) + SIZEOF (.itcm)))
                0x00000001                        ASSERT (((__itcm_lma + SIZEOF (.vectors)) == LOADADDR (.itcm)), Error: gap between vectors and itcm)

.dtcm           0x02ff0000        0x0 load address 0x020053d8
 *(.dtcm .dtcm.*)
 *.32.o(.data .data.* .gnu.linkonce.d.*)
 *.32.o(.data1)
                0x02ff0000                        . = ALIGN (0x4)
                [!provide]                        PROVIDE (__dtcm_lma = LOADADDR (.dtcm))
                0x02ff0000                        PROVIDE (__dtcm_start = ADDR (.dtcm))
                0x02ff0000                        PROVIDE (__dtcm_end = (ADDR (.dtcm) + SIZEOF (.dtcm)))

.dtcm.bss       0x02ff0000       0x98 load address 0x020053d8
 *(.sbss .sbss.*)
 *.32.o(.dynbss)
 *.32.o(.bss .bss.* .gnu.linkonce.b.*)
 .bss.__irq_table
                0x02ff0000       0x80 /opt/devkitpro/calico/lib/libcalico_ds9.a(thread_hot.32.o)
                0x02ff0000                __irq_table
 .bss.__sched_state
                0x02ff0080       0x18 /opt/devkitpro/calico/lib/libcalico_ds9.a(thread_hot.32.o)
                0x02ff0080                __sched_state
 *.32.o(COMMON)
                0x02ff0098                        . = ALIGN (0x4)
                [!provide]                        PROVIDE (__dtcm_bss_start = ADDR (.dtcm.bss))
                0x02ff0098                        PROVIDE (__dtcm_bss_end = (ADDR (.dtcm.bss) + SIZEOF (.dtcm.bss)))

.main           0x020013c0    0x15974 load address 0x020053d8
 *(SORT_NONE(.init))
 .init          0x020013c0        0xc /opt/devkitpro/devkitARM/lib/gcc/arm-none-eabi/16.1.0/crti.o
                0x020013c0                _init
 .init          0x020013cc        0xc /opt/devkitpro/devkitARM/lib/gcc/arm-none-eabi/16.1.0/crtn.o
 EXCLUDE_FILE(*.twl.*) *(.text.unlikely .text.*_unlikely .text.unlikely.*)
 EXCLUDE_FILE(*.twl.*) *(.text.exit .text.exit.*)
 .text.exit     0x020013d8       0x30 /opt/devkitpro/devkitARM/lib/gcc/arm-none-eabi/16.1.0/../../../../arm-none-eabi/lib/libg.a(libc_a-exit.o)
                0x020013d8                exit
 EXCLUDE_FILE(*.twl.*) *(.text.startup .text.startup.*)
 .text.startup.main
                0x02001408      0x328 main.o
                0x02001408                main
 EXCLUDE_FILE(*.twl.*) *(.text.hot .text.hot.*)
 EXCLUDE_FILE(*.twl.*) *(.text .iplt .stub .text.* .gnu.linkonce.t.*)
 .text.__do_global_dtors_aux
                0x02001730       0x54 /opt/devkitpro/devkitARM/lib/gcc/arm-none-eabi/16.1.0/crtbegin.o
 .text.frame_dummy
                0x02001784       0x30 /opt/devkitpro/devkitARM/lib/gcc/arm-none-eabi/16.1.0/crtbegin.o
 .iplt          0x020017b4        0x0 /opt/devkitpro/devkitARM/lib/gcc/arm-none-eabi/16.1.0/crtbegin.o
 .text.bossStart
                0x020017b4       0x64 boss.o
                0x020017b4                bossStart
 .text.bossDamage
                0x02001818       0x64 boss.o
                0x02001818                bossDamage
 .text.bossUpdate
                0x0200187c      0x550 boss.o
                0x0200187c                bossUpdate
 .text.bossRender
                0x02001dcc       0xa4 boss.o
                0x02001dcc                bossRender
 .text.effectReset
                0x02001e70       0x14 effect.o
                0x02001e70                effectReset
 .text.effectSpawn
                0x02001e84      0x108 effect.o
                0x02001e84                effectSpawn
 .text.effectUpdate
                0x02001f8c       0x58 effect.o
                0x02001f8c                effectUpdate
 .text.effectRender
                0x02001fe4       0xf8 effect.o
                0x02001fe4                effectRender
 .text.enemyReset
                0x020020dc       0x14 enemy.o
                0x020020dc                enemyReset
 .text.enemyAlive
                0x020020f0       0x2c enemy.o
                0x020020f0                enemyAlive
 .text.enemySpawn
                0x0200211c       0xec enemy.o
                0x0200211c                enemySpawn
 .text.enemyDamageAll
                0x02002208       0x6c enemy.o
                0x02002208                enemyDamageAll
 .text.enemyUpdate
                0x02002274      0x298 enemy.o
                0x02002274                enemyUpdate
 .text.enemyRender
                0x0200250c       0xd4 enemy.o
                0x0200250c                enemyRender
 .text.drawStatus
                0x020025e0      0x13c hud.o
 .text.hudInit  0x0200271c        0x4 hud.o
                0x0200271c                hudInit
 .text.hudDraw  0x02002720      0x420 hud.o
                0x02002720                hudDraw
 .text.rnd      0x02002b40       0x20 main.o
                0x02002b40                rnd
 .text.gameAddScore
                0x02002b60       0x24 main.o
                0x02002b60                gameAddScore
 .text.playerReset
                0x02002b84       0x58 player.o
                0x02002b84                playerReset
 .text.playerUpdate
                0x02002bdc      0x344 player.o
                0x02002bdc                playerUpdate
 .text.playerDamage
                0x02002f20       0x98 player.o
                0x02002f20                playerDamage
 .text.playerRender
                0x02002fb8       0xd0 player.o
                0x02002fb8                playerRender
 .text.shotReset
                0x02003088       0x30 shot.o
                0x02003088                shotReset
 .text.shotFirePlayer
                0x020030b8       0x78 shot.o
                0x020030b8                shotFirePlayer
 .text.shotFireEnemy
                0x02003130       0x58 shot.o
                0x02003130                shotFireEnemy
 .text.shotFireAimed
                0x02003188      0x104 shot.o
                0x02003188                shotFireAimed
 .text.shotClearEnemy
                0x0200328c       0x40 shot.o
                0x0200328c                shotClearEnemy
 .text.shotUpdate
                0x020032cc      0x2b0 shot.o
                0x020032cc                shotUpdate
 .text.shotRender
                0x0200357c      0x190 shot.o
                0x0200357c                shotRender
 .text.starInit
                0x0200370c      0x3e8 starfield.o
                0x0200370c                starInit
 .text.starUpdate
                0x02003af4       0x40 starfield.o
                0x02003af4                starUpdate
 .text.starApply
                0x02003b34       0x7c starfield.o
                0x02003b34                starApply
 .text.gfxInit  0x02003bb0      0x2e4 video.o
                0x02003bb0                gfxInit
 .text.waveReset
                0x02003e94       0x3c wave.o
                0x02003e94                waveReset
 .text.waveUpdate
                0x02003ed0       0xb8 wave.o
                0x02003ed0                waveUpdate
 .text.waveDone
                0x02003f88       0x4c wave.o
                0x02003f88                waveDone
 .text.waveNumber
                0x02003fd4       0x10 wave.o
                0x02003fd4                waveNumber
 .text.waveTotal
                0x02003fe4        0x8 wave.o
                0x02003fe4                waveTotal
 .text.checkIfText
                0x02003fec       0x6c /opt/devkitpro/libnds/lib/libnds9.a(background.o)
                0x02003fec                checkIfText
 .text.bgUpdate
                0x02004058       0xe8 /opt/devkitpro/libnds/lib/libnds9.a(background.o)
                0x02004058                bgUpdate
 .text.bgInit_call
                0x02004140       0xa8 /opt/devkitpro/libnds/lib/libnds9.a(background.o)
                0x02004140                bgInit_call
 .text.bgInitSub_call
                0x020041e8       0xb0 /opt/devkitpro/libnds/lib/libnds9.a(background.o)
                0x020041e8                bgInitSub_call
 .text.newRow   0x02004298       0xe8 /opt/devkitpro/libnds/lib/libnds9.a(console.o)
 .text.consolePrintChar
                0x02004380       0xe0 /opt/devkitpro/libnds/lib/libnds9.a(console.o)
                0x02004380                consolePrintChar
 .text.con_write
                0x02004460      0x34c /opt/devkitpro/libnds/lib/libnds9.a(console.o)
                0x02004460                con_write
 .text.consoleLoadFont
                0x020047ac      0x2e4 /opt/devkitpro/libnds/lib/libnds9.a(console.o)
                0x020047ac                consoleLoadFont
 .text.consoleInit
                0x02004a90      0x170 /opt/devkitpro/libnds/lib/libnds9.a(console.o)
                0x02004a90                consoleInit
 .text.consoleDemoInit
                0x02004c00       0x40 /opt/devkitpro/libnds/lib/libnds9.a(console.o)
                0x02004c00                consoleDemoInit
 .text.consoleClear
                0x02004c40       0x10 /opt/devkitpro/libnds/lib/libnds9.a(console.o)
                0x02004c40                consoleClear
 .text.scanKeys
                0x02004c50       0x6c /opt/devkitpro/libnds/lib/libnds9.a(keys.o)
                0x02004c50                scanKeys
 .text.keysHeld
                0x02004cbc        0xc /opt/devkitpro/libnds/lib/libnds9.a(keys.o)
                0x02004cbc                keysHeld
 .text.keysDown
                0x02004cc8       0x10 /opt/devkitpro/libnds/lib/libnds9.a(keys.o)
                0x02004cc8                keysDown
 .text.__sassert
                0x02004cd8       0x34 /opt/devkitpro/libnds/lib/libnds9.a(sassert.o)
                0x02004cd8                __sassert
 .text.oamAllocReset
                0x02004d0c       0x1c /opt/devkitpro/libnds/lib/libnds9.a(sprite_alloc.o)
                0x02004d0c                oamAllocReset
 .text.oamAllocateGfx
                0x02004d28      0x578 /opt/devkitpro/libnds/lib/libnds9.a(sprite_alloc.o)
                0x02004d28                oamAllocateGfx
 .text.oamInit  0x020052a0      0x124 /opt/devkitpro/libnds/lib/libnds9.a(sprite.o)
                0x020052a0                oamInit
 .text.oamGetGfxPtr
                0x020053c4       0x34 /opt/devkitpro/libnds/lib/libnds9.a(sprite.o)
                0x020053c4                oamGetGfxPtr
 .text.oamGfxPtrToOffset
                0x020053f8       0x34 /opt/devkitpro/libnds/lib/libnds9.a(sprite.o)
                0x020053f8                oamGfxPtrToOffset
 .text.oamSet   0x0200542c      0x100 /opt/devkitpro/libnds/lib/libnds9.a(sprite.o)
                0x0200542c                oamSet
 .text.oamUpdate
                0x0200552c       0x6c /opt/devkitpro/libnds/lib/libnds9.a(sprite.o)
                0x0200552c                oamUpdate
 .text.sinLutLookup
                0x02005598       0x4c /opt/devkitpro/libnds/lib/libnds9.a(trig.o)
                0x02005598                sinLutLookup
 .text.sinLerp  0x020055e4       0x38 /opt/devkitpro/libnds/lib/libnds9.a(trig.o)
                0x020055e4                sinLerp
 .text.cosLerp  0x0200561c       0x44 /opt/devkitpro/libnds/lib/libnds9.a(trig.o)
                0x0200561c                cosLerp
 .text.setBrightness
                0x02005660       0x40 /opt/devkitpro/libnds/lib/libnds9.a(video.o)
                0x02005660                setBrightness
 .text._threadTickTask
                0x020056a0       0x10 /opt/devkitpro/calico/lib/libcalico_ds9.a(thread_cold.o)
 .text.threadExit
                0x020056b0       0xa0 /opt/devkitpro/calico/lib/libcalico_ds9.a(thread_cold.o)
                0x020056b0                threadExit
 .text._threadInit
                0x02005750       0x98 /opt/devkitpro/calico/lib/libcalico_ds9.a(thread_cold.o)
                0x02005750                _threadInit
 .text.threadPrepare
                0x020057e8      0x134 /opt/devkitpro/calico/lib/libcalico_ds9.a(thread_cold.o)
                0x020057e8                threadPrepare
 .text.threadStart
                0x0200591c       0x94 /opt/devkitpro/calico/lib/libcalico_ds9.a(thread_cold.o)
                0x0200591c                threadStart
 .text.threadIrqWait
                0x020059b0       0xa4 /opt/devkitpro/calico/lib/libcalico_ds9.a(thread_cold.o)
                0x020059b0                threadIrqWait
 .text.threadSleepTicks
                0x02005a54       0x58 /opt/devkitpro/calico/lib/libcalico_ds9.a(thread_cold.o)
                0x02005a54                threadSleepTicks
 .text.threadUpdateDynamicPrio
                0x02005aac      0x1d4 /opt/devkitpro/calico/lib/libcalico_ds9.a(mutex.o)
                0x02005aac                threadUpdateDynamicPrio
 .text.threadRemoveWaiter
                0x02005c80      0x148 /opt/devkitpro/calico/lib/libcalico_ds9.a(mutex.o)
 .text.mutexLock
                0x02005dc8      0x138 /opt/devkitpro/calico/lib/libcalico_ds9.a(mutex.o)
                0x02005dc8                mutexLock
 .text.mutexUnlock
                0x02005f00       0xbc /opt/devkitpro/calico/lib/libcalico_ds9.a(mutex.o)
                0x02005f00                mutexUnlock
 .text.keypadGetState
                0x02005fbc       0x28 /opt/devkitpro/calico/lib/libcalico_ds9.a(keypad.o)
                0x02005fbc                keypadGetState
 .text._pmCallEventHandlers
                0x02005fe4       0x40 /opt/devkitpro/calico/lib/libcalico_ds9.a(pm.o)
 .text._pmPxiThreadMain
                0x02006024       0x9c /opt/devkitpro/calico/lib/libcalico_ds9.a(pm.o)
 .text._pmResetPxiHandler
                0x020060c0       0x28 /opt/devkitpro/calico/lib/libcalico_ds9.a(pm.o)
 .text.systemUserExit
                0x020060e8        0x4 /opt/devkitpro/calico/lib/libcalico_ds9.a(pm.o)
                0x020060e8                systemUserExit
 .text.systemErrorExit
                0x020060ec        0x4 /opt/devkitpro/calico/lib/libcalico_ds9.a(pm.o)
                0x020060ec                systemErrorExit
 .text.__syscall_exit
                0x020060f0      0x138 /opt/devkitpro/calico/lib/libcalico_ds9.a(pm.o)
                0x020060f0                __syscall_exit
 .text.pmInit   0x02006228       0x58 /opt/devkitpro/calico/lib/libcalico_ds9.a(pm.o)
                0x02006228                pmInit
 .text.pmEnterSleep
                0x02006280       0xcc /opt/devkitpro/calico/lib/libcalico_ds9.a(pm.o)
                0x02006280                pmEnterSleep
 .text.pmMainLoop
                0x0200634c       0x74 /opt/devkitpro/calico/lib/libcalico_ds9.a(pm.o)
                0x0200634c                pmMainLoop
 .text.touchRead
                0x020063c0       0x58 /opt/devkitpro/calico/lib/libcalico_ds9.a(touch.o)
                0x020063c0                touchRead
 .text._tickCountIsr
                0x02006418       0x1c /opt/devkitpro/calico/lib/libcalico_ds9.a(tick.o)
 .text._tickTaskSchedule.part.0.isra.0
                0x02006434       0x84 /opt/devkitpro/calico/lib/libcalico_ds9.a(tick.o)
 .text.tickInit
                0x020064b8       0xa0 /opt/devkitpro/calico/lib/libcalico_ds9.a(tick.o)
                0x020064b8                tickInit
 .text.tickGetCount
                0x02006558       0x5c /opt/devkitpro/calico/lib/libcalico_ds9.a(tick.o)
                0x02006558                tickGetCount
 .text._tickTaskIsr
                0x020065b4      0x110 /opt/devkitpro/calico/lib/libcalico_ds9.a(tick.o)
 .text.tickTaskStart
                0x020066c4      0x144 /opt/devkitpro/calico/lib/libcalico_ds9.a(tick.o)
                0x020066c4                tickTaskStart
 .text.mailboxTrySend
                0x02006808       0x98 /opt/devkitpro/calico/lib/libcalico_ds9.a(mailbox.o)
                0x02006808                mailboxTrySend
 .text.mailboxRecv
                0x020068a0       0x98 /opt/devkitpro/calico/lib/libcalico_ds9.a(mailbox.o)
                0x020068a0                mailboxRecv
 .text.__syscall_getreent
                0x02006938       0x14 /opt/devkitpro/calico/lib/libcalico_ds9.a(newlib_syscalls.o)
                0x02006938                __syscall_getreent
 .text.__errno  0x0200694c       0x24 /opt/devkitpro/calico/lib/libcalico_ds9.a(newlib_syscalls.o)
                0x0200694c                __errno
 .text.__syscall_lock_acquire
                0x02006970        0x4 /opt/devkitpro/calico/lib/libcalico_ds9.a(newlib_syscalls.o)
                0x02006970                __syscall_lock_acquire
 .text.__syscall_lock_release
                0x02006974        0x4 /opt/devkitpro/calico/lib/libcalico_ds9.a(newlib_syscalls.o)
                0x02006974                __syscall_lock_release
 .text.__syscall_lock_acquire_recursive
                0x02006978       0x4c /opt/devkitpro/calico/lib/libcalico_ds9.a(newlib_syscalls.o)
                0x02006978                __syscall_lock_acquire_recursive
 .text.__syscall_lock_release_recursive
                0x020069c4       0x18 /opt/devkitpro/calico/lib/libcalico_ds9.a(newlib_syscalls.o)
                0x020069c4                __syscall_lock_release_recursive
 .text._pxiMailboxHandler
                0x020069dc        0x4 /opt/devkitpro/calico/lib/libcalico_ds9.a(pxi.o)
 .text._pxiRecvUnhandled
                0x020069e0        0x4 /opt/devkitpro/calico/lib/libcalico_ds9.a(pxi.o)
                0x020069e0                _pxiRecvUnhandled
 .text._pxiRecvIrqHandler
                0x020069e4      0x154 /opt/devkitpro/calico/lib/libcalico_ds9.a(pxi.o)
 .text._pxiInit
                0x02006b38       0x58 /opt/devkitpro/calico/lib/libcalico_ds9.a(pxi.o)
                0x02006b38                _pxiInit
 .text.pxiSetHandler
                0x02006b90       0x74 /opt/devkitpro/calico/lib/libcalico_ds9.a(pxi.o)
                0x02006b90                pxiSetHandler
 .text.pxiSetMailbox
                0x02006c04       0x68 /opt/devkitpro/calico/lib/libcalico_ds9.a(pxi.o)
                0x02006c04                pxiSetMailbox
 .text.pxiWaitRemote
                0x02006c6c       0x38 /opt/devkitpro/calico/lib/libcalico_ds9.a(pxi.o)
                0x02006c6c                pxiWaitRemote
 .text.pxiSendPacket
                0x02006ca4       0x50 /opt/devkitpro/calico/lib/libcalico_ds9.a(pxi.o)
                0x02006ca4                pxiSendPacket
 .text.systemUserStartup
                0x02006cf4        0x4 /opt/devkitpro/calico/lib/libcalico_ds9.a(sys_startup.o)
                0x02006cf4                systemUserStartup
 .text.systemStartup
                0x02006cf8      0x110 /opt/devkitpro/calico/lib/libcalico_ds9.a(sys_startup.o)
                0x02006cf8                systemStartup
 .text.irqSet   0x02006e08       0x64 /opt/devkitpro/calico/lib/libcalico_ds9.a(irq.o)
                0x02006e08                irqSet
 .text          0x02006e6c      0x148 /opt/devkitpro/devkitARM/lib/gcc/arm-none-eabi/16.1.0/libgcc.a(_divsi3.o)
                0x02006e6c                __aeabi_idiv
                0x02006e6c                __divsi3
                0x02006f94                __aeabi_idivmod
 .text          0x02006fb4        0x4 /opt/devkitpro/devkitARM/lib/gcc/arm-none-eabi/16.1.0/libgcc.a(_dvmd_tls.o)
                0x02006fb4                __aeabi_ldiv0
                0x02006fb4                __aeabi_idiv0
 .text          0x02006fb8       0x3c /opt/devkitpro/devkitARM/lib/gcc/arm-none-eabi/16.1.0/libgcc.a(_aeabi_uldivmod.o)
                0x02006fb8                __aeabi_uldivmod
 .text.__udivmoddi4
                0x02006ff4      0x140 /opt/devkitpro/devkitARM/lib/gcc/arm-none-eabi/16.1.0/libgcc.a(_udivmoddi4.o)
                0x02006ff4                __udivmoddi4
 .text          0x02007134       0x28 /opt/devkitpro/devkitARM/lib/gcc/arm-none-eabi/16.1.0/libgcc.a(_clzdi2.o)
                0x02007134                __clzdi2
 .text          0x0200715c       0x48 /opt/devkitpro/devkitARM/lib/gcc/arm-none-eabi/16.1.0/libgcc.a(_clzsi2.o)
                0x0200715c                __clzsi2
 .text.memcpy   0x020071a4      0x124 /opt/devkitpro/devkitARM/lib/gcc/arm-none-eabi/16.1.0/../../../../arm-none-eabi/lib/libg.a(libc_a-memcpy-stub.o)
                0x020071a4                memcpy
 .text.viprintf
                0x020072c8       0x30 /opt/devkitpro/devkitARM/lib/gcc/arm-none-eabi/16.1.0/../../../../arm-none-eabi/lib/libg.a(libc_a-viprintf.o)
                0x020072c8                viprintf
 .text.memset   0x020072f8       0xf4 /opt/devkitpro/devkitARM/lib/gcc/arm-none-eabi/16.1.0/../../../../arm-none-eabi/lib/libg.a(libc_a-memset.o)
                0x020072f8                memset
 .text.realloc  0x020073ec       0x2c /opt/devkitpro/devkitARM/lib/gcc/arm-none-eabi/16.1.0/../../../../arm-none-eabi/lib/libg.a(libc_a-realloc.o)
                0x020073ec                realloc
 .text._malloc_r
                0x02007418      0x804 /opt/devkitpro/devkitARM/lib/gcc/arm-none-eabi/16.1.0/../../../../arm-none-eabi/lib/libg.a(libc_a-mallocr.o)
                0x02007418                _malloc_r
 .text._malloc_trim_r
                0x02007c1c      0x11c /opt/devkitpro/devkitARM/lib/gcc/arm-none-eabi/16.1.0/../../../../arm-none-eabi/lib/libg.a(libc_a-freer.o)
                0x02007c1c                _malloc_trim_r
 .text._free_r  0x02007d38      0x2fc /opt/devkitpro/devkitARM/lib/gcc/arm-none-eabi/16.1.0/../../../../arm-none-eabi/lib/libg.a(libc_a-freer.o)
                0x02007d38                _free_r
 .text.setvbuf  0x02008034      0x29c /opt/devkitpro/devkitARM/lib/gcc/arm-none-eabi/16.1.0/../../../../arm-none-eabi/lib/libg.a(libc_a-setvbuf.o)
                0x02008034                setvbuf
 .text.stdio_exit_handler
                0x020082d0       0x28 /opt/devkitpro/devkitARM/lib/gcc/arm-none-eabi/16.1.0/../../../../arm-none-eabi/lib/libg.a(libc_a-findfp.o)
 .text.cleanup_stdio
                0x020082f8       0x54 /opt/devkitpro/devkitARM/lib/gcc/arm-none-eabi/16.1.0/../../../../arm-none-eabi/lib/libg.a(libc_a-findfp.o)
 .text.global_stdio_init.part.0
                0x0200834c      0x158 /opt/devkitpro/devkitARM/lib/gcc/arm-none-eabi/16.1.0/../../../../arm-none-eabi/lib/libg.a(libc_a-findfp.o)
 .text.__sinit  0x020084a4       0x64 /opt/devkitpro/devkitARM/lib/gcc/arm-none-eabi/16.1.0/../../../../arm-none-eabi/lib/libg.a(libc_a-findfp.o)
                0x020084a4                __sinit
 .text.__sfp_lock_acquire
                0x02008508       0x18 /opt/devkitpro/devkitARM/lib/gcc/arm-none-eabi/16.1.0/../../../../arm-none-eabi/lib/libg.a(libc_a-findfp.o)
                0x02008508                __sfp_lock_acquire
 .text.__sfp_lock_release
                0x02008520       0x18 /opt/devkitpro/devkitARM/lib/gcc/arm-none-eabi/16.1.0/../../../../arm-none-eabi/lib/libg.a(libc_a-findfp.o)
                0x02008520                __sfp_lock_release
 .text.__libc_init_array
                0x02008538       0x90 /opt/devkitpro/devkitARM/lib/gcc/arm-none-eabi/16.1.0/../../../../arm-none-eabi/lib/libg.a(libc_a-init.o)
                0x02008538                __libc_init_array
 .text.malloc   0x020085c8       0x48 /opt/devkitpro/devkitARM/lib/gcc/arm-none-eabi/16.1.0/../../../../arm-none-eabi/lib/libg.a(libc_a-malloc.o)
                0x020085c8                malloc
 .text.free     0x02008610       0x24 /opt/devkitpro/devkitARM/lib/gcc/arm-none-eabi/16.1.0/../../../../arm-none-eabi/lib/libg.a(libc_a-malloc.o)
                0x02008610                free
 .text.siscanf  0x02008634       0x78 /opt/devkitpro/devkitARM/lib/gcc/arm-none-eabi/16.1.0/../../../../arm-none-eabi/lib/libg.a(libc_a-siscanf.o)
                0x02008634                siscanf
 .text.__sread  0x020086ac       0x4c /opt/devkitpro/devkitARM/lib/gcc/arm-none-eabi/16.1.0/../../../../arm-none-eabi/lib/libg.a(libc_a-stdio.o)
                0x020086ac                __sread
 .text.__seofread
                0x020086f8        0x8 /opt/devkitpro/devkitARM/lib/gcc/arm-none-eabi/16.1.0/../../../../arm-none-eabi/lib/libg.a(libc_a-stdio.o)
                0x020086f8                __seofread
 .text.__swrite
                0x02008700       0x6c /opt/devkitpro/devkitARM/lib/gcc/arm-none-eabi/16.1.0/../../../../arm-none-eabi/lib/libg.a(libc_a-stdio.o)
                0x02008700                __swrite
 .text.__sseek  0x0200876c       0x48 /opt/devkitpro/devkitARM/lib/gcc/arm-none-eabi/16.1.0/../../../../arm-none-eabi/lib/libg.a(libc_a-stdio.o)
                0x0200876c                __sseek
 .text.__sclose
                0x020087b4       0x14 /opt/devkitpro/devkitARM/lib/gcc/arm-none-eabi/16.1.0/../../../../arm-none-eabi/lib/libg.a(libc_a-stdio.o)
                0x020087b4                __sclose
 .text._realloc_r
                0x020087c8      0x51c /opt/devkitpro/devkitARM/lib/gcc/arm-none-eabi/16.1.0/../../../../arm-none-eabi/lib/libg.a(libc_a-reallocr.o)
                0x020087c8                _realloc_r
 .text.iprintf  0x02008ce4       0x34 /opt/devkitpro/devkitARM/lib/gcc/arm-none-eabi/16.1.0/../../../../arm-none-eabi/lib/libg.a(libc_a-iprintf.o)
                0x02008ce4                iprintf
 .text.__malloc_lock
                0x02008d18       0x18 /opt/devkitpro/devkitARM/lib/gcc/arm-none-eabi/16.1.0/../../../../arm-none-eabi/lib/libg.a(libc_a-mlock.o)
                0x02008d18                __malloc_lock
 .text.__malloc_unlock
                0x02008d30       0x18 /opt/devkitpro/devkitARM/lib/gcc/arm-none-eabi/16.1.0/../../../../arm-none-eabi/lib/libg.a(libc_a-mlock.o)
                0x02008d30                __malloc_unlock
 .text._fclose_r
                0x02008d48      0x150 /opt/devkitpro/devkitARM/lib/gcc/arm-none-eabi/16.1.0/../../../../arm-none-eabi/lib/libg.a(libc_a-fclose.o)
                0x02008d48                _fclose_r
 .text.__call_exitprocs
                0x02008e98       0x10 /opt/devkitpro/devkitARM/lib/gcc/arm-none-eabi/16.1.0/../../../../arm-none-eabi/lib/libg.a(libc_a-exit.o)
                0x02008e98                __call_exitprocs
 .text.__libc_fini_array
                0x02008ea8       0x44 /opt/devkitpro/devkitARM/lib/gcc/arm-none-eabi/16.1.0/../../../../arm-none-eabi/lib/libg.a(libc_a-fini.o)
                0x02008ea8                __libc_fini_array
 .text.get_arg  0x02008eec      0x5fc /opt/devkitpro/devkitARM/lib/gcc/arm-none-eabi/16.1.0/../../../../arm-none-eabi/lib/libg.a(libc_a-vfiprintf.o)
 .text._vfiprintf_r
                0x020094e8     0x2344 /opt/devkitpro/devkitARM/lib/gcc/arm-none-eabi/16.1.0/../../../../arm-none-eabi/lib/libg.a(libc_a-vfiprintf.o)
                0x020094e8                _vfiprintf_r
 .text.__sbprintf
                0x0200b82c       0xb8 /opt/devkitpro/devkitARM/lib/gcc/arm-none-eabi/16.1.0/../../../../arm-none-eabi/lib/libg.a(libc_a-vfiprintf.o)
 .text.strlen   0x0200b8e4       0x90 /opt/devkitpro/devkitARM/lib/gcc/arm-none-eabi/16.1.0/../../../../arm-none-eabi/lib/libg.a(libc_a-strlen.o)
                0x0200b8e4                strlen
 .text._fwalk_sglue
                0x0200b974       0x78 /opt/devkitpro/devkitARM/lib/gcc/arm-none-eabi/16.1.0/../../../../arm-none-eabi/lib/libg.a(libc_a-fwalk.o)
                0x0200b974                _fwalk_sglue
 .text._wcrtomb_r
                0x0200b9ec       0xac /opt/devkitpro/devkitARM/lib/gcc/arm-none-eabi/16.1.0/../../../../arm-none-eabi/lib/libg.a(libc_a-wcrtomb.o)
                0x0200b9ec                _wcrtomb_r
 .text._memalign_r
                0x0200ba98      0x188 /opt/devkitpro/devkitARM/lib/gcc/arm-none-eabi/16.1.0/../../../../arm-none-eabi/lib/libg.a(libc_a-malignr.o)
                0x0200ba98                _memalign_r
 .text.__smakebuf_r
                0x0200bc20      0x168 /opt/devkitpro/devkitARM/lib/gcc/arm-none-eabi/16.1.0/../../../../arm-none-eabi/lib/libg.a(libc_a-makebuf.o)
                0x0200bc20                __smakebuf_r
 .text.__swhatbuf_r
                0x0200bd88       0x84 /opt/devkitpro/devkitARM/lib/gcc/arm-none-eabi/16.1.0/../../../../arm-none-eabi/lib/libg.a(libc_a-makebuf.o)
                0x0200bd88                __swhatbuf_r
 .text.__locale_mb_cur_max
                0x0200be0c       0x28 /opt/devkitpro/devkitARM/lib/gcc/arm-none-eabi/16.1.0/../../../../arm-none-eabi/lib/libg.a(libc_a-locale.o)
                0x0200be0c                __locale_mb_cur_max
 .text.__sflush_r
                0x0200be34      0x248 /opt/devkitpro/devkitARM/lib/gcc/arm-none-eabi/16.1.0/../../../../arm-none-eabi/lib/libg.a(libc_a-fflush.o)
                0x0200be34                __sflush_r
 .text._fflush_r
                0x0200c07c       0xcc /opt/devkitpro/devkitARM/lib/gcc/arm-none-eabi/16.1.0/../../../../arm-none-eabi/lib/libg.a(libc_a-fflush.o)
                0x0200c07c                _fflush_r
 .text.__sprint_r
                0x0200c148       0x34 /opt/devkitpro/devkitARM/lib/gcc/arm-none-eabi/16.1.0/../../../../arm-none-eabi/lib/libg.a(libc_a-sprint_r.o)
                0x0200c148                __sprint_r
 .text.get_arg  0x0200c17c       0x54 /opt/devkitpro/devkitARM/lib/gcc/arm-none-eabi/16.1.0/../../../../arm-none-eabi/lib/libg.a(libc_a-svfiscanf.o)
 .text._sungetc_r
                0x0200c1d0       0xe8 /opt/devkitpro/devkitARM/lib/gcc/arm-none-eabi/16.1.0/../../../../arm-none-eabi/lib/libg.a(libc_a-svfiscanf.o)
                0x0200c1d0                _sungetc_r
 .text.__ssrefill_r
                0x0200c2b8       0x68 /opt/devkitpro/devkitARM/lib/gcc/arm-none-eabi/16.1.0/../../../../arm-none-eabi/lib/libg.a(libc_a-svfiscanf.o)
                0x0200c2b8                __ssrefill_r
 .text._sfread_r
                0x0200c320       0xb8 /opt/devkitpro/devkitARM/lib/gcc/arm-none-eabi/16.1.0/../../../../arm-none-eabi/lib/libg.a(libc_a-svfiscanf.o)
                0x0200c320                _sfread_r
 .text.__ssvfiscanf_r
                0x0200c3d8     0x22d4 /opt/devkitpro/devkitARM/lib/gcc/arm-none-eabi/16.1.0/../../../../arm-none-eabi/lib/libg.a(libc_a-svfiscanf.o)
                0x0200c3d8                __ssvfiscanf_r
 .text._strtol_l.part.0
                0x0200e6ac      0x388 /opt/devkitpro/devkitARM/lib/gcc/arm-none-eabi/16.1.0/../../../../arm-none-eabi/lib/libg.a(libc_a-strtol.o)
 .text._strtol_r
                0x0200ea34       0x70 /opt/devkitpro/devkitARM/lib/gcc/arm-none-eabi/16.1.0/../../../../arm-none-eabi/lib/libg.a(libc_a-strtol.o)
                0x0200ea34                _strtol_r
 .text.strncpy  0x0200eaa4       0xdc /opt/devkitpro/devkitARM/lib/gcc/arm-none-eabi/16.1.0/../../../../arm-none-eabi/lib/libg.a(libc_a-strncpy.o)
                0x0200eaa4                strncpy
 .text.memchr   0x0200eb80       0xf4 /opt/devkitpro/devkitARM/lib/gcc/arm-none-eabi/16.1.0/../../../../arm-none-eabi/lib/libg.a(libc_a-memchr-stub.o)
                0x0200eb80                memchr
 .text._wcsrtombs_r
                0x0200ec74       0x2c /opt/devkitpro/devkitARM/lib/gcc/arm-none-eabi/16.1.0/../../../../arm-none-eabi/lib/libg.a(libc_a-wcsrtombs.o)
                0x0200ec74                _wcsrtombs_r
 .text.__swsetup_r
                0x0200eca0      0x148 /opt/devkitpro/devkitARM/lib/gcc/arm-none-eabi/16.1.0/../../../../arm-none-eabi/lib/libg.a(libc_a-wsetup.o)
                0x0200eca0                __swsetup_r
 .text._localeconv_r
                0x0200ede8       0x28 /opt/devkitpro/devkitARM/lib/gcc/arm-none-eabi/16.1.0/../../../../arm-none-eabi/lib/libg.a(libc_a-localeconv.o)
                0x0200ede8                _localeconv_r
 .text.memmove  0x0200ee10      0x1b4 /opt/devkitpro/devkitARM/lib/gcc/arm-none-eabi/16.1.0/../../../../arm-none-eabi/lib/libg.a(libc_a-memmove.o)
                0x0200ee10                memmove
 .text.__utf8_wctomb
                0x0200efc4       0xf8 /opt/devkitpro/devkitARM/lib/gcc/arm-none-eabi/16.1.0/../../../../arm-none-eabi/lib/libg.a(libc_a-wctomb_r.o)
                0x0200efc4                __utf8_wctomb
 .text._wcsnrtombs_l
                0x0200f0bc      0x16c /opt/devkitpro/devkitARM/lib/gcc/arm-none-eabi/16.1.0/../../../../arm-none-eabi/lib/libg.a(libc_a-wcsnrtombs.o)
                0x0200f0bc                _wcsnrtombs_l
 .text._wcsnrtombs_r
                0x0200f228       0x68 /opt/devkitpro/devkitARM/lib/gcc/arm-none-eabi/16.1.0/../../../../arm-none-eabi/lib/libg.a(libc_a-wcsnrtombs.o)
                0x0200f228                _wcsnrtombs_r
 .text.iswspace
                0x0200f290       0x14 /opt/devkitpro/devkitARM/lib/gcc/arm-none-eabi/16.1.0/../../../../arm-none-eabi/lib/libg.a(libc_a-iswspace.o)
                0x0200f290                iswspace
 .text._strtoull_l.isra.0
                0x0200f2a4      0x268 /opt/devkitpro/devkitARM/lib/gcc/arm-none-eabi/16.1.0/../../../../arm-none-eabi/lib/libg.a(libc_a-strtoull.o)
 .text._strtoull_r
                0x0200f50c       0x38 /opt/devkitpro/devkitARM/lib/gcc/arm-none-eabi/16.1.0/../../../../arm-none-eabi/lib/libg.a(libc_a-strtoull.o)
                0x0200f50c                _strtoull_r
 .text._strtoul_l.isra.0
                0x0200f544      0x1f0 /opt/devkitpro/devkitARM/lib/gcc/arm-none-eabi/16.1.0/../../../../arm-none-eabi/lib/libg.a(libc_a-strtoul.o)
 .text._strtoul_r
                0x0200f734       0x38 /opt/devkitpro/devkitARM/lib/gcc/arm-none-eabi/16.1.0/../../../../arm-none-eabi/lib/libg.a(libc_a-strtoul.o)
                0x0200f734                _strtoul_r
 .text.__submore
                0x0200f76c       0xbc /opt/devkitpro/devkitARM/lib/gcc/arm-none-eabi/16.1.0/../../../../arm-none-eabi/lib/libg.a(libc_a-ungetc.o)
                0x0200f76c                __submore
 .text.__utf8_mbtowc
                0x0200f828      0x344 /opt/devkitpro/devkitARM/lib/gcc/arm-none-eabi/16.1.0/../../../../arm-none-eabi/lib/libg.a(libc_a-mbtowc_r.o)
                0x0200f828                __utf8_mbtowc
 .text._mbrtowc_r
                0x0200fb6c       0xd0 /opt/devkitpro/devkitARM/lib/gcc/arm-none-eabi/16.1.0/../../../../arm-none-eabi/lib/libg.a(libc_a-mbrtowc.o)
                0x0200fb6c                _mbrtowc_r
 .text.__sfvwrite_r
                0x0200fc3c      0x4b4 /opt/devkitpro/devkitARM/lib/gcc/arm-none-eabi/16.1.0/../../../../arm-none-eabi/lib/libg.a(libc_a-fvwrite.o)
                0x0200fc3c                __sfvwrite_r
 .text.__sccl   0x020100f0       0xe8 /opt/devkitpro/devkitARM/lib/gcc/arm-none-eabi/16.1.0/../../../../arm-none-eabi/lib/libg.a(libc_a-sccl.o)
                0x020100f0                __sccl
 .text._strtoll_l.isra.0
                0x020101d8      0x49c /opt/devkitpro/devkitARM/lib/gcc/arm-none-eabi/16.1.0/../../../../arm-none-eabi/lib/libg.a(libc_a-strtoll.o)
 .text._strtoll_r
                0x02010674       0x38 /opt/devkitpro/devkitARM/lib/gcc/arm-none-eabi/16.1.0/../../../../arm-none-eabi/lib/libg.a(libc_a-strtoll.o)
                0x02010674                _strtoll_r
 .text.iswspace_l
                0x020106ac       0x40 /opt/devkitpro/devkitARM/lib/gcc/arm-none-eabi/16.1.0/../../../../arm-none-eabi/lib/libg.a(libc_a-iswspace_l.o)
                0x020106ac                iswspace_l
 .text.category
                0x020106ec       0x98 /opt/devkitpro/devkitARM/lib/gcc/arm-none-eabi/16.1.0/../../../../arm-none-eabi/lib/libg.a(libc_a-categories.o)
                0x020106ec                category
 .text._exit    0x02010784       0x20 /opt/devkitpro/devkitARM/lib/gcc/arm-none-eabi/16.1.0/../../../../arm-none-eabi/lib/libsysbase.a(libsysbase_libsysbase_a-_exit.o)
                0x02010784                _exit
 .text._fstat_r
                0x020107a4       0xa0 /opt/devkitpro/devkitARM/lib/gcc/arm-none-eabi/16.1.0/../../../../arm-none-eabi/lib/libsysbase.a(libsysbase_libsysbase_a-fstat.o)
                0x020107a4                _fstat_r
 .text.__getreent
                0x02010844       0x30 /opt/devkitpro/devkitARM/lib/gcc/arm-none-eabi/16.1.0/../../../../arm-none-eabi/lib/libsysbase.a(libsysbase_libsysbase_a-getreent.o)
                0x02010844                __getreent
 .text.__get_handle
                0x02010874       0x5c /opt/devkitpro/devkitARM/lib/gcc/arm-none-eabi/16.1.0/../../../../arm-none-eabi/lib/libsysbase.a(libsysbase_libsysbase_a-handle_manager.o)
                0x02010874                __get_handle
 .text._close_r
                0x020108d0      0x118 /opt/devkitpro/devkitARM/lib/gcc/arm-none-eabi/16.1.0/../../../../arm-none-eabi/lib/libsysbase.a(libsysbase_libsysbase_a-handle_manager.o)
                0x020108d0                _close_r
 .text.null_write
                0x020109e8        0x8 /opt/devkitpro/devkitARM/lib/gcc/arm-none-eabi/16.1.0/../../../../arm-none-eabi/lib/libsysbase.a(libsysbase_libsysbase_a-iosupport.o)
 .text._isatty_r
                0x020109f0        0x8 /opt/devkitpro/devkitARM/lib/gcc/arm-none-eabi/16.1.0/../../../../arm-none-eabi/lib/libsysbase.a(libsysbase_libsysbase_a-isatty.o)
                0x020109f0                _isatty_r
 .text._lseek_r
                0x020109f8       0x98 /opt/devkitpro/devkitARM/lib/gcc/arm-none-eabi/16.1.0/../../../../arm-none-eabi/lib/libsysbase.a(libsysbase_libsysbase_a-lseek.o)
                0x020109f8                _lseek_r
 .text._read_r  0x02010a90       0x98 /opt/devkitpro/devkitARM/lib/gcc/arm-none-eabi/16.1.0/../../../../arm-none-eabi/lib/libsysbase.a(libsysbase_libsysbase_a-read.o)
                0x02010a90                _read_r
 .text._sbrk_r  0x02010b28       0x78 /opt/devkitpro/devkitARM/lib/gcc/arm-none-eabi/16.1.0/../../../../arm-none-eabi/lib/libsysbase.a(libsysbase_libsysbase_a-sbrk.o)
                0x02010b28                _sbrk_r
 .text.__libc_lock_acquire
                0x02010ba0       0x20 /opt/devkitpro/devkitARM/lib/gcc/arm-none-eabi/16.1.0/../../../../arm-none-eabi/lib/libsysbase.a(libsysbase_libsysbase_a-syscall_support.o)
                0x02010ba0                __libc_lock_acquire
 .text.__libc_lock_release
                0x02010bc0       0x20 /opt/devkitpro/devkitARM/lib/gcc/arm-none-eabi/16.1.0/../../../../arm-none-eabi/lib/libsysbase.a(libsysbase_libsysbase_a-syscall_support.o)
                0x02010bc0                __libc_lock_release
 .text.__libc_lock_acquire_recursive
                0x02010be0       0x20 /opt/devkitpro/devkitARM/lib/gcc/arm-none-eabi/16.1.0/../../../../arm-none-eabi/lib/libsysbase.a(libsysbase_libsysbase_a-syscall_support.o)
                0x02010be0                __libc_lock_acquire_recursive
 .text.__libc_lock_release_recursive
                0x02010c00       0x20 /opt/devkitpro/devkitARM/lib/gcc/arm-none-eabi/16.1.0/../../../../arm-none-eabi/lib/libsysbase.a(libsysbase_libsysbase_a-syscall_support.o)
                0x02010c00                __libc_lock_release_recursive
 .text._write_r
                0x02010c20       0x98 /opt/devkitpro/devkitARM/lib/gcc/arm-none-eabi/16.1.0/../../../../arm-none-eabi/lib/libsysbase.a(libsysbase_libsysbase_a-write.o)
                0x02010c20                _write_r
 .text          0x02010cb8      0x114 /opt/devkitpro/devkitARM/lib/gcc/arm-none-eabi/16.1.0/libgcc.a(_udivsi3.o)
                0x02010cb8                __udivsi3
                0x02010cb8                __aeabi_uidiv
                0x02010dac                __aeabi_uidivmod
 EXCLUDE_FILE(*.twl.*) *(.glue_7t .glue_7 .vfp11_veneer .v4_bx)
 .glue_7        0x02010dcc        0x0 linker stubs
 .glue_7t       0x02010dcc        0x0 linker stubs
 .vfp11_veneer  0x02010dcc        0x0 linker stubs
 .v4_bx         0x02010dcc        0x0 linker stubs
 *(SORT_NONE(.fini))
 .fini          0x02010dcc        0xc /opt/devkitpro/devkitARM/lib/gcc/arm-none-eabi/16.1.0/crti.o
                0x02010dcc                _fini
 .fini          0x02010dd8        0xc /opt/devkitpro/devkitARM/lib/gcc/arm-none-eabi/16.1.0/crtn.o
 *fill*         0x02010de4        0x4 ff
 .fini.__stub   0x02010de8        0x8 linker stubs
 EXCLUDE_FILE(*.twl.*) *(.rodata .rodata.* .gnu.linkonce.r.*)
 .rodata        0x02010df0      0x220 spr_blast.o
                0x02010df0                spr_blastTiles
                0x02010ff0                spr_blastPal
 .rodata        0x02011010      0x820 spr_boss.o
                0x02011010                spr_bossTiles
                0x02011810                spr_bossPal
 .rodata        0x02011830       0xa0 spr_shots.o
                0x02011830                spr_shotsTiles
                0x020118b0                spr_shotsPal
 .rodata        0x020118d0      0x120 spr_tie.o
                0x020118d0                spr_tieTiles
                0x020119d0                spr_tiePal
 .rodata        0x020119f0      0x620 spr_xwing.o
                0x020119f0                spr_xwingTiles
                0x02011ff0                spr_xwingPal
 .rodata.enemyUpdate
                0x02012010        0x4 enemy.o
 .rodata.drawStatus.str1.4
                0x02012014      0x414 hud.o
                                 0x6e (size before relaxing)
 .rodata.hudDraw.str1.4
                0x02012428        0x0 hud.o
                                0x23e (size before relaxing)
 .rodata.hudDraw
                0x02012428        0x6 hud.o
 .rodata.main   0x0201242e        0x6 main.o
 .rodata.rate.0
                0x02012434       0x10 player.o
 .rodata.starInit.str1.4
                0x02012444        0x0 starfield.o
                                 0x88 (size before relaxing)
 .rodata.spot.0
                0x02012444       0x15 starfield.o
 *fill*         0x02012459        0x7 ff
 .rodata.stage  0x02012460      0x150 wave.o
 .rodata.con_write.str1.4
                0x020125b0        0x0 /opt/devkitpro/libnds/lib/libnds9.a(console.o)
                                 0x30 (size before relaxing)
 .rodata.con_write
                0x020125b0       0xd4 /opt/devkitpro/libnds/lib/libnds9.a(console.o)
 .rodata.consoleClear.str1.4
                0x02012684        0x0 /opt/devkitpro/libnds/lib/libnds9.a(console.o)
                                  0x5 (size before relaxing)
 .rodata.str1.4
                0x02012684        0x0 /opt/devkitpro/libnds/lib/libnds9.a(console.o)
                                 0x14 (size before relaxing)
 .rodata.dotab_stdout
                0x02012684       0x80 /opt/devkitpro/libnds/lib/libnds9.a(console.o)
 .rodata.__sassert.str1.4
                0x02012704        0x0 /opt/devkitpro/libnds/lib/libnds9.a(sassert.o)
                                 0x42 (size before relaxing)
 .rodata.SIN_LUT
                0x02012704      0x102 /opt/devkitpro/libnds/lib/libnds9.a(trig.o)
                0x02012704                SIN_LUT
 *fill*         0x02012806        0x2 ff
 .rodata.default_font_bin
                0x02012808      0x800 /opt/devkitpro/libnds/lib/libnds9.a(default_font.bin.o)
                0x02012808                default_font_bin
                0x02013008                default_font_bin_end
 .rodata.get_arg
                0x02013008       0x34 /opt/devkitpro/devkitARM/lib/gcc/arm-none-eabi/16.1.0/../../../../arm-none-eabi/lib/libg.a(libc_a-vfiprintf.o)
 .rodata._vfiprintf_r.str1.1
                0x0201303c       0x29 /opt/devkitpro/devkitARM/lib/gcc/arm-none-eabi/16.1.0/../../../../arm-none-eabi/lib/libg.a(libc_a-vfiprintf.o)
 *fill*         0x02013065        0x1 ff
 .rodata._vfiprintf_r
                0x02013066       0xb6 /opt/devkitpro/devkitARM/lib/gcc/arm-none-eabi/16.1.0/../../../../arm-none-eabi/lib/libg.a(libc_a-vfiprintf.o)
 .rodata.zeroes.0
                0x0201311c       0x10 /opt/devkitpro/devkitARM/lib/gcc/arm-none-eabi/16.1.0/../../../../arm-none-eabi/lib/libg.a(libc_a-vfiprintf.o)
 .rodata.blanks.1
                0x0201312c       0x10 /opt/devkitpro/devkitARM/lib/gcc/arm-none-eabi/16.1.0/../../../../arm-none-eabi/lib/libg.a(libc_a-vfiprintf.o)
 .rodata.__action_table
                0x0201313c       0x6c /opt/devkitpro/devkitARM/lib/gcc/arm-none-eabi/16.1.0/../../../../arm-none-eabi/lib/libg.a(libc_a-svfiprintf.o)
                0x0201313c                __action_table
 .rodata.__state_table
                0x020131a8       0x6c /opt/devkitpro/devkitARM/lib/gcc/arm-none-eabi/16.1.0/../../../../arm-none-eabi/lib/libg.a(libc_a-svfiprintf.o)
                0x020131a8                __state_table
 .rodata.__chclass
                0x02013214      0x100 /opt/devkitpro/devkitARM/lib/gcc/arm-none-eabi/16.1.0/../../../../arm-none-eabi/lib/libg.a(libc_a-svfiprintf.o)
                0x02013214                __chclass
 .rodata.str1.4
                0x02013314        0x0 /opt/devkitpro/devkitARM/lib/gcc/arm-none-eabi/16.1.0/../../../../arm-none-eabi/lib/libg.a(libc_a-locale.o)
                                 0x4c (size before relaxing)
 .rodata.__ssvfiscanf_r
                0x02013314       0x7f /opt/devkitpro/devkitARM/lib/gcc/arm-none-eabi/16.1.0/../../../../arm-none-eabi/lib/libg.a(libc_a-svfiscanf.o)
 *fill*         0x02013393        0x1 ff
 .rodata.basefix.0
                0x02013394       0x22 /opt/devkitpro/devkitARM/lib/gcc/arm-none-eabi/16.1.0/../../../../arm-none-eabi/lib/libg.a(libc_a-svfiscanf.o)
 *fill*         0x020133b6        0x2 ff
 .rodata._ctype_
                0x020133b8      0x101 /opt/devkitpro/devkitARM/lib/gcc/arm-none-eabi/16.1.0/../../../../arm-none-eabi/lib/libg.a(libc_a-ctype_.o)
                0x020133b8                _ctype_
 .rodata._mbrtowc_r.str1.4
                0x020134b9        0x0 /opt/devkitpro/devkitARM/lib/gcc/arm-none-eabi/16.1.0/../../../../arm-none-eabi/lib/libg.a(libc_a-mbrtowc.o)
                                  0x1 (size before relaxing)
 *fill*         0x020134b9        0x3 ff
 .rodata.categories
                0x020134bc     0x37f8 /opt/devkitpro/devkitARM/lib/gcc/arm-none-eabi/16.1.0/../../../../arm-none-eabi/lib/libg.a(libc_a-categories.o)
 .rodata.str1.4
                0x02016cb4        0x0 /opt/devkitpro/devkitARM/lib/gcc/arm-none-eabi/16.1.0/../../../../arm-none-eabi/lib/libsysbase.a(libsysbase_libsysbase_a-iosupport.o)
                                  0x8 (size before relaxing)
 .rodata.dotab_stdnull
                0x02016cb4       0x80 /opt/devkitpro/devkitARM/lib/gcc/arm-none-eabi/16.1.0/../../../../arm-none-eabi/lib/libsysbase.a(libsysbase_libsysbase_a-iosupport.o)
                0x02016cb4                dotab_stdnull
 EXCLUDE_FILE(*.twl.*) *(.rodata1)
                0x02016d34                        . = ALIGN (0x4)

.main.rw        0x02016d38     0x1a08 load address 0x0201ad50
 EXCLUDE_FILE(*.twl.*) *(.data .data.* .gnu.linkonce.d.*)
 .data.bgTransform
                0x02016d38       0x20 /opt/devkitpro/libnds/lib/libnds9.a(background.o)
                0x02016d38                bgTransform
 .data.bgScrollTable
                0x02016d58       0x20 /opt/devkitpro/libnds/lib/libnds9.a(background.o)
                0x02016d58                bgScrollTable
 .data.bgControl
                0x02016d78       0x20 /opt/devkitpro/libnds/lib/libnds9.a(background.o)
                0x02016d78                bgControl
 .data.firstConsoleInit.0
                0x02016d98        0x1 /opt/devkitpro/libnds/lib/libnds9.a(console.o)
 *fill*         0x02016d99        0x3 ff
 .data.currentConsole
                0x02016d9c        0x4 /opt/devkitpro/libnds/lib/libnds9.a(console.o)
                0x02016d9c                currentConsole
 .data.defaultConsole
                0x02016da0       0x5c /opt/devkitpro/libnds/lib/libnds9.a(console.o)
                0x02016da0                defaultConsole
 .data.count    0x02016dfc        0x1 /opt/devkitpro/libnds/lib/libnds9.a(keys.o)
 .data.repeat   0x02016dfd        0x1 /opt/devkitpro/libnds/lib/libnds9.a(keys.o)
 .data.delay    0x02016dfe        0x1 /opt/devkitpro/libnds/lib/libnds9.a(keys.o)
 *fill*         0x02016dff        0x1 ff
 .data.oamMain  0x02016e00       0x18 /opt/devkitpro/libnds/lib/libnds9.a(sprite.o)
                0x02016e00                oamMain
 .data.__malloc_sbrk_base
                0x02016e18        0x4 /opt/devkitpro/devkitARM/lib/gcc/arm-none-eabi/16.1.0/../../../../arm-none-eabi/lib/libg.a(libc_a-mallocr.o)
                0x02016e18                __malloc_sbrk_base
 .data.__malloc_trim_threshold
                0x02016e1c        0x4 /opt/devkitpro/devkitARM/lib/gcc/arm-none-eabi/16.1.0/../../../../arm-none-eabi/lib/libg.a(libc_a-mallocr.o)
                0x02016e1c                __malloc_trim_threshold
 .data.__malloc_av_
                0x02016e20      0x408 /opt/devkitpro/devkitARM/lib/gcc/arm-none-eabi/16.1.0/../../../../arm-none-eabi/lib/libg.a(libc_a-mallocr.o)
                0x02016e20                __malloc_av_
 .data.__sglue  0x02017228        0xc /opt/devkitpro/devkitARM/lib/gcc/arm-none-eabi/16.1.0/../../../../arm-none-eabi/lib/libg.a(libc_a-findfp.o)
                0x02017228                __sglue
 .data._impure_ptr
                0x02017234        0x4 /opt/devkitpro/devkitARM/lib/gcc/arm-none-eabi/16.1.0/../../../../arm-none-eabi/lib/libg.a(libc_a-impure.o)
                0x02017234                _impure_ptr
 .data._impure_data
                0x02017238      0x200 /opt/devkitpro/devkitARM/lib/gcc/arm-none-eabi/16.1.0/../../../../arm-none-eabi/lib/libg.a(libc_a-impure.o)
                0x02017238                _impure_data
 .data.__global_locale
                0x02017438      0x254 /opt/devkitpro/devkitARM/lib/gcc/arm-none-eabi/16.1.0/../../../../arm-none-eabi/lib/libg.a(libc_a-locale.o)
                0x02017438                __global_locale
 *fill*         0x0201768c        0x4 ff
 .data.handles  0x02017690     0x1000 /opt/devkitpro/devkitARM/lib/gcc/arm-none-eabi/16.1.0/../../../../arm-none-eabi/lib/libsysbase.a(libsysbase_libsysbase_a-handle_manager.o)
 .data.__stderr_handle
                0x02018690        0xc /opt/devkitpro/devkitARM/lib/gcc/arm-none-eabi/16.1.0/../../../../arm-none-eabi/lib/libsysbase.a(libsysbase_libsysbase_a-handle_manager.o)
 .data.__stdout_handle
                0x0201869c        0xc /opt/devkitpro/devkitARM/lib/gcc/arm-none-eabi/16.1.0/../../../../arm-none-eabi/lib/libsysbase.a(libsysbase_libsysbase_a-handle_manager.o)
 .data.__stdin_handle
                0x020186a8        0xc /opt/devkitpro/devkitARM/lib/gcc/arm-none-eabi/16.1.0/../../../../arm-none-eabi/lib/libsysbase.a(libsysbase_libsysbase_a-handle_manager.o)
 .data.devoptab_list
                0x020186b4       0x8c /opt/devkitpro/devkitARM/lib/gcc/arm-none-eabi/16.1.0/../../../../arm-none-eabi/lib/libsysbase.a(libsysbase_libsysbase_a-iosupport.o)
                0x020186b4                devoptab_list
 EXCLUDE_FILE(*.twl.*) *(.data1)
 EXCLUDE_FILE(*.twl.*) *(.igot.plt)
 .igot.plt      0x02018740        0x0 /opt/devkitpro/devkitARM/lib/gcc/arm-none-eabi/16.1.0/crtbegin.o
                0x02018740                        . = ALIGN (0x4)

.ARM.extab
 *(.ARM.extab* .gnu.linkonce.armextab.*)

.ARM.exidx      0x02018740        0x0 load address 0x0201c758
 *(.ARM.exidx* .gnu.linkonce.armexidx.*)
                [!provide]                        PROVIDE (__exidx_start = ADDR (.ARM.exidx))
                [!provide]                        PROVIDE (__exidx_end = (ADDR (.ARM.exidx) + SIZEOF (.ARM.exidx)))

.eh_frame_hdr
 *(.eh_frame_hdr)
 *(.eh_frame_entry .eh_frame_entry.*)

.eh_frame       0x02018740        0x4 load address 0x0201c758
 *(.eh_frame)
 .eh_frame      0x02018740        0x0 /opt/devkitpro/devkitARM/lib/gcc/arm-none-eabi/16.1.0/crtbegin.o
 .eh_frame      0x02018740        0x4 /opt/devkitpro/devkitARM/lib/gcc/arm-none-eabi/16.1.0/crtend.o
 *(.eh_frame.*)

.gcc_except_table
 *(.gcc_except_table .gcc_except_table.*)

.gnu_extab
 *(.gnu_extab*)

.tinfo          0x02018744        0xc load address 0x0201c75c
                0x02018744        0x4 LONG 0x2018758 __tls_start
                0x02018748        0x4 LONG 0x0 SIZEOF (.main.tls)
                0x0201874c        0x4 LONG 0x0 SIZEOF (.tdata)
                0x02018744                        PROVIDE (__tls_info = ADDR (.tinfo))

.preinit_array  0x02018750        0x0 load address 0x0201c768
                0x02018750                        PROVIDE (__preinit_array_start = .)
 *(.preinit_array)
                0x02018750                        PROVIDE (__preinit_array_end = .)

.init_array     0x02018750        0x4 load address 0x0201c768
                0x02018750                        PROVIDE (__init_array_start = .)
 *(SORT_BY_INIT_PRIORITY(.init_array.*) SORT_BY_INIT_PRIORITY(.ctors.*))
 *(.init_array .ctors)
 .init_array    0x02018750        0x4 /opt/devkitpro/devkitARM/lib/gcc/arm-none-eabi/16.1.0/crtbegin.o
                0x02018754                        PROVIDE (__init_array_end = .)

.fini_array     0x02018754        0x4 load address 0x0201c76c
                0x02018754                        PROVIDE (__fini_array_start = .)
 *(SORT_BY_INIT_PRIORITY(.fini_array.*) SORT_BY_INIT_PRIORITY(.dtors.*))
 *(.fini_array .dtors)
 .fini_array    0x02018754        0x4 /opt/devkitpro/devkitARM/lib/gcc/arm-none-eabi/16.1.0/crtbegin.o
                0x02018758                        PROVIDE (__fini_array_end = .)
                [!provide]                        PROVIDE (__main_lma = LOADADDR (.main))
                0x020013c0                        PROVIDE (__main_start = ADDR (.main))
                0x02018758                        PROVIDE (__main_end = (ADDR (.fini_array) + SIZEOF (.fini_array)))

.tdata          0x00000000        0x0 load address 0x0201c770
 *(.tdata .tdata.* .gnu.linkonce.td.*)
                0x00000000                        . = ALIGN (0x4)

.tbss           0x00000000        0x0 load address 0x0201c770
 *(.tbss .tbss.* .gnu.linkonce.tb.*)
 *(.tcommon)
                0x00000000                        . = ALIGN (0x4)
                0x00000001                        ASSERT (((ALIGNOF (.tdata) <= 0x8) || (ALIGNOF (.tbss) <= 0x8)), Error: TLS is overaligned (up to 8-byte alignment is supported))
                0x00000001                        ASSERT (((ADDR (.tbss) + SIZEOF (.tbss)) <= (ORIGIN (tls) + LENGTH (tls))), Error: TLS section too large)

.main.tls       0x02018758        0x0
                0x02018758                        . = (. + ((ADDR (.tbss) + SIZEOF (.tbss)) - ADDR (.tdata)))
                [!provide]                        PROVIDE (__tls_lma = LOADADDR (.tdata))
                0x02018758                        PROVIDE (__tls_start = ADDR (.main.tls))
                0x02018758                        PROVIDE (__tls_end = (ADDR (.main.tls) + SIZEOF (.tdata)))

.main.bss       0x02018760     0x1700
 EXCLUDE_FILE(*.twl.*) *(.dynbss)
 EXCLUDE_FILE(*.twl.*) *(.bss .bss.* .gnu.linkonce.b.*)
 .bss.completed.1
                0x02018760        0x1 /opt/devkitpro/devkitARM/lib/gcc/arm-none-eabi/16.1.0/crtbegin.o
 *fill*         0x02018761        0x3 
 .bss.object.0  0x02018764       0x18 /opt/devkitpro/devkitARM/lib/gcc/arm-none-eabi/16.1.0/crtbegin.o
 *fill*         0x0201877c        0x4 
 .bss.boss      0x02018780       0x30 boss.o
                0x02018780                boss
 .bss.fxpool    0x020187b0       0xc0 effect.o
 .bss.enemy     0x02018870      0x200 enemy.o
                0x02018870                enemy
 .bss.g         0x02018a70       0x20 main.o
                0x02018a70                g
 .bss.player    0x02018a90       0x28 player.o
                0x02018a90                player
 .bss.eshot     0x02018ab8      0x320 shot.o
                0x02018ab8                eshot
 .bss.pshot     0x02018dd8      0x1e0 shot.o
                0x02018dd8                pshot
 .bss.tiles.1   0x02018fb8      0x100 starfield.o
 .bss.scrollFar
                0x020190b8        0x4 starfield.o
 .bss.scrollNear
                0x020190bc        0x4 starfield.o
 .bss.bgFar     0x020190c0        0x4 starfield.o
 .bss.bgNear    0x020190c4        0x4 starfield.o
 .bss.gfxBlast  0x020190c8       0x10 video.o
                0x020190c8                gfxBlast
 .bss.gfxShot   0x020190d8       0x10 video.o
                0x020190d8                gfxShot
 .bss.gfxBoss   0x020190e8        0x4 video.o
                0x020190e8                gfxBoss
 .bss.gfxTie    0x020190ec        0x8 video.o
                0x020190ec                gfxTie
 .bss.gfxXwing  0x020190f4        0xc video.o
                0x020190f4                gfxXwing
 .bss.curWave   0x02019100        0x4 wave.o
 .bss.timer     0x02019104        0x4 wave.o
 *fill*         0x02019108       0x18 
 .bss.emitted   0x02019120       0x38 wave.o
 .bss.bgIsTextLut
                0x02019158        0x8 /opt/devkitpro/libnds/lib/libnds9.a(background.o)
                0x02019158                bgIsTextLut
 .bss.bgState   0x02019160      0x140 /opt/devkitpro/libnds/lib/libnds9.a(background.o)
                0x02019160                bgState
 .bss.currentCopy
                0x020192a0       0x5c /opt/devkitpro/libnds/lib/libnds9.a(console.o)
                0x020192a0                currentCopy
 .bss.keysrepeat
                0x020192fc        0x2 /opt/devkitpro/libnds/lib/libnds9.a(keys.o)
 *fill*         0x020192fe        0x2 
 .bss.s_keypad  0x02019300        0x4 /opt/devkitpro/libnds/lib/libnds9.a(keys.o)
 .bss.OamMemory
                0x02019304      0x400 /opt/devkitpro/libnds/lib/libnds9.a(sprite.o)
                0x02019304                OamMemory
 .bss.s_sleepThreads
                0x02019704        0x8 /opt/devkitpro/calico/lib/libcalico_ds9.a(thread_cold.o)
 .bss.s_joinThreads
                0x0201970c        0x8 /opt/devkitpro/calico/lib/libcalico_ds9.a(thread_cold.o)
 .bss.s_idleThread
                0x02019714       0x70 /opt/devkitpro/calico/lib/libcalico_ds9.a(thread_cold.o)
 .bss.s_mainThread
                0x02019784       0x70 /opt/devkitpro/calico/lib/libcalico_ds9.a(thread_cold.o)
 *fill*         0x020197f4        0x4 
 .bss.s_pmPxiThreadStack
                0x020197f8      0x200 /opt/devkitpro/calico/lib/libcalico_ds9.a(pm.o)
 .bss.s_pmPxiThread
                0x020199f8       0x70 /opt/devkitpro/calico/lib/libcalico_ds9.a(pm.o)
 .bss.s_pmState
                0x02019a68        0x8 /opt/devkitpro/calico/lib/libcalico_ds9.a(pm.o)
 .bss.s_firstTask
                0x02019a70        0x4 /opt/devkitpro/calico/lib/libcalico_ds9.a(tick.o)
 *fill*         0x02019a74        0x4 
 .bss.s_highTickCount
                0x02019a78        0x8 /opt/devkitpro/calico/lib/libcalico_ds9.a(tick.o)
 .bss.s_tickInit
                0x02019a80        0x1 /opt/devkitpro/calico/lib/libcalico_ds9.a(tick.o)
 *fill*         0x02019a81        0x3 
 .bss.s_mailboxRecvQueue
                0x02019a84        0x8 /opt/devkitpro/calico/lib/libcalico_ds9.a(mailbox.o)
 .bss.s_defaultErrno.0
                0x02019a8c        0x4 /opt/devkitpro/calico/lib/libcalico_ds9.a(newlib_syscalls.o)
 .bss.__stacksize__
                0x02019a90        0x4 /opt/devkitpro/calico/lib/libcalico_ds9.a(startup.crt0.o)
                0x02019a90                __stacksize__
 .bss.g_isTwlMode
                0x02019a94        0x1 /opt/devkitpro/calico/lib/libcalico_ds9.a(startup.crt0.o)
                0x02019a94                g_isTwlMode
 *fill*         0x02019a95        0x3 
 .bss.s_pxiChannels
                0x02019a98      0x1f0 /opt/devkitpro/calico/lib/libcalico_ds9.a(pxi.o)
 .bss.s_pxiRecvState
                0x02019c88        0x4 /opt/devkitpro/calico/lib/libcalico_ds9.a(pxi.o)
 .bss.s_pxiRecvQueue
                0x02019c8c        0x8 /opt/devkitpro/calico/lib/libcalico_ds9.a(pxi.o)
 .bss.s_pxiSendMutex
                0x02019c94        0x4 /opt/devkitpro/calico/lib/libcalico_ds9.a(pxi.o)
 .bss.__malloc_current_mallinfo
                0x02019c98       0x28 /opt/devkitpro/devkitARM/lib/gcc/arm-none-eabi/16.1.0/../../../../arm-none-eabi/lib/libg.a(libc_a-mallocr.o)
                0x02019c98                __malloc_current_mallinfo
 .bss.__malloc_max_total_mem
                0x02019cc0        0x4 /opt/devkitpro/devkitARM/lib/gcc/arm-none-eabi/16.1.0/../../../../arm-none-eabi/lib/libg.a(libc_a-mallocr.o)
                0x02019cc0                __malloc_max_total_mem
 .bss.__malloc_max_sbrked_mem
                0x02019cc4        0x4 /opt/devkitpro/devkitARM/lib/gcc/arm-none-eabi/16.1.0/../../../../arm-none-eabi/lib/libg.a(libc_a-mallocr.o)
                0x02019cc4                __malloc_max_sbrked_mem
 .bss.__malloc_top_pad
                0x02019cc8        0x4 /opt/devkitpro/devkitARM/lib/gcc/arm-none-eabi/16.1.0/../../../../arm-none-eabi/lib/libg.a(libc_a-mallocr.o)
                0x02019cc8                __malloc_top_pad
 .bss.__sfp_recursive_mutex
                0x02019ccc        0xc /opt/devkitpro/devkitARM/lib/gcc/arm-none-eabi/16.1.0/../../../../arm-none-eabi/lib/libg.a(libc_a-findfp.o)
 .bss.__sf      0x02019cd8      0x168 /opt/devkitpro/devkitARM/lib/gcc/arm-none-eabi/16.1.0/../../../../arm-none-eabi/lib/libg.a(libc_a-findfp.o)
                0x02019cd8                __sf
 .bss.__stdio_exit_handler
                0x02019e40        0x4 /opt/devkitpro/devkitARM/lib/gcc/arm-none-eabi/16.1.0/../../../../arm-none-eabi/lib/libg.a(libc_a-findfp.o)
                0x02019e40                __stdio_exit_handler
 .bss.__malloc_recursive_mutex
                0x02019e44        0xc /opt/devkitpro/devkitARM/lib/gcc/arm-none-eabi/16.1.0/../../../../arm-none-eabi/lib/libg.a(libc_a-mlock.o)
 .bss.__hndl_lock
                0x02019e50        0x4 /opt/devkitpro/devkitARM/lib/gcc/arm-none-eabi/16.1.0/../../../../arm-none-eabi/lib/libsysbase.a(libsysbase_libsysbase_a-handle_manager.o)
 .bss.fake_heap_start
                0x02019e54        0x4 /opt/devkitpro/devkitARM/lib/gcc/arm-none-eabi/16.1.0/../../../../arm-none-eabi/lib/libsysbase.a(libsysbase_libsysbase_a-malloc_vars.o)
                0x02019e54                fake_heap_start
 .bss.fake_heap_end
                0x02019e58        0x4 /opt/devkitpro/devkitARM/lib/gcc/arm-none-eabi/16.1.0/../../../../arm-none-eabi/lib/libsysbase.a(libsysbase_libsysbase_a-malloc_vars.o)
                0x02019e58                fake_heap_end
 .bss.heap_start.0
                0x02019e5c        0x4 /opt/devkitpro/devkitARM/lib/gcc/arm-none-eabi/16.1.0/../../../../arm-none-eabi/lib/libsysbase.a(libsysbase_libsysbase_a-sbrk.o)
 EXCLUDE_FILE(*.twl.*) *(COMMON)
                0x02019e60                        . = ALIGN (0x4)
                [!provide]                        PROVIDE (__main_bss_start = ADDR (.main.bss))
                0x02019e60                        PROVIDE (__main_bss_end = (ADDR (.main.bss) + SIZEOF (.main.bss)))
                0x02019e60                        . = .
                0x02019e60                        PROVIDE (__heap_start_ntr = .)
                0x00000001                        ASSERT ((. <= 0x2380000), Error: DS-mode sections overflow DS ARM9 memory size (3.5 MB))

.twl            0x02019e60        0x0 load address 0x02400000
 *(.twl .twl.*)
 *.twl.*(.text .stub .text.* .gnu.linkonce.t.*)
 *.twl.*(.glue_7t .glue_7 .vfp11_veneer .v4_bx)
 *.twl.*(.rodata .rodata.* .gnu.linkonce.r.*)
 *.twl.*(.rodata1)
                0x02019e60                        . = ALIGN (0x4)

.twl.rw         0x02019e60        0x0 load address 0x02400000
 *.twl.*(.data .data.* .gnu.linkonce.d.*)
 *.twl.*(.data1)
                0x02019e60                        . = ALIGN (0x4)
                0x02400000                        PROVIDE (__twl_lma = LOADADDR (.twl))
                0x02019e60                        PROVIDE (__twl_start = ADDR (.twl))
                0x02019e60                        PROVIDE (__twl_end = (ADDR (.twl.rw) + SIZEOF (.twl.rw)))

.twl.bss        0x02019e60        0x0 load address 0x02400000
 *(.twl_bss .twl_bss.*)
 *.twl.*(.dynbss)
 *.twl.*(.bss .bss.* .gnu.linkonce.b.*)
 *.twl.*(COMMON)
                0x02019e60                        . = ALIGN (0x4)
                [!provide]                        PROVIDE (__twl_bss_start = ADDR (.twl.bss))
                0x02019e60                        PROVIDE (__twl_bss_end = (ADDR (.twl.bss) + SIZEOF (.twl.bss)))
                0x02019e60                        . = .
                0x02019e60                        PROVIDE (__heap_start_twl = .)

.loadlist       0x0e000998       0x30 load address 0x0201c770
                0x0e000998        0x4 LONG 0x1ff8000 __itcm_start
                0x0e00099c        0x4 LONG 0x1ff8680 __itcm_end
                0x0e0009a0        0x4 LONG 0x1ff8680 __itcm_end
                0x0e0009a4        0x4 LONG 0x2ff0000 __dtcm_start
                0x0e0009a8        0x4 LONG 0x2ff0000 __dtcm_end
                0x0e0009ac        0x4 LONG 0x2ff0098 __dtcm_bss_end
                0x0e0009b0        0x4 LONG 0x20013c0 __main_start
                0x0e0009b4        0x4 LONG 0x2018758 __main_end
                0x0e0009b8        0x4 LONG 0x2018758 __main_end
                0x0e0009bc        0x4 LONG 0x2018758 __tls_start
                0x0e0009c0        0x4 LONG 0x2018758 __tls_end
                0x0e0009c4        0x4 LONG 0x2019e60 __main_bss_end
                0x02004d58                        PROVIDE (__loadlist_lma = __itcm_lma)
                0x0201c770                        PROVIDE (__loadlist_start = LOADADDR (.loadlist))
                0x0201c7a0                        PROVIDE (__loadlist_end = (LOADADDR (.loadlist) + SIZEOF (.loadlist)))

.twl.loadlist   0x0e0009c8        0xc load address 0x02400000
                0x0e0009c8        0x4 LONG 0x2019e60 __twl_start
                0x0e0009cc        0x4 LONG 0x2019e60 __twl_end
                0x0e0009d0        0x4 LONG 0x2019e60 __twl_bss_end
                0x02400000                        PROVIDE (__twl_loadlist_lma = __twl_lma)
                0x02400000                        PROVIDE (__twl_loadlist_start = LOADADDR (.twl.loadlist))
                0x0240000c                        PROVIDE (__twl_loadlist_end = (LOADADDR (.twl.loadlist) + SIZEOF (.twl.loadlist)))

.rel.dyn        0x0e0009d4        0x0 load address 0x0240000c
 .rel.iplt      0x0e0009d4        0x0 /opt/devkitpro/devkitARM/lib/gcc/arm-none-eabi/16.1.0/crtbegin.o

.stab
 *(.stab)

.stabstr
 *(.stabstr)

.stab.excl
 *(.stab.excl)

.stab.exclstr
 *(.stab.exclstr)

.stab.index
 *(.stab.index)

.stab.indexstr
 *(.stab.indexstr)

.comment        0x00000000       0x30
 *(.comment)
 .comment       0x00000000       0x30 /opt/devkitpro/devkitARM/lib/gcc/arm-none-eabi/16.1.0/crtbegin.o
                                 0x19 (size before relaxing)
 .comment       0x00000030        0x0 boss.o
                                 0x19 (size before relaxing)
 .comment       0x00000030        0x0 effect.o
                                 0x19 (size before relaxing)
 .comment       0x00000030        0x0 enemy.o
                                 0x19 (size before relaxing)
 .comment       0x00000030        0x0 hud.o
                                 0x19 (size before relaxing)
 .comment       0x00000030        0x0 main.o
                                 0x19 (size before relaxing)
 .comment       0x00000030        0x0 player.o
                                 0x19 (size before relaxing)
 .comment       0x00000030        0x0 shot.o
                                 0x19 (size before relaxing)
 .comment       0x00000030        0x0 starfield.o
                                 0x19 (size before relaxing)
 .comment       0x00000030        0x0 video.o
                                 0x19 (size before relaxing)
 .comment       0x00000030        0x0 wave.o
                                 0x19 (size before relaxing)
 .comment       0x00000030        0x0 /opt/devkitpro/libnds/lib/libnds9.a(background.o)
                                 0x19 (size before relaxing)
 .comment       0x00000030        0x0 /opt/devkitpro/libnds/lib/libnds9.a(console.o)
                                 0x19 (size before relaxing)
 .comment       0x00000030        0x0 /opt/devkitpro/libnds/lib/libnds9.a(keys.o)
                                 0x19 (size before relaxing)
 .comment       0x00000030        0x0 /opt/devkitpro/libnds/lib/libnds9.a(sassert.o)
                                 0x19 (size before relaxing)
 .comment       0x00000030        0x0 /opt/devkitpro/libnds/lib/libnds9.a(sprite_alloc.o)
                                 0x19 (size before relaxing)
 .comment       0x00000030        0x0 /opt/devkitpro/libnds/lib/libnds9.a(sprite.o)
                                 0x19 (size before relaxing)
 .comment       0x00000030        0x0 /opt/devkitpro/libnds/lib/libnds9.a(trig.o)
                                 0x19 (size before relaxing)
 .comment       0x00000030        0x0 /opt/devkitpro/libnds/lib/libnds9.a(video.o)
                                 0x19 (size before relaxing)
 .comment       0x00000030        0x0 /opt/devkitpro/calico/lib/libcalico_ds9.a(thread_cold.o)
                                 0x19 (size before relaxing)
 .comment       0x00000030        0x0 /opt/devkitpro/calico/lib/libcalico_ds9.a(thread_hot.32.o)
                                 0x19 (size before relaxing)
 .comment       0x00000030        0x0 /opt/devkitpro/calico/lib/libcalico_ds9.a(mutex.o)
                                 0x19 (size before relaxing)
 .comment       0x00000030        0x0 /opt/devkitpro/calico/lib/libcalico_ds9.a(arm-shims.32.o)
                                 0x19 (size before relaxing)
 .comment       0x00000030        0x0 /opt/devkitpro/calico/lib/libcalico_ds9.a(keypad.o)
                                 0x19 (size before relaxing)
 .comment       0x00000030        0x0 /opt/devkitpro/calico/lib/libcalico_ds9.a(pm.o)
                                 0x19 (size before relaxing)
 .comment       0x00000030        0x0 /opt/devkitpro/calico/lib/libcalico_ds9.a(touch.o)
                                 0x19 (size before relaxing)
 .comment       0x00000030        0x0 /opt/devkitpro/calico/lib/libcalico_ds9.a(tick.o)
                                 0x19 (size before relaxing)
 .comment       0x00000030        0x0 /opt/devkitpro/calico/lib/libcalico_ds9.a(mailbox.o)
                                 0x19 (size before relaxing)
 .comment       0x00000030        0x0 /opt/devkitpro/calico/lib/libcalico_ds9.a(newlib_syscalls.o)
                                 0x19 (size before relaxing)
 .comment       0x00000030        0x0 /opt/devkitpro/calico/lib/libcalico_ds9.a(startup.crt0.o)
                                 0x19 (size before relaxing)
 .comment       0x00000030        0x0 /opt/devkitpro/calico/lib/libcalico_ds9.a(pxi.o)
                                 0x19 (size before relaxing)
 .comment       0x00000030        0x0 /opt/devkitpro/calico/lib/libcalico_ds9.a(sys_startup.o)
                                 0x19 (size before relaxing)
 .comment       0x00000030        0x0 /opt/devkitpro/calico/lib/libcalico_ds9.a(irq.o)
                                 0x19 (size before relaxing)
 .comment       0x00000030        0x0 /opt/devkitpro/devkitARM/lib/gcc/arm-none-eabi/16.1.0/libgcc.a(_udivmoddi4.o)
                                 0x19 (size before relaxing)
 .comment       0x00000030        0x0 /opt/devkitpro/devkitARM/lib/gcc/arm-none-eabi/16.1.0/crtend.o
                                 0x19 (size before relaxing)

.gnu.build.attributes
 *(.gnu.build.attributes .gnu.build.attributes.*)

.debug
 *(.debug)

.line
 *(.line)

.debug_srcinfo
 *(.debug_srcinfo)

.debug_sfnames
 *(.debug_sfnames)

.debug_aranges  0x00000000      0xb60
 *(.debug_aranges)
 .debug_aranges
                0x00000000       0x38 boss.o
 .debug_aranges
                0x00000038       0x38 effect.o
 .debug_aranges
                0x00000070       0x48 enemy.o
 .debug_aranges
                0x000000b8       0x30 hud.o
 .debug_aranges
                0x000000e8       0x38 main.o
 .debug_aranges
                0x00000120       0x38 player.o
 .debug_aranges
                0x00000158       0x50 shot.o
 .debug_aranges
                0x000001a8       0x30 starfield.o
 .debug_aranges
                0x000001d8       0x20 video.o
 .debug_aranges
                0x000001f8       0x40 wave.o
 .debug_aranges
                0x00000238       0x40 /opt/devkitpro/libnds/lib/libnds9.a(background.o)
 .debug_aranges
                0x00000278       0x80 /opt/devkitpro/libnds/lib/libnds9.a(console.o)
 .debug_aranges
                0x000002f8       0x50 /opt/devkitpro/libnds/lib/libnds9.a(keys.o)
 .debug_aranges
                0x00000348       0x20 /opt/devkitpro/libnds/lib/libnds9.a(sassert.o)
 .debug_aranges
                0x00000368       0x38 /opt/devkitpro/libnds/lib/libnds9.a(sprite_alloc.o)
 .debug_aranges
                0x000003a0       0x60 /opt/devkitpro/libnds/lib/libnds9.a(sprite.o)
 .debug_aranges
                0x00000400       0x60 /opt/devkitpro/libnds/lib/libnds9.a(trig.o)
 .debug_aranges
                0x00000460       0x48 /opt/devkitpro/libnds/lib/libnds9.a(video.o)
 .debug_aranges
                0x000004a8       0x90 /opt/devkitpro/calico/lib/libcalico_ds9.a(thread_cold.o)
 .debug_aranges
                0x00000538       0x50 /opt/devkitpro/calico/lib/libcalico_ds9.a(thread_hot.32.o)
 .debug_aranges
                0x00000588       0x58 /opt/devkitpro/calico/lib/libcalico_ds9.a(mutex.o)
 .debug_aranges
                0x000005e0       0x28 /opt/devkitpro/calico/lib/libcalico_ds9.a(arm-context.32.o)
 .debug_aranges
                0x00000608       0x70 /opt/devkitpro/calico/lib/libcalico_ds9.a(arm-shims.32.o)
 .debug_aranges
                0x00000678       0x48 /opt/devkitpro/calico/lib/libcalico_ds9.a(arm-cache.32.o)
 .debug_aranges
                0x000006c0       0x20 /opt/devkitpro/calico/lib/libcalico_ds9.a(keypad.o)
 .debug_aranges
                0x000006e0       0xa0 /opt/devkitpro/calico/lib/libcalico_ds9.a(pm.o)
 .debug_aranges
                0x00000780       0x38 /opt/devkitpro/calico/lib/libcalico_ds9.a(bootstub_arm9.o)
 .debug_aranges
                0x000007b8       0x20 /opt/devkitpro/calico/lib/libcalico_ds9.a(excpt_handler.32.o)
 .debug_aranges
                0x000007d8       0x20 /opt/devkitpro/calico/lib/libcalico_ds9.a(touch.o)
 .debug_aranges
                0x000007f8       0x50 /opt/devkitpro/calico/lib/libcalico_ds9.a(tick.o)
 .debug_aranges
                0x00000848       0x30 /opt/devkitpro/calico/lib/libcalico_ds9.a(mailbox.o)
 .debug_aranges
                0x00000878       0xb8 /opt/devkitpro/calico/lib/libcalico_ds9.a(newlib_syscalls.o)
 .debug_aranges
                0x00000930       0x28 /opt/devkitpro/calico/lib/libcalico_ds9.a(startup.crt0.o)
 .debug_aranges
                0x00000958       0x28 /opt/devkitpro/calico/lib/libcalico_ds9.a(utils.crt0.o)
 .debug_aranges
                0x00000980       0x20 /opt/devkitpro/calico/lib/libcalico_ds9.a(irq_handler.32.o)
 .debug_aranges
                0x000009a0       0x78 /opt/devkitpro/calico/lib/libcalico_ds9.a(pxi.o)
 .debug_aranges
                0x00000a18       0x20 /opt/devkitpro/calico/lib/libcalico_ds9.a(mpu_setup.crt0.o)
 .debug_aranges
                0x00000a38       0x28 /opt/devkitpro/calico/lib/libcalico_ds9.a(sys_startup.o)
 .debug_aranges
                0x00000a60       0x20 /opt/devkitpro/calico/lib/libcalico_ds9.a(irq.o)
 .debug_aranges
                0x00000a80       0x20 /opt/devkitpro/devkitARM/lib/gcc/arm-none-eabi/16.1.0/libgcc.a(_divsi3.o)
 .debug_aranges
                0x00000aa0       0x20 /opt/devkitpro/devkitARM/lib/gcc/arm-none-eabi/16.1.0/libgcc.a(_dvmd_tls.o)
 .debug_aranges
                0x00000ac0       0x20 /opt/devkitpro/devkitARM/lib/gcc/arm-none-eabi/16.1.0/libgcc.a(_aeabi_uldivmod.o)
 .debug_aranges
                0x00000ae0       0x20 /opt/devkitpro/devkitARM/lib/gcc/arm-none-eabi/16.1.0/libgcc.a(_udivmoddi4.o)
 .debug_aranges
                0x00000b00       0x20 /opt/devkitpro/devkitARM/lib/gcc/arm-none-eabi/16.1.0/libgcc.a(_clzdi2.o)
 .debug_aranges
                0x00000b20       0x20 /opt/devkitpro/devkitARM/lib/gcc/arm-none-eabi/16.1.0/libgcc.a(_clzsi2.o)
 .debug_aranges
                0x00000b40       0x20 /opt/devkitpro/devkitARM/lib/gcc/arm-none-eabi/16.1.0/libgcc.a(_udivsi3.o)

.debug_pubnames
 *(.debug_pubnames)

.debug_info     0x00000000    0x1db3f
 *(.debug_info .gnu.linkonce.wi.*)
 .debug_info    0x00000000     0x1329 boss.o
 .debug_info    0x00001329      0xa8b effect.o
 .debug_info    0x00001db4      0xf1b enemy.o
 .debug_info    0x00002ccf      0xe40 hud.o
 .debug_info    0x00003b0f      0xf80 main.o
 .debug_info    0x00004a8f      0xe15 player.o
 .debug_info    0x000058a4     0x1493 shot.o
 .debug_info    0x00006d37     0x10d7 starfield.o
 .debug_info    0x00007e0e     0x1d4e video.o
 .debug_info    0x00009b5c      0x4c1 wave.o
 .debug_info    0x0000a01d      0xa36 /opt/devkitpro/libnds/lib/libnds9.a(background.o)
 .debug_info    0x0000aa53     0x2bfc /opt/devkitpro/libnds/lib/libnds9.a(console.o)
 .debug_info    0x0000d64f      0x48d /opt/devkitpro/libnds/lib/libnds9.a(keys.o)
 .debug_info    0x0000dadc      0x3c5 /opt/devkitpro/libnds/lib/libnds9.a(sassert.o)
 .debug_info    0x0000dea1     0x1c91 /opt/devkitpro/libnds/lib/libnds9.a(sprite_alloc.o)
 .debug_info    0x0000fb32     0x1433 /opt/devkitpro/libnds/lib/libnds9.a(sprite.o)
 .debug_info    0x00010f65      0x77c /opt/devkitpro/libnds/lib/libnds9.a(trig.o)
 .debug_info    0x000116e1      0xab7 /opt/devkitpro/libnds/lib/libnds9.a(video.o)
 .debug_info    0x00012198     0x2067 /opt/devkitpro/calico/lib/libcalico_ds9.a(thread_cold.o)
 .debug_info    0x000141ff     0x12a7 /opt/devkitpro/calico/lib/libcalico_ds9.a(thread_hot.32.o)
 .debug_info    0x000154a6      0xfec /opt/devkitpro/calico/lib/libcalico_ds9.a(mutex.o)
 .debug_info    0x00016492       0x3b /opt/devkitpro/calico/lib/libcalico_ds9.a(arm-context.32.o)
 .debug_info    0x000164cd      0x385 /opt/devkitpro/calico/lib/libcalico_ds9.a(arm-shims.32.o)
 .debug_info    0x00016852       0x67 /opt/devkitpro/calico/lib/libcalico_ds9.a(arm-cache.32.o)
 .debug_info    0x000168b9      0x1c6 /opt/devkitpro/calico/lib/libcalico_ds9.a(keypad.o)
 .debug_info    0x00016a7f     0x1b2d /opt/devkitpro/calico/lib/libcalico_ds9.a(pm.o)
 .debug_info    0x000185ac       0x3e /opt/devkitpro/calico/lib/libcalico_ds9.a(bootstub_arm9.o)
 .debug_info    0x000185ea       0x5d /opt/devkitpro/calico/lib/libcalico_ds9.a(excpt_handler.32.o)
 .debug_info    0x00018647      0x26f /opt/devkitpro/calico/lib/libcalico_ds9.a(touch.o)
 .debug_info    0x000188b6      0xc64 /opt/devkitpro/calico/lib/libcalico_ds9.a(tick.o)
 .debug_info    0x0001951a      0x822 /opt/devkitpro/calico/lib/libcalico_ds9.a(mailbox.o)
 .debug_info    0x00019d3c     0x1754 /opt/devkitpro/calico/lib/libcalico_ds9.a(newlib_syscalls.o)
 .debug_info    0x0001b490      0x4e1 /opt/devkitpro/calico/lib/libcalico_ds9.a(startup.crt0.o)
 .debug_info    0x0001b971       0x3b /opt/devkitpro/calico/lib/libcalico_ds9.a(utils.crt0.o)
 .debug_info    0x0001b9ac       0x33 /opt/devkitpro/calico/lib/libcalico_ds9.a(irq_handler.32.o)
 .debug_info    0x0001b9df     0x13e2 /opt/devkitpro/calico/lib/libcalico_ds9.a(pxi.o)
 .debug_info    0x0001cdc1       0x33 /opt/devkitpro/calico/lib/libcalico_ds9.a(mpu_setup.crt0.o)
 .debug_info    0x0001cdf4      0x5d5 /opt/devkitpro/calico/lib/libcalico_ds9.a(sys_startup.o)
 .debug_info    0x0001d3c9      0x28e /opt/devkitpro/calico/lib/libcalico_ds9.a(irq.o)
 .debug_info    0x0001d657       0x3e /opt/devkitpro/devkitARM/lib/gcc/arm-none-eabi/16.1.0/libgcc.a(_divsi3.o)
 .debug_info    0x0001d695       0x3c /opt/devkitpro/devkitARM/lib/gcc/arm-none-eabi/16.1.0/libgcc.a(_dvmd_tls.o)
 .debug_info    0x0001d6d1       0x24 /opt/devkitpro/devkitARM/lib/gcc/arm-none-eabi/16.1.0/libgcc.a(_aeabi_uldivmod.o)
 .debug_info    0x0001d6f5      0x3aa /opt/devkitpro/devkitARM/lib/gcc/arm-none-eabi/16.1.0/libgcc.a(_udivmoddi4.o)
 .debug_info    0x0001da9f       0x31 /opt/devkitpro/devkitARM/lib/gcc/arm-none-eabi/16.1.0/libgcc.a(_clzdi2.o)
 .debug_info    0x0001dad0       0x31 /opt/devkitpro/devkitARM/lib/gcc/arm-none-eabi/16.1.0/libgcc.a(_clzsi2.o)
 .debug_info    0x0001db01       0x3e /opt/devkitpro/devkitARM/lib/gcc/arm-none-eabi/16.1.0/libgcc.a(_udivsi3.o)

.debug_abbrev   0x00000000     0x6f8a
 *(.debug_abbrev)
 .debug_abbrev  0x00000000      0x479 boss.o
 .debug_abbrev  0x00000479      0x3b6 effect.o
 .debug_abbrev  0x0000082f      0x459 enemy.o
 .debug_abbrev  0x00000c88      0x282 hud.o
 .debug_abbrev  0x00000f0a      0x467 main.o
 .debug_abbrev  0x00001371      0x436 player.o
 .debug_abbrev  0x000017a7      0x47e shot.o
 .debug_abbrev  0x00001c25      0x453 starfield.o
 .debug_abbrev  0x00002078      0x40f video.o
 .debug_abbrev  0x00002487      0x1bd wave.o
 .debug_abbrev  0x00002644      0x364 /opt/devkitpro/libnds/lib/libnds9.a(background.o)
 .debug_abbrev  0x000029a8      0x637 /opt/devkitpro/libnds/lib/libnds9.a(console.o)
 .debug_abbrev  0x00002fdf      0x273 /opt/devkitpro/libnds/lib/libnds9.a(keys.o)
 .debug_abbrev  0x00003252      0x177 /opt/devkitpro/libnds/lib/libnds9.a(sassert.o)
 .debug_abbrev  0x000033c9      0x3bc /opt/devkitpro/libnds/lib/libnds9.a(sprite_alloc.o)
 .debug_abbrev  0x00003785      0x468 /opt/devkitpro/libnds/lib/libnds9.a(sprite.o)
 .debug_abbrev  0x00003bed      0x26c /opt/devkitpro/libnds/lib/libnds9.a(trig.o)
 .debug_abbrev  0x00003e59      0x22e /opt/devkitpro/libnds/lib/libnds9.a(video.o)
 .debug_abbrev  0x00004087      0x634 /opt/devkitpro/calico/lib/libcalico_ds9.a(thread_cold.o)
 .debug_abbrev  0x000046bb      0x373 /opt/devkitpro/calico/lib/libcalico_ds9.a(thread_hot.32.o)
 .debug_abbrev  0x00004a2e      0x392 /opt/devkitpro/calico/lib/libcalico_ds9.a(mutex.o)
 .debug_abbrev  0x00004dc0       0x26 /opt/devkitpro/calico/lib/libcalico_ds9.a(arm-context.32.o)
 .debug_abbrev  0x00004de6      0x1c3 /opt/devkitpro/calico/lib/libcalico_ds9.a(arm-shims.32.o)
 .debug_abbrev  0x00004fa9       0x26 /opt/devkitpro/calico/lib/libcalico_ds9.a(arm-cache.32.o)
 .debug_abbrev  0x00004fcf       0xd0 /opt/devkitpro/calico/lib/libcalico_ds9.a(keypad.o)
 .debug_abbrev  0x0000509f      0x693 /opt/devkitpro/calico/lib/libcalico_ds9.a(pm.o)
 .debug_abbrev  0x00005732       0x26 /opt/devkitpro/calico/lib/libcalico_ds9.a(bootstub_arm9.o)
 .debug_abbrev  0x00005758       0x26 /opt/devkitpro/calico/lib/libcalico_ds9.a(excpt_handler.32.o)
 .debug_abbrev  0x0000577e      0x11a /opt/devkitpro/calico/lib/libcalico_ds9.a(touch.o)
 .debug_abbrev  0x00005898      0x329 /opt/devkitpro/calico/lib/libcalico_ds9.a(tick.o)
 .debug_abbrev  0x00005bc1      0x2c4 /opt/devkitpro/calico/lib/libcalico_ds9.a(mailbox.o)
 .debug_abbrev  0x00005e85      0x4bf /opt/devkitpro/calico/lib/libcalico_ds9.a(newlib_syscalls.o)
 .debug_abbrev  0x00006344      0x1d6 /opt/devkitpro/calico/lib/libcalico_ds9.a(startup.crt0.o)
 .debug_abbrev  0x0000651a       0x26 /opt/devkitpro/calico/lib/libcalico_ds9.a(utils.crt0.o)
 .debug_abbrev  0x00006540       0x28 /opt/devkitpro/calico/lib/libcalico_ds9.a(irq_handler.32.o)
 .debug_abbrev  0x00006568      0x445 /opt/devkitpro/calico/lib/libcalico_ds9.a(pxi.o)
 .debug_abbrev  0x000069ad       0x28 /opt/devkitpro/calico/lib/libcalico_ds9.a(mpu_setup.crt0.o)
 .debug_abbrev  0x000069d5      0x1f4 /opt/devkitpro/calico/lib/libcalico_ds9.a(sys_startup.o)
 .debug_abbrev  0x00006bc9      0x1c1 /opt/devkitpro/calico/lib/libcalico_ds9.a(irq.o)
 .debug_abbrev  0x00006d8a       0x28 /opt/devkitpro/devkitARM/lib/gcc/arm-none-eabi/16.1.0/libgcc.a(_divsi3.o)
 .debug_abbrev  0x00006db2       0x26 /opt/devkitpro/devkitARM/lib/gcc/arm-none-eabi/16.1.0/libgcc.a(_dvmd_tls.o)
 .debug_abbrev  0x00006dd8       0x14 /opt/devkitpro/devkitARM/lib/gcc/arm-none-eabi/16.1.0/libgcc.a(_aeabi_uldivmod.o)
 .debug_abbrev  0x00006dec      0x126 /opt/devkitpro/devkitARM/lib/gcc/arm-none-eabi/16.1.0/libgcc.a(_udivmoddi4.o)
 .debug_abbrev  0x00006f12       0x28 /opt/devkitpro/devkitARM/lib/gcc/arm-none-eabi/16.1.0/libgcc.a(_clzdi2.o)
 .debug_abbrev  0x00006f3a       0x28 /opt/devkitpro/devkitARM/lib/gcc/arm-none-eabi/16.1.0/libgcc.a(_clzsi2.o)
 .debug_abbrev  0x00006f62       0x28 /opt/devkitpro/devkitARM/lib/gcc/arm-none-eabi/16.1.0/libgcc.a(_udivsi3.o)

.debug_line     0x00000000    0x11eaf
 *(.debug_line .debug_line.* .debug_line_end)
 .debug_line    0x00000000      0x834 boss.o
 .debug_line    0x00000834      0x493 effect.o
 .debug_line    0x00000cc7      0x6e3 enemy.o
 .debug_line    0x000013aa      0x4b0 hud.o
 .debug_line    0x0000185a      0x733 main.o
 .debug_line    0x00001f8d      0x5f5 player.o
 .debug_line    0x00002582      0x925 shot.o
 .debug_line    0x00002ea7      0x997 starfield.o
 .debug_line    0x0000383e      0x95c video.o
 .debug_line    0x0000419a      0x2f7 wave.o
 .debug_line    0x00004491      0x61c /opt/devkitpro/libnds/lib/libnds9.a(background.o)
 .debug_line    0x00004aad     0x169d /opt/devkitpro/libnds/lib/libnds9.a(console.o)
 .debug_line    0x0000614a      0x457 /opt/devkitpro/libnds/lib/libnds9.a(keys.o)
 .debug_line    0x000065a1      0x271 /opt/devkitpro/libnds/lib/libnds9.a(sassert.o)
 .debug_line    0x00006812     0x1c8f /opt/devkitpro/libnds/lib/libnds9.a(sprite_alloc.o)
 .debug_line    0x000084a1      0x9ba /opt/devkitpro/libnds/lib/libnds9.a(sprite.o)
 .debug_line    0x00008e5b      0x77f /opt/devkitpro/libnds/lib/libnds9.a(trig.o)
 .debug_line    0x000095da      0x612 /opt/devkitpro/libnds/lib/libnds9.a(video.o)
 .debug_line    0x00009bec     0x11fe /opt/devkitpro/calico/lib/libcalico_ds9.a(thread_cold.o)
 .debug_line    0x0000adea      0xed6 /opt/devkitpro/calico/lib/libcalico_ds9.a(thread_hot.32.o)
 .debug_line    0x0000bcc0      0xd5e /opt/devkitpro/calico/lib/libcalico_ds9.a(mutex.o)
 .debug_line    0x0000ca1e       0x69 /opt/devkitpro/calico/lib/libcalico_ds9.a(arm-context.32.o)
 .debug_line    0x0000ca87      0x36d /opt/devkitpro/calico/lib/libcalico_ds9.a(arm-shims.32.o)
 .debug_line    0x0000cdf4       0xb2 /opt/devkitpro/calico/lib/libcalico_ds9.a(arm-cache.32.o)
 .debug_line    0x0000cea6      0x232 /opt/devkitpro/calico/lib/libcalico_ds9.a(keypad.o)
 .debug_line    0x0000d0d8      0xfa7 /opt/devkitpro/calico/lib/libcalico_ds9.a(pm.o)
 .debug_line    0x0000e07f      0x108 /opt/devkitpro/calico/lib/libcalico_ds9.a(bootstub_arm9.o)
 .debug_line    0x0000e187       0x66 /opt/devkitpro/calico/lib/libcalico_ds9.a(excpt_handler.32.o)
 .debug_line    0x0000e1ed      0x2a1 /opt/devkitpro/calico/lib/libcalico_ds9.a(touch.o)