Archive member included to satisfy reference by file (symbol)

/opt/devkitpro/libnds/lib/libnds9.a(background.o)
                              main.o (bgUpdate)
/opt/devkitpro/libnds/lib/libnds9.a(console.o)
                              textbg.o (consoleGetDefault)
/opt/devkitpro/libnds/lib/libnds9.a(keys.o)
                              main.o (scanKeys)
/opt/devkitpro/libnds/lib/libnds9.a(sassert.o)
                              starfield.o (__sassert)
/opt/devkitpro/libnds/lib/libnds9.a(sprite_alloc.o)
                              video.o (oamAllocateGfx)
/opt/devkitpro/libnds/lib/libnds9.a(sprite.o)
                              video.o (oamInit)
/opt/devkitpro/libnds/lib/libnds9.a(trig.o)
                              boss.o (sinLerp)
/opt/devkitpro/libnds/lib/libnds9.a(video.o)
                              main.o (setBrightness)
/opt/devkitpro/libnds/lib/libnds9.a(default_font.bin.o)
                              /opt/devkitpro/libnds/lib/libnds9.a(console.o) (default_font_bin)
/opt/devkitpro/calico/lib/libcalico_ds9.a(irq.o)
                              opening.o (irqSet)
/opt/devkitpro/calico/lib/libcalico_ds9.a(thread_cold.o)
                              main.o (threadIrqWait)
/opt/devkitpro/calico/lib/libcalico_ds9.a(thread_hot.32.o)
                              /opt/devkitpro/calico/lib/libcalico_ds9.a(thread_cold.o) (threadSwitchTo)
/opt/devkitpro/calico/lib/libcalico_ds9.a(mutex.o)
                              /opt/devkitpro/calico/lib/libcalico_ds9.a(thread_cold.o) (threadUpdateDynamicPrio)
/opt/devkitpro/calico/lib/libcalico_ds9.a(arm-copy-fill.32.o)
                              /opt/devkitpro/calico/lib/libcalico_ds9.a(thread_cold.o) (armCopyMem32)
/opt/devkitpro/calico/lib/libcalico_ds9.a(arm-context.32.o)
                              /opt/devkitpro/calico/lib/libcalico_ds9.a(thread_hot.32.o) (armContextSave)
/opt/devkitpro/calico/lib/libcalico_ds9.a(arm-shims.32.o)
                              /opt/devkitpro/calico/lib/libcalico_ds9.a(thread_cold.o) (armWaitForIrq)
/opt/devkitpro/calico/lib/libcalico_ds9.a(arm-cache.32.o)
                              starfield.o (armDCacheFlush)
/opt/devkitpro/calico/lib/libcalico_ds9.a(keypad.o)
                              /opt/devkitpro/libnds/lib/libnds9.a(keys.o) (keypadGetState)
/opt/devkitpro/calico/lib/libcalico_ds9.a(pm.o)
                              main.o (pmMainLoop)
/opt/devkitpro/calico/lib/libcalico_ds9.a(bootstub_arm9.o)
                              (__ds9_bootstub)
/opt/devkitpro/calico/lib/libcalico_ds9.a(excpt_handler.32.o)
                              /opt/devkitpro/calico/lib/libcalico_ds9.a(bootstub_arm9.o) (__arm_excpt_rst)
/opt/devkitpro/calico/lib/libcalico_ds9.a(touch.o)
                              /opt/devkitpro/libnds/lib/libnds9.a(keys.o) (touchRead)
/opt/devkitpro/calico/lib/libcalico_ds9.a(tick.o)
                              /opt/devkitpro/calico/lib/libcalico_ds9.a(thread_cold.o) (tickTaskStart)
/opt/devkitpro/calico/lib/libcalico_ds9.a(mailbox.o)
                              /opt/devkitpro/calico/lib/libcalico_ds9.a(pm.o) (mailboxRecv)
/opt/devkitpro/calico/lib/libcalico_ds9.a(newlib_syscalls.o)
                              /opt/devkitpro/calico/lib/libcalico_ds9.a(bootstub_arm9.o) (__newlib_syscalls)
/opt/devkitpro/calico/lib/libcalico_ds9.a(startup.crt0.o)
                              /opt/devkitpro/calico/lib/libcalico_ds9.a(bootstub_arm9.o) (crt0Startup)
/opt/devkitpro/calico/lib/libcalico_ds9.a(utils.crt0.o)
                              /opt/devkitpro/calico/lib/libcalico_ds9.a(startup.crt0.o) (crt0CopyMem32)
/opt/devkitpro/calico/lib/libcalico_ds9.a(irq_handler.32.o)
                              /opt/devkitpro/calico/lib/libcalico_ds9.a(bootstub_arm9.o) (__arm_excpt_irq)
/opt/devkitpro/calico/lib/libcalico_ds9.a(pxi.o)
                              /opt/devkitpro/calico/lib/libcalico_ds9.a(startup.crt0.o) (_pxiInit)
/opt/devkitpro/calico/lib/libcalico_ds9.a(mpu_setup.crt0.o)
                              /opt/devkitpro/calico/lib/libcalico_ds9.a(startup.crt0.o) (crt0SetupMPU)
/opt/devkitpro/calico/lib/libcalico_ds9.a(sys_startup.o)
                              /opt/devkitpro/calico/lib/libcalico_ds9.a(startup.crt0.o) (systemStartup)
/opt/devkitpro/devkitARM/lib/gcc/arm-none-eabi/16.1.0/libgcc.a(_divsi3.o)
                              boss.o (__aeabi_idiv)
/opt/devkitpro/devkitARM/lib/gcc/arm-none-eabi/16.1.0/libgcc.a(_dvmd_tls.o)
                              /opt/devkitpro/devkitARM/lib/gcc/arm-none-eabi/16.1.0/libgcc.a(_divsi3.o) (__aeabi_idiv0)
/opt/devkitpro/devkitARM/lib/gcc/arm-none-eabi/16.1.0/libgcc.a(_aeabi_uldivmod.o)
                              /opt/devkitpro/calico/lib/libcalico_ds9.a(newlib_syscalls.o) (__aeabi_uldivmod)
/opt/devkitpro/devkitARM/lib/gcc/arm-none-eabi/16.1.0/libgcc.a(_sync_none.o)
                              (__sync_synchronize_none)
/opt/devkitpro/devkitARM/lib/gcc/arm-none-eabi/16.1.0/libgcc.a(_udivmoddi4.o)
[...]
Memory Configuration

Name             Origin             Length             Attributes
lma9             0x02004000         0x0027c000
lma9i            0x02400000         0x00280000
vectors          0x00000000         0x00000020
itcm             0x01ff8020         0x00007fe0
main             0x02001000         0x00f7f000
dtcm             0x02ff0000         0x00003e80
dldi             0x0380b000         0x00004000
stub             0x0e000000         0x00004000
tls              0x00000000         0x00000400
*default*        0x00000000         0xffffffff

Linker script and memory map

                0x00000000                        __sync_synchronize = __sync_synchronize_none
LOAD /opt/devkitpro/devkitARM/lib/gcc/arm-none-eabi/16.1.0/crti.o
LOAD /opt/devkitpro/devkitARM/lib/gcc/arm-none-eabi/16.1.0/crtbegin.o
LOAD spr_blast.o
LOAD spr_boss.o
LOAD spr_logo.o
LOAD spr_shots.o
LOAD spr_tie.o
LOAD spr_xwing.o
LOAD boss.o
LOAD effect.o
LOAD enemy.o
LOAD hud.o
LOAD main.o
LOAD opening.o
LOAD player.o
LOAD shot.o
LOAD starfield.o
LOAD textbg.o
LOAD video.o
LOAD wave.o
LOAD /opt/devkitpro/libnds/lib/libnds9.a
LOAD /opt/devkitpro/calico/lib/libcalico_ds9.a
START GROUP
LOAD /opt/devkitpro/devkitARM/lib/gcc/arm-none-eabi/16.1.0/libgcc.a
LOAD /opt/devkitpro/devkitARM/lib/gcc/arm-none-eabi/16.1.0/../../../../arm-none-eabi/lib/libg.a
LOAD /opt/devkitpro/devkitARM/lib/gcc/arm-none-eabi/16.1.0/../../../../arm-none-eabi/lib/libc.a
LOAD /opt/devkitpro/devkitARM/lib/gcc/arm-none-eabi/16.1.0/../../../../arm-none-eabi/lib/libsysbase.a
END GROUP
LOAD /opt/devkitpro/devkitARM/lib/gcc/arm-none-eabi/16.1.0/crtend.o
LOAD /opt/devkitpro/devkitARM/lib/gcc/arm-none-eabi/16.1.0/crtn.o
                0x02ff3e80                        PROVIDE (__sp_usr = (ORIGIN (dtcm) + LENGTH (dtcm)))
                0x02ff3f80                        PROVIDE (__sp_irq = (__sp_usr + 0x100))
                0x02ff3fc0                        PROVIDE (__sp_svc = (__sp_irq + 0x40))
                0x02ff3ff8                        PROVIDE (__irq_flags = (__sp_svc + 0x38))
                [!provide]                        PROVIDE (__irq_vector = (__sp_svc + 0x3c))
                [!provide]                        PROVIDE (__arm_excpt_rst = 0xffff0000)
                [!provide]                        PROVIDE (__arm_excpt_und = 0xffff0004)
                0xffff0008                        PROVIDE (__arm_excpt_svc = 0xffff0008)
                [!provide]                        PROVIDE (__arm_excpt_pabt = 0xffff000c)
                [!provide]                        PROVIDE (__arm_excpt_dabt = 0xffff0010)
                [!provide]                        PROVIDE (__arm_excpt_irq = 0xffff0018)
                [!provide]                        PROVIDE (__arm_excpt_fiq = 0xffff001c)
                0x00000000                        PROVIDE (__end__ = 0x0)

.secure         0x0e000000      0x800 load address 0x02004000
                0x0e0007fc                        . = (. + 0x7fc)
 *fill*         0x0e000000      0x7fc 00000000
                0x0e0007fc        0x4 LONG 0x0

.bootstub       0x0e000800      0x198 load address 0x02004800
 *(.bootstub .bootstub.*)
 .bootstub.__ds9_bootstub
                0x0e000800      0x198 /opt/devkitpro/calico/lib/libcalico_ds9.a(bootstub_arm9.o)
                0x0e000800                __ds9_bootstub
                0x0e000998                        . = ALIGN (0x4)

.crt0           0x02001000      0x3c0 load address 0x02004998
 *(.crt0 .crt0.*)
 .crt0.__ds9_bootstub_trampoline
                0x02001000       0x60 /opt/devkitpro/calico/lib/libcalico_ds9.a(bootstub_arm9.o)
 *.crt0.*(.text .stub .text.* .gnu.linkonce.t.*)
 .text.crt0ProcessLoadList
                0x02001060       0x74 /opt/devkitpro/calico/lib/libcalico_ds9.a(startup.crt0.o)
                0x02001060                crt0ProcessLoadList
 .text.crt0Startup
                0x020010d4      0x180 /opt/devkitpro/calico/lib/libcalico_ds9.a(startup.crt0.o)
                0x020010d4                crt0Startup
 .text.crt0CopyMem32
                0x02001254       0x4c /opt/devkitpro/calico/lib/libcalico_ds9.a(utils.crt0.o)
                0x02001254                crt0CopyMem32
 .text.crt0FillMem32
                0x020012a0       0x58 /opt/devkitpro/calico/lib/libcalico_ds9.a(utils.crt0.o)
                0x020012a0                crt0FillMem32
 .text.crt0SetupMPU
                0x020012f8       0xb4 /opt/devkitpro/calico/lib/libcalico_ds9.a(mpu_setup.crt0.o)
                0x020012f8                crt0SetupMPU
 *.crt0.*(.glue_7t .glue_7 .vfp11_veneer .v4_bx)
 *.crt0.*(.rodata .rodata.* .gnu.linkonce.r.*)
 *.crt0.*(.rodata1)
                0x020013c0                        . = ALIGN (0x20)
 *fill*         0x020013ac       0x14 ff
                0x02004998                        PROVIDE (__crt0_lma = LOADADDR (.crt0))
                0x02001000                        PROVIDE (__crt0_start = ADDR (.crt0))
                0x020013c0                        PROVIDE (__crt0_end = (ADDR (.crt0) + SIZEOF (.crt0)))
                0x00000001                        ASSERT (((__crt0_end <= LOADADDR (.bootstub)) || (__crt0_start >= (LOADADDR (.bootstub) + SIZEOF (.bootstub)))), Error: crt0 section overlaps initial bootstrap)

.dldi           0x0380b000        0x0 load address 0x02004d58
 *(.dldi)
                0x00000000                        PROVIDE (__dldi_lma = SIZEOF (.dldi)?LOADADDR (.dldi):0x0)

.vectors        0x00000000       0x20 load address 0x02004d58
 *(.vectors)
 .vectors       0x00000000       0x20 /opt/devkitpro/calico/lib/libcalico_ds9.a(bootstub_arm9.o)

.itcm           0x01ff8020      0x660 load address 0x02004d78
 *(.itcm .itcm.*)
 .itcm          0x01ff8020       0x30 /opt/devkitpro/calico/lib/libcalico_ds9.a(bootstub_arm9.o)
                0x01ff8038                __excpt_vectors
 *.itcm.*(.text .stub .text.* .gnu.linkonce.t.*)
 *.32.o(.text .stub .text.* .gnu.linkonce.t.*)
 .text.threadSwitchTo
                0x01ff8050       0x7c /opt/devkitpro/calico/lib/libcalico_ds9.a(thread_hot.32.o)
                0x01ff8050                threadSwitchTo
 .text.threadBlock
                0x01ff80cc       0xd4 /opt/devkitpro/calico/lib/libcalico_ds9.a(thread_hot.32.o)
                0x01ff80cc                threadBlock
 .text.threadUnblockOneByValue
                0x01ff81a0       0xd4 /opt/devkitpro/calico/lib/libcalico_ds9.a(thread_hot.32.o)
                0x01ff81a0                threadUnblockOneByValue
 .text.threadUnblockAllByValue
                0x01ff8274      0x138 /opt/devkitpro/calico/lib/libcalico_ds9.a(thread_hot.32.o)
                0x01ff8274                threadUnblockAllByValue
 .text.threadUnblockAllByMask
                0x01ff83ac       0xf0 /opt/devkitpro/calico/lib/libcalico_ds9.a(thread_hot.32.o)
                0x01ff83ac                threadUnblockAllByMask
 .text.armContextSave
                0x01ff849c       0x2c /opt/devkitpro/calico/lib/libcalico_ds9.a(arm-context.32.o)
                0x01ff849c                armContextSave
 .text.armContextLoad
                0x01ff84c8       0x20 /opt/devkitpro/calico/lib/libcalico_ds9.a(arm-context.32.o)
                0x01ff84c8                armContextLoad
                0x01ff84cc                armContextLoadFromSvc
 .text.armWaitForIrq
                0x01ff84e8        0x8 /opt/devkitpro/calico/lib/libcalico_ds9.a(arm-shims.32.o)
                0x01ff84e8                armWaitForIrq
 .text.armDrainWriteBuffer
                0x01ff84f0        0xc /opt/devkitpro/calico/lib/libcalico_ds9.a(arm-cache.32.o)
                0x01ff84f0                armDrainWriteBuffer
 .text.armDCacheFlushAll
                0x01ff84fc       0x28 /opt/devkitpro/calico/lib/libcalico_ds9.a(arm-cache.32.o)
                0x01ff84fc                armDCacheFlushAll
 .text.armDCacheFlush
                0x01ff8524       0x1c /opt/devkitpro/calico/lib/libcalico_ds9.a(arm-cache.32.o)
                0x01ff8524                armDCacheFlush
 .text.armICacheInvalidateAll
                0x01ff8540        0xc /opt/devkitpro/calico/lib/libcalico_ds9.a(arm-cache.32.o)
                0x01ff8540                armICacheInvalidateAll
 .text.__excpt_entry
                0x01ff854c       0x50 /opt/devkitpro/calico/lib/libcalico_ds9.a(excpt_handler.32.o)
                0x01ff854c                __arm_excpt_rst
                0x01ff8550                __arm_excpt_pabt
                0x01ff8554                __arm_excpt_und
                0x01ff8560                __arm_excpt_dabt
 .text.__arm_excpt_irq
                0x01ff859c       0xe4 /opt/devkitpro/calico/lib/libcalico_ds9.a(irq_handler.32.o)
                0x01ff859c                __arm_excpt_irq
 *.itcm.*(.glue_7t .glue_7 .vfp11_veneer .v4_bx)
 *.32.o(.glue_7t .glue_7 .vfp11_veneer .v4_bx)
 *.itcm.*(.rodata .rodata.* .gnu.linkonce.r.*)
 *.32.o(.rodata .rodata.* .gnu.linkonce.r.*)
 *.itcm.*(.rodata1)
 *.32.o(.rodata1)
                0x01ff8680                        . = ALIGN (0x4)
                0x02004d58                        PROVIDE (__itcm_lma = LOADADDR (.vectors))
                0x01ff8000                        PROVIDE (__itcm_start = (ADDR (.itcm) - SIZEOF (.vectors)))
                0x01ff8680                        PROVIDE (__itcm_end = (ADDR (.itcm) + SIZEOF (.itcm)))
                0x00000001                        ASSERT (((__itcm_lma + SIZEOF (.vectors)) == LOADADDR (.itcm)), Error: gap between vectors and itcm)

.dtcm           0x02ff0000        0x0 load address 0x020053d8
 *(.dtcm .dtcm.*)
 *.32.o(.data .data.* .gnu.linkonce.d.*)
 *.32.o(.data1)
                0x02ff0000                        . = ALIGN (0x4)
                [!provide]                        PROVIDE (__dtcm_lma = LOADADDR (.dtcm))
                0x02ff0000                        PROVIDE (__dtcm_start = ADDR (.dtcm))
                0x02ff0000                        PROVIDE (__dtcm_end = (ADDR (.dtcm) + SIZEOF (.dtcm)))

.dtcm.bss       0x02ff0000       0x98 load address 0x020053d8
 *(.sbss .sbss.*)
 *.32.o(.dynbss)
 *.32.o(.bss .bss.* .gnu.linkonce.b.*)
 .bss.__irq_table
                0x02ff0000       0x80 /opt/devkitpro/calico/lib/libcalico_ds9.a(thread_hot.32.o)
                0x02ff0000                __irq_table
 .bss.__sched_state
                0x02ff0080       0x18 /opt/devkitpro/calico/lib/libcalico_ds9.a(thread_hot.32.o)
                0x02ff0080                __sched_state
 *.32.o(COMMON)
                0x02ff0098                        . = ALIGN (0x4)
                [!provide]                        PROVIDE (__dtcm_bss_start = ADDR (.dtcm.bss))
                0x02ff0098                        PROVIDE (__dtcm_bss_end = (ADDR (.dtcm.bss) + SIZEOF (.dtcm.bss)))

.main           0x020013c0    0x18694 load address 0x020053d8
 *(SORT_NONE(.init))
 .init          0x020013c0        0xc /opt/devkitpro/devkitARM/lib/gcc/arm-none-eabi/16.1.0/crti.o
                0x020013c0                _init
 .init          0x020013cc        0xc /opt/devkitpro/devkitARM/lib/gcc/arm-none-eabi/16.1.0/crtn.o
 EXCLUDE_FILE(*.twl.*) *(.text.unlikely .text.*_unlikely .text.unlikely.*)
 EXCLUDE_FILE(*.twl.*) *(.text.exit .text.exit.*)
 .text.exit     0x020013d8       0x30 /opt/devkitpro/devkitARM/lib/gcc/arm-none-eabi/16.1.0/../../../../arm-none-eabi/lib/libg.a(libc_a-exit.o)
                0x020013d8                exit
 EXCLUDE_FILE(*.twl.*) *(.text.startup .text.startup.*)
 .text.startup.main
                0x02001408      0x2e0 main.o
                0x02001408                main
 EXCLUDE_FILE(*.twl.*) *(.text.hot .text.hot.*)
 EXCLUDE_FILE(*.twl.*) *(.text .iplt .stub .text.* .gnu.linkonce.t.*)
 .text.__do_global_dtors_aux
                0x020016e8       0x54 /opt/devkitpro/devkitARM/lib/gcc/arm-none-eabi/16.1.0/crtbegin.o
 .text.frame_dummy
                0x0200173c       0x30 /opt/devkitpro/devkitARM/lib/gcc/arm-none-eabi/16.1.0/crtbegin.o
 .iplt          0x0200176c        0x0 /opt/devkitpro/devkitARM/lib/gcc/arm-none-eabi/16.1.0/crtbegin.o
 .text.bossStart
                0x0200176c       0x64 boss.o
                0x0200176c                bossStart
 .text.bossDamage
                0x020017d0       0x64 boss.o
                0x020017d0                bossDamage
 .text.bossUpdate
                0x02001834      0x550 boss.o
                0x02001834                bossUpdate
 .text.bossRender
                0x02001d84       0xa4 boss.o
                0x02001d84                bossRender
 .text.effectReset
                0x02001e28       0x14 effect.o
                0x02001e28                effectReset
 .text.effectSpawn
                0x02001e3c      0x108 effect.o
                0x02001e3c                effectSpawn
 .text.effectUpdate
                0x02001f44       0x58 effect.o
                0x02001f44                effectUpdate
 .text.effectRender
                0x02001f9c       0xf8 effect.o
                0x02001f9c                effectRender
 .text.enemyReset
                0x02002094       0x14 enemy.o
                0x02002094                enemyReset
 .text.enemyAlive
                0x020020a8       0x2c enemy.o
                0x020020a8                enemyAlive
 .text.enemySpawn
                0x020020d4       0xec enemy.o
                0x020020d4                enemySpawn
 .text.enemyDamageAll
                0x020021c0       0x6c enemy.o
                0x020021c0                enemyDamageAll
 .text.enemyUpdate
                0x0200222c      0x2a4 enemy.o
                0x0200222c                enemyUpdate
 .text.enemyRender
                0x020024d0       0xd4 enemy.o
                0x020024d0                enemyRender
 .text.drawStatus
                0x020025a4      0x13c hud.o
 .text.hudInit  0x020026e0        0x4 hud.o
                0x020026e0                hudInit
 .text.hudDraw  0x020026e4      0x488 hud.o
                0x020026e4                hudDraw
 .text.rnd      0x02002b6c       0x20 main.o
                0x02002b6c                rnd
 .text.gameAddScore
                0x02002b8c       0x24 main.o
                0x02002b8c                gameAddScore
 .text.gameSetState
                0x02002bb0       0x18 main.o
                0x02002bb0                gameSetState
 .text.gameStart
                0x02002bc8       0x60 main.o
                0x02002bc8                gameStart
 .text.crawlHBlank
                0x02002c28       0x70 opening.o
 .text.openingEnter
                0x02002c98      0x158 opening.o
                0x02002c98                openingEnter
 .text.titleEnter
                0x02002df0       0xbc opening.o
                0x02002df0                titleEnter
 .text.openingUpdate
                0x02002eac      0x158 opening.o
                0x02002eac                openingUpdate
 .text.openingRender
                0x02003004      0x198 opening.o
                0x02003004                openingRender
 .text.playerReset
                0x0200319c       0x58 player.o
                0x0200319c                playerReset
 .text.playerUpdate
                0x020031f4      0x34c player.o
                0x020031f4                playerUpdate
 .text.playerDamage
                0x02003540       0xa0 player.o
                0x02003540                playerDamage
 .text.playerRender
                0x020035e0       0xd0 player.o
                0x020035e0                playerRender
 .text.shotReset
                0x020036b0       0x30 shot.o
                0x020036b0                shotReset
 .text.shotFirePlayer
                0x020036e0       0x78 shot.o
                0x020036e0                shotFirePlayer
 .text.shotFireEnemy
                0x02003758       0x58 shot.o
                0x02003758                shotFireEnemy
 .text.shotFireAimed
                0x020037b0      0x104 shot.o
                0x020037b0                shotFireAimed
 .text.shotClearEnemy
                0x020038b4       0x40 shot.o
                0x020038b4                shotClearEnemy
 .text.shotUpdate
                0x020038f4      0x2b0 shot.o
                0x020038f4                shotUpdate
 .text.shotRender
                0x02003ba4      0x190 shot.o
                0x02003ba4                shotRender
 .text.starInit
                0x02003d34      0x3e8 starfield.o
                0x02003d34                starInit
 .text.starUpdate
                0x0200411c       0x40 starfield.o
                0x0200411c                starUpdate
 .text.starApply
                0x0200415c       0x7c starfield.o
                0x0200415c                starApply
 .text.textInit
                0x020041d8      0x244 textbg.o
                0x020041d8                textInit
 .text.textClear
                0x0200441c       0x44 textbg.o
                0x0200441c                textClear
 .text.textPut  0x02004460       0x7c textbg.o
                0x02004460                textPut
 .text.textPutCenter
                0x020044dc       0x38 textbg.o
                0x020044dc                textPutCenter
 .text.textSetColor
                0x02004514        0xc textbg.o
                0x02004514                textSetColor
 .text.textIdentity
                0x02004520       0x30 textbg.o
                0x02004520                textIdentity
 .text.textShow
                0x02004550       0x80 textbg.o
                0x02004550                textShow
 .text.gfxInit  0x020045d0      0x368 video.o
                0x020045d0                gfxInit
 .text.waveReset
                0x02004938       0x3c wave.o
                0x02004938                waveReset
 .text.waveUpdate
                0x02004974       0xb8 wave.o
                0x02004974                waveUpdate
 .text.waveDone
                0x02004a2c       0x4c wave.o
                0x02004a2c                waveDone
 .text.waveNumber
                0x02004a78       0x10 wave.o
                0x02004a78                waveNumber
 .text.waveTotal
                0x02004a88        0x8 wave.o
                0x02004a88                waveTotal
 .text.checkIfText
                0x02004a90       0x6c /opt/devkitpro/libnds/lib/libnds9.a(background.o)
                0x02004a90                checkIfText
 .text.bgUpdate
                0x02004afc       0xe8 /opt/devkitpro/libnds/lib/libnds9.a(background.o)
                0x02004afc                bgUpdate
 .text.bgInit_call
                0x02004be4       0xa8 /opt/devkitpro/libnds/lib/libnds9.a(background.o)
                0x02004be4                bgInit_call
 .text.bgInitSub_call
                0x02004c8c       0xb0 /opt/devkitpro/libnds/lib/libnds9.a(background.o)
                0x02004c8c                bgInitSub_call
 .text.newRow   0x02004d3c       0xe8 /opt/devkitpro/libnds/lib/libnds9.a(console.o)
 .text.consoleGetDefault
                0x02004e24        0x8 /opt/devkitpro/libnds/lib/libnds9.a(console.o)
                0x02004e24                consoleGetDefault
 .text.consolePrintChar
                0x02004e2c       0xe0 /opt/devkitpro/libnds/lib/libnds9.a(console.o)
                0x02004e2c                consolePrintChar
 .text.con_write
                0x02004f0c      0x34c /opt/devkitpro/libnds/lib/libnds9.a(console.o)
                0x02004f0c                con_write
 .text.consoleLoadFont
                0x02005258      0x2e4 /opt/devkitpro/libnds/lib/libnds9.a(console.o)
                0x02005258                consoleLoadFont
 .text.consoleInit
                0x0200553c      0x170 /opt/devkitpro/libnds/lib/libnds9.a(console.o)
                0x0200553c                consoleInit
 .text.consoleDemoInit
                0x020056ac       0x40 /opt/devkitpro/libnds/lib/libnds9.a(console.o)
                0x020056ac                consoleDemoInit
 .text.consoleClear
                0x020056ec       0x10 /opt/devkitpro/libnds/lib/libnds9.a(console.o)
                0x020056ec                consoleClear
 .text.scanKeys
                0x020056fc       0x6c /opt/devkitpro/libnds/lib/libnds9.a(keys.o)
                0x020056fc                scanKeys
 .text.keysHeld
                0x02005768        0xc /opt/devkitpro/libnds/lib/libnds9.a(keys.o)
                0x02005768                keysHeld
 .text.keysDown
                0x02005774       0x10 /opt/devkitpro/libnds/lib/libnds9.a(keys.o)
                0x02005774                keysDown
 .text.__sassert
                0x02005784       0x34 /opt/devkitpro/libnds/lib/libnds9.a(sassert.o)
                0x02005784                __sassert
 .text.oamAllocReset
                0x020057b8       0x1c /opt/devkitpro/libnds/lib/libnds9.a(sprite_alloc.o)
                0x020057b8                oamAllocReset
 .text.oamAllocateGfx
                0x020057d4      0x578 /opt/devkitpro/libnds/lib/libnds9.a(sprite_alloc.o)
                0x020057d4                oamAllocateGfx
 .text.oamInit  0x02005d4c      0x124 /opt/devkitpro/libnds/lib/libnds9.a(sprite.o)
                0x02005d4c                oamInit
 .text.oamGetGfxPtr
                0x02005e70       0x34 /opt/devkitpro/libnds/lib/libnds9.a(sprite.o)
                0x02005e70                oamGetGfxPtr
 .text.oamGfxPtrToOffset
                0x02005ea4       0x34 /opt/devkitpro/libnds/lib/libnds9.a(sprite.o)
                0x02005ea4                oamGfxPtrToOffset
 .text.oamSet   0x02005ed8      0x100 /opt/devkitpro/libnds/lib/libnds9.a(sprite.o)
                0x02005ed8                oamSet
 .text.oamUpdate
                0x02005fd8       0x6c /opt/devkitpro/libnds/lib/libnds9.a(sprite.o)
                0x02005fd8                oamUpdate
 .text.sinLutLookup
                0x02006044       0x4c /opt/devkitpro/libnds/lib/libnds9.a(trig.o)
                0x02006044                sinLutLookup
 .text.sinLerp  0x02006090       0x38 /opt/devkitpro/libnds/lib/libnds9.a(trig.o)
                0x02006090                sinLerp
 .text.cosLerp  0x020060c8       0x44 /opt/devkitpro/libnds/lib/libnds9.a(trig.o)
                0x020060c8                cosLerp
 .text.setBrightness
                0x0200610c       0x40 /opt/devkitpro/libnds/lib/libnds9.a(video.o)
                0x0200610c                setBrightness
 .text.irqSet   0x0200614c       0x64 /opt/devkitpro/calico/lib/libcalico_ds9.a(irq.o)
                0x0200614c                irqSet
 .text._threadTickTask
                0x020061b0       0x10 /opt/devkitpro/calico/lib/libcalico_ds9.a(thread_cold.o)
 .text.threadExit
                0x020061c0       0xa0 /opt/devkitpro/calico/lib/libcalico_ds9.a(thread_cold.o)
                0x020061c0                threadExit
 .text._threadInit
                0x02006260       0x98 /opt/devkitpro/calico/lib/libcalico_ds9.a(thread_cold.o)
                0x02006260                _threadInit
 .text.threadPrepare
                0x020062f8      0x134 /opt/devkitpro/calico/lib/libcalico_ds9.a(thread_cold.o)
                0x020062f8                threadPrepare
 .text.threadStart
                0x0200642c       0x94 /opt/devkitpro/calico/lib/libcalico_ds9.a(thread_cold.o)
                0x0200642c                threadStart
 .text.threadIrqWait
                0x020064c0       0xa4 /opt/devkitpro/calico/lib/libcalico_ds9.a(thread_cold.o)
                0x020064c0                threadIrqWait
 .text.threadSleepTicks
                0x02006564       0x58 /opt/devkitpro/calico/lib/libcalico_ds9.a(thread_cold.o)
                0x02006564                threadSleepTicks
 .text.threadUpdateDynamicPrio
                0x020065bc      0x1d4 /opt/devkitpro/calico/lib/libcalico_ds9.a(mutex.o)
                0x020065bc                threadUpdateDynamicPrio
 .text.threadRemoveWaiter
                0x02006790      0x148 /opt/devkitpro/calico/lib/libcalico_ds9.a(mutex.o)
 .text.mutexLock
                0x020068d8      0x138 /opt/devkitpro/calico/lib/libcalico_ds9.a(mutex.o)
                0x020068d8                mutexLock
 .text.mutexUnlock
                0x02006a10       0xbc /opt/devkitpro/calico/lib/libcalico_ds9.a(mutex.o)
                0x02006a10                mutexUnlock
 .text.keypadGetState
                0x02006acc       0x28 /opt/devkitpro/calico/lib/libcalico_ds9.a(keypad.o)
                0x02006acc                keypadGetState
 .text._pmCallEventHandlers
                0x02006af4       0x40 /opt/devkitpro/calico/lib/libcalico_ds9.a(pm.o)
 .text._pmPxiThreadMain
                0x02006b34       0x9c /opt/devkitpro/calico/lib/libcalico_ds9.a(pm.o)
 .text._pmResetPxiHandler
                0x02006bd0       0x28 /opt/devkitpro/calico/lib/libcalico_ds9.a(pm.o)
 .text.systemUserExit
                0x02006bf8        0x4 /opt/devkitpro/calico/lib/libcalico_ds9.a(pm.o)
                0x02006bf8                systemUserExit
 .text.systemErrorExit
                0x02006bfc        0x4 /opt/devkitpro/calico/lib/libcalico_ds9.a(pm.o)
                0x02006bfc                systemErrorExit
 .text.__syscall_exit
                0x02006c00      0x138 /opt/devkitpro/calico/lib/libcalico_ds9.a(pm.o)
                0x02006c00                __syscall_exit
 .text.pmInit   0x02006d38       0x58 /opt/devkitpro/calico/lib/libcalico_ds9.a(pm.o)
                0x02006d38                pmInit
 .text.pmEnterSleep
                0x02006d90       0xcc /opt/devkitpro/calico/lib/libcalico_ds9.a(pm.o)
                0x02006d90                pmEnterSleep
 .text.pmMainLoop
                0x02006e5c       0x74 /opt/devkitpro/calico/lib/libcalico_ds9.a(pm.o)
                0x02006e5c                pmMainLoop
 .text.touchRead
                0x02006ed0       0x58 /opt/devkitpro/calico/lib/libcalico_ds9.a(touch.o)
                0x02006ed0                touchRead
 .text._tickCountIsr
                0x02006f28       0x1c /opt/devkitpro/calico/lib/libcalico_ds9.a(tick.o)
 .text._tickTaskSchedule.part.0.isra.0
                0x02006f44       0x84 /opt/devkitpro/calico/lib/libcalico_ds9.a(tick.o)
 .text.tickInit
                0x02006fc8       0xa0 /opt/devkitpro/calico/lib/libcalico_ds9.a(tick.o)
                0x02006fc8                tickInit
 .text.tickGetCount
                0x02007068       0x5c /opt/devkitpro/calico/lib/libcalico_ds9.a(tick.o)
                0x02007068                tickGetCount
 .text._tickTaskIsr
                0x020070c4      0x110 /opt/devkitpro/calico/lib/libcalico_ds9.a(tick.o)
 .text.tickTaskStart
                0x020071d4      0x144 /opt/devkitpro/calico/lib/libcalico_ds9.a(tick.o)
                0x020071d4                tickTaskStart
 .text.mailboxTrySend
                0x02007318       0x98 /opt/devkitpro/calico/lib/libcalico_ds9.a(mailbox.o)
                0x02007318                mailboxTrySend
 .text.mailboxRecv
                0x020073b0       0x98 /opt/devkitpro/calico/lib/libcalico_ds9.a(mailbox.o)
                0x020073b0                mailboxRecv
 .text.__syscall_getreent
                0x02007448       0x14 /opt/devkitpro/calico/lib/libcalico_ds9.a(newlib_syscalls.o)
                0x02007448                __syscall_getreent
 .text.__errno  0x0200745c       0x24 /opt/devkitpro/calico/lib/libcalico_ds9.a(newlib_syscalls.o)
                0x0200745c                __errno
 .text.__syscall_lock_acquire
                0x02007480        0x4 /opt/devkitpro/calico/lib/libcalico_ds9.a(newlib_syscalls.o)
                0x02007480                __syscall_lock_acquire
 .text.__syscall_lock_release
                0x02007484        0x4 /opt/devkitpro/calico/lib/libcalico_ds9.a(newlib_syscalls.o)
                0x02007484                __syscall_lock_release
 .text.__syscall_lock_acquire_recursive
                0x02007488       0x4c /opt/devkitpro/calico/lib/libcalico_ds9.a(newlib_syscalls.o)
                0x02007488                __syscall_lock_acquire_recursive
 .text.__syscall_lock_release_recursive
                0x020074d4       0x18 /opt/devkitpro/calico/lib/libcalico_ds9.a(newlib_syscalls.o)
                0x020074d4                __syscall_lock_release_recursive
 .text._pxiMailboxHandler
                0x020074ec        0x4 /opt/devkitpro/calico/lib/libcalico_ds9.a(pxi.o)
 .text._pxiRecvUnhandled
                0x020074f0        0x4 /opt/devkitpro/calico/lib/libcalico_ds9.a(pxi.o)
                0x020074f0                _pxiRecvUnhandled
 .text._pxiRecvIrqHandler
                0x020074f4      0x154 /opt/devkitpro/calico/lib/libcalico_ds9.a(pxi.o)
 .text._pxiInit
                0x02007648       0x58 /opt/devkitpro/calico/lib/libcalico_ds9.a(pxi.o)
                0x02007648                _pxiInit
 .text.pxiSetHandler
                0x020076a0       0x74 /opt/devkitpro/calico/lib/libcalico_ds9.a(pxi.o)
                0x020076a0                pxiSetHandler
 .text.pxiSetMailbox
                0x02007714       0x68 /opt/devkitpro/calico/lib/libcalico_ds9.a(pxi.o)
                0x02007714                pxiSetMailbox
 .text.pxiWaitRemote
                0x0200777c       0x38 /opt/devkitpro/calico/lib/libcalico_ds9.a(pxi.o)
                0x0200777c                pxiWaitRemote
 .text.pxiSendPacket
                0x020077b4       0x50 /opt/devkitpro/calico/lib/libcalico_ds9.a(pxi.o)
                0x020077b4                pxiSendPacket
 .text.systemUserStartup
                0x02007804        0x4 /opt/devkitpro/calico/lib/libcalico_ds9.a(sys_startup.o)
                0x02007804                systemUserStartup
 .text.systemStartup
                0x02007808      0x110 /opt/devkitpro/calico/lib/libcalico_ds9.a(sys_startup.o)
                0x02007808                systemStartup
 .text          0x02007918      0x148 /opt/devkitpro/devkitARM/lib/gcc/arm-none-eabi/16.1.0/libgcc.a(_divsi3.o)
                0x02007918                __aeabi_idiv
                0x02007918                __divsi3
                0x02007a40                __aeabi_idivmod
 .text          0x02007a60        0x4 /opt/devkitpro/devkitARM/lib/gcc/arm-none-eabi/16.1.0/libgcc.a(_dvmd_tls.o)
                0x02007a60                __aeabi_ldiv0
                0x02007a60                __aeabi_idiv0
 .text          0x02007a64       0x3c /opt/devkitpro/devkitARM/lib/gcc/arm-none-eabi/16.1.0/libgcc.a(_aeabi_uldivmod.o)
                0x02007a64                __aeabi_uldivmod
 .text.__udivmoddi4
                0x02007aa0      0x140 /opt/devkitpro/devkitARM/lib/gcc/arm-none-eabi/16.1.0/libgcc.a(_udivmoddi4.o)
                0x02007aa0                __udivmoddi4
 .text          0x02007be0       0x28 /opt/devkitpro/devkitARM/lib/gcc/arm-none-eabi/16.1.0/libgcc.a(_clzdi2.o)
                0x02007be0                __clzdi2
 .text          0x02007c08       0x48 /opt/devkitpro/devkitARM/lib/gcc/arm-none-eabi/16.1.0/libgcc.a(_clzsi2.o)
                0x02007c08                __clzsi2
 .text.memcpy   0x02007c50      0x124 /opt/devkitpro/devkitARM/lib/gcc/arm-none-eabi/16.1.0/../../../../arm-none-eabi/lib/libg.a(libc_a-memcpy-stub.o)
                0x02007c50                memcpy
 .text.viprintf
                0x02007d74       0x30 /opt/devkitpro/devkitARM/lib/gcc/arm-none-eabi/16.1.0/../../../../arm-none-eabi/lib/libg.a(libc_a-viprintf.o)
                0x02007d74                viprintf
 .text.strlen   0x02007da4       0x90 /opt/devkitpro/devkitARM/lib/gcc/arm-none-eabi/16.1.0/../../../../arm-none-eabi/lib/libg.a(libc_a-strlen.o)
                0x02007da4                strlen
 .text.memset   0x02007e34       0xf4 /opt/devkitpro/devkitARM/lib/gcc/arm-none-eabi/16.1.0/../../../../arm-none-eabi/lib/libg.a(libc_a-memset.o)
                0x02007e34                memset
 .text.realloc  0x02007f28       0x2c /opt/devkitpro/devkitARM/lib/gcc/arm-none-eabi/16.1.0/../../../../arm-none-eabi/lib/libg.a(libc_a-realloc.o)
                0x02007f28                realloc
 .text._malloc_r
                0x02007f54      0x804 /opt/devkitpro/devkitARM/lib/gcc/arm-none-eabi/16.1.0/../../../../arm-none-eabi/lib/libg.a(libc_a-mallocr.o)
                0x02007f54                _malloc_r
 .text._malloc_trim_r
                0x02008758      0x11c /opt/devkitpro/devkitARM/lib/gcc/arm-none-eabi/16.1.0/../../../../arm-none-eabi/lib/libg.a(libc_a-freer.o)
                0x02008758                _malloc_trim_r
 .text._free_r  0x02008874      0x2fc /opt/devkitpro/devkitARM/lib/gcc/arm-none-eabi/16.1.0/../../../../arm-none-eabi/lib/libg.a(libc_a-freer.o)
                0x02008874                _free_r
 .text.setvbuf  0x02008b70      0x29c /opt/devkitpro/devkitARM/lib/gcc/arm-none-eabi/16.1.0/../../../../arm-none-eabi/lib/libg.a(libc_a-setvbuf.o)
                0x02008b70                setvbuf
 .text.stdio_exit_handler
                0x02008e0c       0x28 /opt/devkitpro/devkitARM/lib/gcc/arm-none-eabi/16.1.0/../../../../arm-none-eabi/lib/libg.a(libc_a-findfp.o)
 .text.cleanup_stdio
                0x02008e34       0x54 /opt/devkitpro/devkitARM/lib/gcc/arm-none-eabi/16.1.0/../../../../arm-none-eabi/lib/libg.a(libc_a-findfp.o)
 .text.global_stdio_init.part.0
                0x02008e88      0x158 /opt/devkitpro/devkitARM/lib/gcc/arm-none-eabi/16.1.0/../../../../arm-none-eabi/lib/libg.a(libc_a-findfp.o)
 .text.__sinit  0x02008fe0       0x64 /opt/devkitpro/devkitARM/lib/gcc/arm-none-eabi/16.1.0/../../../../arm-none-eabi/lib/libg.a(libc_a-findfp.o)
                0x02008fe0                __sinit
 .text.__sfp_lock_acquire
                0x02009044       0x18 /opt/devkitpro/devkitARM/lib/gcc/arm-none-eabi/16.1.0/../../../../arm-none-eabi/lib/libg.a(libc_a-findfp.o)
                0x02009044                __sfp_lock_acquire
 .text.__sfp_lock_release
                0x0200905c       0x18 /opt/devkitpro/devkitARM/lib/gcc/arm-none-eabi/16.1.0/../../../../arm-none-eabi/lib/libg.a(libc_a-findfp.o)
                0x0200905c                __sfp_lock_release
 .text.__libc_init_array
                0x02009074       0x90 /opt/devkitpro/devkitARM/lib/gcc/arm-none-eabi/16.1.0/../../../../arm-none-eabi/lib/libg.a(libc_a-init.o)
                0x02009074                __libc_init_array
 .text.malloc   0x02009104       0x48 /opt/devkitpro/devkitARM/lib/gcc/arm-none-eabi/16.1.0/../../../../arm-none-eabi/lib/libg.a(libc_a-malloc.o)
                0x02009104                malloc
 .text.free     0x0200914c       0x24 /opt/devkitpro/devkitARM/lib/gcc/arm-none-eabi/16.1.0/../../../../arm-none-eabi/lib/libg.a(libc_a-malloc.o)
                0x0200914c                free
 .text.siscanf  0x02009170       0x78 /opt/devkitpro/devkitARM/lib/gcc/arm-none-eabi/16.1.0/../../../../arm-none-eabi/lib/libg.a(libc_a-siscanf.o)
                0x02009170                siscanf
 .text.__sread  0x020091e8       0x4c /opt/devkitpro/devkitARM/lib/gcc/arm-none-eabi/16.1.0/../../../../arm-none-eabi/lib/libg.a(libc_a-stdio.o)
                0x020091e8                __sread
 .text.__seofread
                0x02009234        0x8 /opt/devkitpro/devkitARM/lib/gcc/arm-none-eabi/16.1.0/../../../../arm-none-eabi/lib/libg.a(libc_a-stdio.o)
                0x02009234                __seofread
 .text.__swrite
                0x0200923c       0x6c /opt/devkitpro/devkitARM/lib/gcc/arm-none-eabi/16.1.0/../../../../arm-none-eabi/lib/libg.a(libc_a-stdio.o)
                0x0200923c                __swrite
 .text.__sseek  0x020092a8       0x48 /opt/devkitpro/devkitARM/lib/gcc/arm-none-eabi/16.1.0/../../../../arm-none-eabi/lib/libg.a(libc_a-stdio.o)
                0x020092a8                __sseek
 .text.__sclose
                0x020092f0       0x14 /opt/devkitpro/devkitARM/lib/gcc/arm-none-eabi/16.1.0/../../../../arm-none-eabi/lib/libg.a(libc_a-stdio.o)
                0x020092f0                __sclose
 .text._realloc_r
                0x02009304      0x51c /opt/devkitpro/devkitARM/lib/gcc/arm-none-eabi/16.1.0/../../../../arm-none-eabi/lib/libg.a(libc_a-reallocr.o)
                0x02009304                _realloc_r
 .text.iprintf  0x02009820       0x34 /opt/devkitpro/devkitARM/lib/gcc/arm-none-eabi/16.1.0/../../../../arm-none-eabi/lib/libg.a(libc_a-iprintf.o)
                0x02009820                iprintf
 .text.__malloc_lock
                0x02009854       0x18 /opt/devkitpro/devkitARM/lib/gcc/arm-none-eabi/16.1.0/../../../../arm-none-eabi/lib/libg.a(libc_a-mlock.o)
                0x02009854                __malloc_lock
 .text.__malloc_unlock
                0x0200986c       0x18 /opt/devkitpro/devkitARM/lib/gcc/arm-none-eabi/16.1.0/../../../../arm-none-eabi/lib/libg.a(libc_a-mlock.o)
                0x0200986c                __malloc_unlock
 .text._fclose_r
                0x02009884      0x150 /opt/devkitpro/devkitARM/lib/gcc/arm-none-eabi/16.1.0/../../../../arm-none-eabi/lib/libg.a(libc_a-fclose.o)
                0x02009884                _fclose_r
 .text.__call_exitprocs
                0x020099d4       0x10 /opt/devkitpro/devkitARM/lib/gcc/arm-none-eabi/16.1.0/../../../../arm-none-eabi/lib/libg.a(libc_a-exit.o)
                0x020099d4                __call_exitprocs
 .text.__libc_fini_array
                0x020099e4       0x44 /opt/devkitpro/devkitARM/lib/gcc/arm-none-eabi/16.1.0/../../../../arm-none-eabi/lib/libg.a(libc_a-fini.o)
                0x020099e4                __libc_fini_array
 .text.get_arg  0x02009a28      0x5fc /opt/devkitpro/devkitARM/lib/gcc/arm-none-eabi/16.1.0/../../../../arm-none-eabi/lib/libg.a(libc_a-vfiprintf.o)
 .text._vfiprintf_r
                0x0200a024     0x2344 /opt/devkitpro/devkitARM/lib/gcc/arm-none-eabi/16.1.0/../../../../arm-none-eabi/lib/libg.a(libc_a-vfiprintf.o)
                0x0200a024                _vfiprintf_r
 .text.__sbprintf
                0x0200c368       0xb8 /opt/devkitpro/devkitARM/lib/gcc/arm-none-eabi/16.1.0/../../../../arm-none-eabi/lib/libg.a(libc_a-vfiprintf.o)
 .text._fwalk_sglue
                0x0200c420       0x78 /opt/devkitpro/devkitARM/lib/gcc/arm-none-eabi/16.1.0/../../../../arm-none-eabi/lib/libg.a(libc_a-fwalk.o)
                0x0200c420                _fwalk_sglue
 .text._wcrtomb_r
                0x0200c498       0xac /opt/devkitpro/devkitARM/lib/gcc/arm-none-eabi/16.1.0/../../../../arm-none-eabi/lib/libg.a(libc_a-wcrtomb.o)
                0x0200c498                _wcrtomb_r
 .text._memalign_r
                0x0200c544      0x188 /opt/devkitpro/devkitARM/lib/gcc/arm-none-eabi/16.1.0/../../../../arm-none-eabi/lib/libg.a(libc_a-malignr.o)
                0x0200c544                _memalign_r
 .text.__smakebuf_r
                0x0200c6cc      0x168 /opt/devkitpro/devkitARM/lib/gcc/arm-none-eabi/16.1.0/../../../../arm-none-eabi/lib/libg.a(libc_a-makebuf.o)
                0x0200c6cc                __smakebuf_r
 .text.__swhatbuf_r
                0x0200c834       0x84 /opt/devkitpro/devkitARM/lib/gcc/arm-none-eabi/16.1.0/../../../../arm-none-eabi/lib/libg.a(libc_a-makebuf.o)
                0x0200c834                __swhatbuf_r
 .text.__locale_mb_cur_max
                0x0200c8b8       0x28 /opt/devkitpro/devkitARM/lib/gcc/arm-none-eabi/16.1.0/../../../../arm-none-eabi/lib/libg.a(libc_a-locale.o)
                0x0200c8b8                __locale_mb_cur_max
 .text.__sflush_r
                0x0200c8e0      0x248 /opt/devkitpro/devkitARM/lib/gcc/arm-none-eabi/16.1.0/../../../../arm-none-eabi/lib/libg.a(libc_a-fflush.o)
                0x0200c8e0                __sflush_r
 .text._fflush_r
                0x0200cb28       0xcc /opt/devkitpro/devkitARM/lib/gcc/arm-none-eabi/16.1.0/../../../../arm-none-eabi/lib/libg.a(libc_a-fflush.o)
                0x0200cb28                _fflush_r
 .text.__sprint_r
                0x0200cbf4       0x34 /opt/devkitpro/devkitARM/lib/gcc/arm-none-eabi/16.1.0/../../../../arm-none-eabi/lib/libg.a(libc_a-sprint_r.o)
                0x0200cbf4                __sprint_r
 .text.get_arg  0x0200cc28       0x54 /opt/devkitpro/devkitARM/lib/gcc/arm-none-eabi/16.1.0/../../../../arm-none-eabi/lib/libg.a(libc_a-svfiscanf.o)
 .text._sungetc_r
                0x0200cc7c       0xe8 /opt/devkitpro/devkitARM/lib/gcc/arm-none-eabi/16.1.0/../../../../arm-none-eabi/lib/libg.a(libc_a-svfiscanf.o)
                0x0200cc7c                _sungetc_r
 .text.__ssrefill_r
                0x0200cd64       0x68 /opt/devkitpro/devkitARM/lib/gcc/arm-none-eabi/16.1.0/../../../../arm-none-eabi/lib/libg.a(libc_a-svfiscanf.o)
                0x0200cd64                __ssrefill_r
 .text._sfread_r
                0x0200cdcc       0xb8 /opt/devkitpro/devkitARM/lib/gcc/arm-none-eabi/16.1.0/../../../../arm-none-eabi/lib/libg.a(libc_a-svfiscanf.o)
                0x0200cdcc                _sfread_r
 .text.__ssvfiscanf_r
                0x0200ce84     0x22d4 /opt/devkitpro/devkitARM/lib/gcc/arm-none-eabi/16.1.0/../../../../arm-none-eabi/lib/libg.a(libc_a-svfiscanf.o)
                0x0200ce84                __ssvfiscanf_r
 .text._strtol_l.part.0
                0x0200f158      0x388 /opt/devkitpro/devkitARM/lib/gcc/arm-none-eabi/16.1.0/../../../../arm-none-eabi/lib/libg.a(libc_a-strtol.o)
 .text._strtol_r
                0x0200f4e0       0x70 /opt/devkitpro/devkitARM/lib/gcc/arm-none-eabi/16.1.0/../../../../arm-none-eabi/lib/libg.a(libc_a-strtol.o)
                0x0200f4e0                _strtol_r
 .text.strncpy  0x0200f550       0xdc /opt/devkitpro/devkitARM/lib/gcc/arm-none-eabi/16.1.0/../../../../arm-none-eabi/lib/libg.a(libc_a-strncpy.o)
                0x0200f550                strncpy
 .text.memchr   0x0200f62c       0xf4 /opt/devkitpro/devkitARM/lib/gcc/arm-none-eabi/16.1.0/../../../../arm-none-eabi/lib/libg.a(libc_a-memchr-stub.o)
                0x0200f62c                memchr
 .text._wcsrtombs_r
                0x0200f720       0x2c /opt/devkitpro/devkitARM/lib/gcc/arm-none-eabi/16.1.0/../../../../arm-none-eabi/lib/libg.a(libc_a-wcsrtombs.o)
                0x0200f720                _wcsrtombs_r
 .text.__swsetup_r
                0x0200f74c      0x148 /opt/devkitpro/devkitARM/lib/gcc/arm-none-eabi/16.1.0/../../../../arm-none-eabi/lib/libg.a(libc_a-wsetup.o)
                0x0200f74c                __swsetup_r
 .text._localeconv_r
                0x0200f894       0x28 /opt/devkitpro/devkitARM/lib/gcc/arm-none-eabi/16.1.0/../../../../arm-none-eabi/lib/libg.a(libc_a-localeconv.o)
                0x0200f894                _localeconv_r
 .text.memmove  0x0200f8bc      0x1b4 /opt/devkitpro/devkitARM/lib/gcc/arm-none-eabi/16.1.0/../../../../arm-none-eabi/lib/libg.a(libc_a-memmove.o)
                0x0200f8bc                memmove
 .text.__utf8_wctomb
                0x0200fa70       0xf8 /opt/devkitpro/devkitARM/lib/gcc/arm-none-eabi/16.1.0/../../../../arm-none-eabi/lib/libg.a(libc_a-wctomb_r.o)
                0x0200fa70                __utf8_wctomb
 .text._wcsnrtombs_l
                0x0200fb68      0x16c /opt/devkitpro/devkitARM/lib/gcc/arm-none-eabi/16.1.0/../../../../arm-none-eabi/lib/libg.a(libc_a-wcsnrtombs.o)
                0x0200fb68                _wcsnrtombs_l
 .text._wcsnrtombs_r
                0x0200fcd4       0x68 /opt/devkitpro/devkitARM/lib/gcc/arm-none-eabi/16.1.0/../../../../arm-none-eabi/lib/libg.a(libc_a-wcsnrtombs.o)
                0x0200fcd4                _wcsnrtombs_r
 .text.iswspace
                0x0200fd3c       0x14 /opt/devkitpro/devkitARM/lib/gcc/arm-none-eabi/16.1.0/../../../../arm-none-eabi/lib/libg.a(libc_a-iswspace.o)
                0x0200fd3c                iswspace
 .text._strtoull_l.isra.0
                0x0200fd50      0x268 /opt/devkitpro/devkitARM/lib/gcc/arm-none-eabi/16.1.0/../../../../arm-none-eabi/lib/libg.a(libc_a-strtoull.o)
 .text._strtoull_r
                0x0200ffb8       0x38 /opt/devkitpro/devkitARM/lib/gcc/arm-none-eabi/16.1.0/../../../../arm-none-eabi/lib/libg.a(libc_a-strtoull.o)
                0x0200ffb8                _strtoull_r
 .text._strtoul_l.isra.0
                0x0200fff0      0x1f0 /opt/devkitpro/devkitARM/lib/gcc/arm-none-eabi/16.1.0/../../../../arm-none-eabi/lib/libg.a(libc_a-strtoul.o)
 .text._strtoul_r
                0x020101e0       0x38 /opt/devkitpro/devkitARM/lib/gcc/arm-none-eabi/16.1.0/../../../../arm-none-eabi/lib/libg.a(libc_a-strtoul.o)
                0x020101e0                _strtoul_r
 .text.__submore
                0x02010218       0xbc /opt/devkitpro/devkitARM/lib/gcc/arm-none-eabi/16.1.0/../../../../arm-none-eabi/lib/libg.a(libc_a-ungetc.o)
                0x02010218                __submore
 .text.__utf8_mbtowc
                0x020102d4      0x344 /opt/devkitpro/devkitARM/lib/gcc/arm-none-eabi/16.1.0/../../../../arm-none-eabi/lib/libg.a(libc_a-mbtowc_r.o)
                0x020102d4                __utf8_mbtowc
 .text._mbrtowc_r
                0x02010618       0xd0 /opt/devkitpro/devkitARM/lib/gcc/arm-none-eabi/16.1.0/../../../../arm-none-eabi/lib/libg.a(libc_a-mbrtowc.o)
                0x02010618                _mbrtowc_r
 .text.__sfvwrite_r
                0x020106e8      0x4b4 /opt/devkitpro/devkitARM/lib/gcc/arm-none-eabi/16.1.0/../../../../arm-none-eabi/lib/libg.a(libc_a-fvwrite.o)
                0x020106e8                __sfvwrite_r
 .text.__sccl   0x02010b9c       0xe8 /opt/devkitpro/devkitARM/lib/gcc/arm-none-eabi/16.1.0/../../../../arm-none-eabi/lib/libg.a(libc_a-sccl.o)
                0x02010b9c                __sccl
 .text._strtoll_l.isra.0
                0x02010c84      0x49c /opt/devkitpro/devkitARM/lib/gcc/arm-none-eabi/16.1.0/../../../../arm-none-eabi/lib/libg.a(libc_a-strtoll.o)
 .text._strtoll_r
                0x02011120       0x38 /opt/devkitpro/devkitARM/lib/gcc/arm-none-eabi/16.1.0/../../../../arm-none-eabi/lib/libg.a(libc_a-strtoll.o)
                0x02011120                _strtoll_r
 .text.iswspace_l
                0x02011158       0x40 /opt/devkitpro/devkitARM/lib/gcc/arm-none-eabi/16.1.0/../../../../arm-none-eabi/lib/libg.a(libc_a-iswspace_l.o)
                0x02011158                iswspace_l
 .text.category
                0x02011198       0x98 /opt/devkitpro/devkitARM/lib/gcc/arm-none-eabi/16.1.0/../../../../arm-none-eabi/lib/libg.a(libc_a-categories.o)
                0x02011198                category
 .text._exit    0x02011230       0x20 /opt/devkitpro/devkitARM/lib/gcc/arm-none-eabi/16.1.0/../../../../arm-none-eabi/lib/libsysbase.a(libsysbase_libsysbase_a-_exit.o)
                0x02011230                _exit
 .text._fstat_r
                0x02011250       0xa0 /opt/devkitpro/devkitARM/lib/gcc/arm-none-eabi/16.1.0/../../../../arm-none-eabi/lib/libsysbase.a(libsysbase_libsysbase_a-fstat.o)
                0x02011250                _fstat_r
 .text.__getreent
                0x020112f0       0x30 /opt/devkitpro/devkitARM/lib/gcc/arm-none-eabi/16.1.0/../../../../arm-none-eabi/lib/libsysbase.a(libsysbase_libsysbase_a-getreent.o)
                0x020112f0                __getreent
 .text.__get_handle
                0x02011320       0x5c /opt/devkitpro/devkitARM/lib/gcc/arm-none-eabi/16.1.0/../../../../arm-none-eabi/lib/libsysbase.a(libsysbase_libsysbase_a-handle_manager.o)
                0x02011320                __get_handle
 .text._close_r
                0x0201137c      0x118 /opt/devkitpro/devkitARM/lib/gcc/arm-none-eabi/16.1.0/../../../../arm-none-eabi/lib/libsysbase.a(libsysbase_libsysbase_a-handle_manager.o)
                0x0201137c                _close_r
 .text.null_write
                0x02011494        0x8 /opt/devkitpro/devkitARM/lib/gcc/arm-none-eabi/16.1.0/../../../../arm-none-eabi/lib/libsysbase.a(libsysbase_libsysbase_a-iosupport.o)
 .text._isatty_r
                0x0201149c        0x8 /opt/devkitpro/devkitARM/lib/gcc/arm-none-eabi/16.1.0/../../../../arm-none-eabi/lib/libsysbase.a(libsysbase_libsysbase_a-isatty.o)
                0x0201149c                _isatty_r
 .text._lseek_r
                0x020114a4       0x98 /opt/devkitpro/devkitARM/lib/gcc/arm-none-eabi/16.1.0/../../../../arm-none-eabi/lib/libsysbase.a(libsysbase_libsysbase_a-lseek.o)
                0x020114a4                _lseek_r
 .text._read_r  0x0201153c       0x98 /opt/devkitpro/devkitARM/lib/gcc/arm-none-eabi/16.1.0/../../../../arm-none-eabi/lib/libsysbase.a(libsysbase_libsysbase_a-read.o)
                0x0201153c                _read_r
 .text._sbrk_r  0x020115d4       0x78 /opt/devkitpro/devkitARM/lib/gcc/arm-none-eabi/16.1.0/../../../../arm-none-eabi/lib/libsysbase.a(libsysbase_libsysbase_a-sbrk.o)
                0x020115d4                _sbrk_r
 .text.__libc_lock_acquire
                0x0201164c       0x20 /opt/devkitpro/devkitARM/lib/gcc/arm-none-eabi/16.1.0/../../../../arm-none-eabi/lib/libsysbase.a(libsysbase_libsysbase_a-syscall_support.o)
                0x0201164c                __libc_lock_acquire
 .text.__libc_lock_release
                0x0201166c       0x20 /opt/devkitpro/devkitARM/lib/gcc/arm-none-eabi/16.1.0/../../../../arm-none-eabi/lib/libsysbase.a(libsysbase_libsysbase_a-syscall_support.o)
                0x0201166c                __libc_lock_release
 .text.__libc_lock_acquire_recursive
                0x0201168c       0x20 /opt/devkitpro/devkitARM/lib/gcc/arm-none-eabi/16.1.0/../../../../arm-none-eabi/lib/libsysbase.a(libsysbase_libsysbase_a-syscall_support.o)
                0x0201168c                __libc_lock_acquire_recursive
 .text.__libc_lock_release_recursive
                0x020116ac       0x20 /opt/devkitpro/devkitARM/lib/gcc/arm-none-eabi/16.1.0/../../../../arm-none-eabi/lib/libsysbase.a(libsysbase_libsysbase_a-syscall_support.o)
                0x020116ac                __libc_lock_release_recursive
 .text._write_r
                0x020116cc       0x98 /opt/devkitpro/devkitARM/lib/gcc/arm-none-eabi/16.1.0/../../../../arm-none-eabi/lib/libsysbase.a(libsysbase_libsysbase_a-write.o)
                0x020116cc                _write_r
 .text          0x02011764      0x114 /opt/devkitpro/devkitARM/lib/gcc/arm-none-eabi/16.1.0/libgcc.a(_udivsi3.o)
                0x02011764                __udivsi3
                0x02011764                __aeabi_uidiv
                0x02011858                __aeabi_uidivmod
 EXCLUDE_FILE(*.twl.*) *(.glue_7t .glue_7 .vfp11_veneer .v4_bx)
 .glue_7        0x02011878        0x0 linker stubs
 .glue_7t       0x02011878        0x0 linker stubs
 .vfp11_veneer  0x02011878        0x0 linker stubs
 .v4_bx         0x02011878        0x0 linker stubs
 *(SORT_NONE(.fini))
 .fini          0x02011878        0xc /opt/devkitpro/devkitARM/lib/gcc/arm-none-eabi/16.1.0/crti.o
                0x02011878                _fini
 .fini          0x02011884        0xc /opt/devkitpro/devkitARM/lib/gcc/arm-none-eabi/16.1.0/crtn.o
 .fini.__stub   0x02011890        0x8 linker stubs
 EXCLUDE_FILE(*.twl.*) *(.rodata .rodata.* .gnu.linkonce.r.*)
 .rodata        0x02011898      0x220 spr_blast.o
                0x02011898                spr_blastTiles
                0x02011a98                spr_blastPal
 .rodata        0x02011ab8      0x820 spr_boss.o
                0x02011ab8                spr_bossTiles
                0x020122b8                spr_bossPal
 .rodata        0x020122d8     0x2020 spr_logo.o
                0x020122d8                spr_logoTiles
                0x020142d8                spr_logoPal
 .rodata        0x020142f8       0xa0 spr_shots.o
                0x020142f8                spr_shotsTiles
                0x02014378                spr_shotsPal
 .rodata        0x02014398      0x120 spr_tie.o
                0x02014398                spr_tieTiles
                0x02014498                spr_tiePal
 .rodata        0x020144b8      0x620 spr_xwing.o
                0x020144b8                spr_xwingTiles
                0x02014ab8                spr_xwingPal
 .rodata.enemyUpdate
                0x02014ad8        0x4 enemy.o
 .rodata.drawStatus.str1.4
                0x02014adc      0x618 hud.o
                                 0x6e (size before relaxing)
 .rodata.hudDraw.str1.4
                0x020150f4        0x0 hud.o
                                0x272 (size before relaxing)
 .rodata.hudDraw
                0x020150f4        0x7 hud.o
 .rodata.main   0x020150fb        0x7 main.o
 .rodata.openingEnter.str1.4
                0x02015102        0x0 opening.o
                                 0x2e (size before relaxing)
 .rodata.titleEnter.str1.4
                0x02015102        0x0 opening.o
                                 0x43 (size before relaxing)
 .rodata.openingRender.str1.4
                0x02015102        0x0 opening.o
                                  0xd (size before relaxing)
 .rodata.str1.4
                0x02015102        0x0 opening.o
                                0x163 (size before relaxing)
 *fill*         0x02015102        0x2 ff
 .rodata.crawlText
                0x02015104       0x54 opening.o
 .rodata.rate.0
                0x02015158       0x10 player.o
 .rodata.starInit.str1.4
                0x02015168        0x0 starfield.o
                                 0x88 (size before relaxing)
 .rodata.spot.0
                0x02015168       0x15 starfield.o
 *fill*         0x0201517d        0x3 ff
 .rodata.stage  0x02015180      0x150 wave.o
 .rodata.con_write.str1.4
                0x020152d0        0x0 /opt/devkitpro/libnds/lib/libnds9.a(console.o)
                                 0x30 (size before relaxing)
 .rodata.con_write
                0x020152d0       0xd4 /opt/devkitpro/libnds/lib/libnds9.a(console.o)
 .rodata.consoleClear.str1.4
                0x020153a4        0x0 /opt/devkitpro/libnds/lib/libnds9.a(console.o)
                                  0x5 (size before relaxing)
 .rodata.str1.4
                0x020153a4        0x0 /opt/devkitpro/libnds/lib/libnds9.a(console.o)
                                 0x14 (size before relaxing)
 .rodata.dotab_stdout
                0x020153a4       0x80 /opt/devkitpro/libnds/lib/libnds9.a(console.o)
 .rodata.__sassert.str1.4
                0x02015424        0x0 /opt/devkitpro/libnds/lib/libnds9.a(sassert.o)
                                 0x42 (size before relaxing)
 .rodata.SIN_LUT
                0x02015424      0x102 /opt/devkitpro/libnds/lib/libnds9.a(trig.o)
                0x02015424                SIN_LUT
 *fill*         0x02015526        0x2 ff
 .rodata.default_font_bin
                0x02015528      0x800 /opt/devkitpro/libnds/lib/libnds9.a(default_font.bin.o)
                0x02015528                default_font_bin
                0x02015d28                default_font_bin_end
 .rodata.get_arg
                0x02015d28       0x34 /opt/devkitpro/devkitARM/lib/gcc/arm-none-eabi/16.1.0/../../../../arm-none-eabi/lib/libg.a(libc_a-vfiprintf.o)
 .rodata._vfiprintf_r.str1.1
                0x02015d5c       0x29 /opt/devkitpro/devkitARM/lib/gcc/arm-none-eabi/16.1.0/../../../../arm-none-eabi/lib/libg.a(libc_a-vfiprintf.o)
 *fill*         0x02015d85        0x1 ff
 .rodata._vfiprintf_r
                0x02015d86       0xb6 /opt/devkitpro/devkitARM/lib/gcc/arm-none-eabi/16.1.0/../../../../arm-none-eabi/lib/libg.a(libc_a-vfiprintf.o)
 .rodata.zeroes.0
                0x02015e3c       0x10 /opt/devkitpro/devkitARM/lib/gcc/arm-none-eabi/16.1.0/../../../../arm-none-eabi/lib/libg.a(libc_a-vfiprintf.o)
 .rodata.blanks.1
                0x02015e4c       0x10 /opt/devkitpro/devkitARM/lib/gcc/arm-none-eabi/16.1.0/../../../../arm-none-eabi/lib/libg.a(libc_a-vfiprintf.o)
 .rodata.__action_table
                0x02015e5c       0x6c /opt/devkitpro/devkitARM/lib/gcc/arm-none-eabi/16.1.0/../../../../arm-none-eabi/lib/libg.a(libc_a-svfiprintf.o)
                0x02015e5c                __action_table
 .rodata.__state_table
                0x02015ec8       0x6c /opt/devkitpro/devkitARM/lib/gcc/arm-none-eabi/16.1.0/../../../../arm-none-eabi/lib/libg.a(libc_a-svfiprintf.o)
                0x02015ec8                __state_table
 .rodata.__chclass
                0x02015f34      0x100 /opt/devkitpro/devkitARM/lib/gcc/arm-none-eabi/16.1.0/../../../../arm-none-eabi/lib/libg.a(libc_a-svfiprintf.o)
                0x02015f34                __chclass
 .rodata.str1.4
                0x02016034        0x0 /opt/devkitpro/devkitARM/lib/gcc/arm-none-eabi/16.1.0/../../../../arm-none-eabi/lib/libg.a(libc_a-locale.o)
                                 0x4c (size before relaxing)
 .rodata.__ssvfiscanf_r
                0x02016034       0x7f /opt/devkitpro/devkitARM/lib/gcc/arm-none-eabi/16.1.0/../../../../arm-none-eabi/lib/libg.a(libc_a-svfiscanf.o)
 *fill*         0x020160b3        0x1 ff
 .rodata.basefix.0
                0x020160b4       0x22 /opt/devkitpro/devkitARM/lib/gcc/arm-none-eabi/16.1.0/../../../../arm-none-eabi/lib/libg.a(libc_a-svfiscanf.o)
 *fill*         0x020160d6        0x2 ff
 .rodata._ctype_
                0x020160d8      0x101 /opt/devkitpro/devkitARM/lib/gcc/arm-none-eabi/16.1.0/../../../../arm-none-eabi/lib/libg.a(libc_a-ctype_.o)
                0x020160d8                _ctype_
 .rodata._mbrtowc_r.str1.4
                0x020161d9        0x0 /opt/devkitpro/devkitARM/lib/gcc/arm-none-eabi/16.1.0/../../../../arm-none-eabi/lib/libg.a(libc_a-mbrtowc.o)
                                  0x1 (size before relaxing)
 *fill*         0x020161d9        0x3 ff
 .rodata.categories
                0x020161dc     0x37f8 /opt/devkitpro/devkitARM/lib/gcc/arm-none-eabi/16.1.0/../../../../arm-none-eabi/lib/libg.a(libc_a-categories.o)
 .rodata.str1.4
                0x020199d4        0x0 /opt/devkitpro/devkitARM/lib/gcc/arm-none-eabi/16.1.0/../../../../arm-none-eabi/lib/libsysbase.a(libsysbase_libsysbase_a-iosupport.o)
                                  0x8 (size before relaxing)
 .rodata.dotab_stdnull
                0x020199d4       0x80 /opt/devkitpro/devkitARM/lib/gcc/arm-none-eabi/16.1.0/../../../../arm-none-eabi/lib/libsysbase.a(libsysbase_libsysbase_a-iosupport.o)
                0x020199d4                dotab_stdnull
 EXCLUDE_FILE(*.twl.*) *(.rodata1)
                0x02019a54                        . = ALIGN (0x4)

.main.rw        0x02019a58     0x1a08 load address 0x0201da70
 EXCLUDE_FILE(*.twl.*) *(.data .data.* .gnu.linkonce.d.*)
 .data.bgTransform
                0x02019a58       0x20 /opt/devkitpro/libnds/lib/libnds9.a(background.o)
                0x02019a58                bgTransform
 .data.bgScrollTable
                0x02019a78       0x20 /opt/devkitpro/libnds/lib/libnds9.a(background.o)
                0x02019a78                bgScrollTable
 .data.bgControl
                0x02019a98       0x20 /opt/devkitpro/libnds/lib/libnds9.a(background.o)
                0x02019a98                bgControl
 .data.firstConsoleInit.0
                0x02019ab8        0x1 /opt/devkitpro/libnds/lib/libnds9.a(console.o)
 *fill*         0x02019ab9        0x3 ff
 .data.currentConsole
                0x02019abc        0x4 /opt/devkitpro/libnds/lib/libnds9.a(console.o)
                0x02019abc                currentConsole
 .data.defaultConsole
                0x02019ac0       0x5c /opt/devkitpro/libnds/lib/libnds9.a(console.o)
                0x02019ac0                defaultConsole
 .data.count    0x02019b1c        0x1 /opt/devkitpro/libnds/lib/libnds9.a(keys.o)
 .data.repeat   0x02019b1d        0x1 /opt/devkitpro/libnds/lib/libnds9.a(keys.o)
 .data.delay    0x02019b1e        0x1 /opt/devkitpro/libnds/lib/libnds9.a(keys.o)
 *fill*         0x02019b1f        0x1 ff
 .data.oamMain  0x02019b20       0x18 /opt/devkitpro/libnds/lib/libnds9.a(sprite.o)
                0x02019b20                oamMain
 .data.__malloc_sbrk_base
                0x02019b38        0x4 /opt/devkitpro/devkitARM/lib/gcc/arm-none-eabi/16.1.0/../../../../arm-none-eabi/lib/libg.a(libc_a-mallocr.o)
                0x02019b38                __malloc_sbrk_base
 .data.__malloc_trim_threshold
                0x02019b3c        0x4 /opt/devkitpro/devkitARM/lib/gcc/arm-none-eabi/16.1.0/../../../../arm-none-eabi/lib/libg.a(libc_a-mallocr.o)
                0x02019b3c                __malloc_trim_threshold
 .data.__malloc_av_
                0x02019b40      0x408 /opt/devkitpro/devkitARM/lib/gcc/arm-none-eabi/16.1.0/../../../../arm-none-eabi/lib/libg.a(libc_a-mallocr.o)
                0x02019b40                __malloc_av_
 .data.__sglue  0x02019f48        0xc /opt/devkitpro/devkitARM/lib/gcc/arm-none-eabi/16.1.0/../../../../arm-none-eabi/lib/libg.a(libc_a-findfp.o)
                0x02019f48                __sglue
 .data._impure_ptr
                0x02019f54        0x4 /opt/devkitpro/devkitARM/lib/gcc/arm-none-eabi/16.1.0/../../../../arm-none-eabi/lib/libg.a(libc_a-impure.o)
                0x02019f54                _impure_ptr
 .data._impure_data
                0x02019f58      0x200 /opt/devkitpro/devkitARM/lib/gcc/arm-none-eabi/16.1.0/../../../../arm-none-eabi/lib/libg.a(libc_a-impure.o)
                0x02019f58                _impure_data
 .data.__global_locale
                0x0201a158      0x254 /opt/devkitpro/devkitARM/lib/gcc/arm-none-eabi/16.1.0/../../../../arm-none-eabi/lib/libg.a(libc_a-locale.o)
                0x0201a158                __global_locale
 *fill*         0x0201a3ac        0x4 ff
 .data.handles  0x0201a3b0     0x1000 /opt/devkitpro/devkitARM/lib/gcc/arm-none-eabi/16.1.0/../../../../arm-none-eabi/lib/libsysbase.a(libsysbase_libsysbase_a-handle_manager.o)
 .data.__stderr_handle
                0x0201b3b0        0xc /opt/devkitpro/devkitARM/lib/gcc/arm-none-eabi/16.1.0/../../../../arm-none-eabi/lib/libsysbase.a(libsysbase_libsysbase_a-handle_manager.o)
 .data.__stdout_handle
                0x0201b3bc        0xc /opt/devkitpro/devkitARM/lib/gcc/arm-none-eabi/16.1.0/../../../../arm-none-eabi/lib/libsysbase.a(libsysbase_libsysbase_a-handle_manager.o)
 .data.__stdin_handle
                0x0201b3c8        0xc /opt/devkitpro/devkitARM/lib/gcc/arm-none-eabi/16.1.0/../../../../arm-none-eabi/lib/libsysbase.a(libsysbase_libsysbase_a-handle_manager.o)
 .data.devoptab_list
                0x0201b3d4       0x8c /opt/devkitpro/devkitARM/lib/gcc/arm-none-eabi/16.1.0/../../../../arm-none-eabi/lib/libsysbase.a(libsysbase_libsysbase_a-iosupport.o)
                0x0201b3d4                devoptab_list
 EXCLUDE_FILE(*.twl.*) *(.data1)
 EXCLUDE_FILE(*.twl.*) *(.igot.plt)
 .igot.plt      0x0201b460        0x0 /opt/devkitpro/devkitARM/lib/gcc/arm-none-eabi/16.1.0/crtbegin.o
                0x0201b460                        . = ALIGN (0x4)

.ARM.extab
 *(.ARM.extab* .gnu.linkonce.armextab.*)

.ARM.exidx      0x0201b460        0x0 load address 0x0201f478
 *(.ARM.exidx* .gnu.linkonce.armexidx.*)
                [!provide]                        PROVIDE (__exidx_start = ADDR (.ARM.exidx))
                [!provide]                        PROVIDE (__exidx_end = (ADDR (.ARM.exidx) + SIZEOF (.ARM.exidx)))

.eh_frame_hdr
 *(.eh_frame_hdr)
 *(.eh_frame_entry .eh_frame_entry.*)

.eh_frame       0x0201b460        0x4 load address 0x0201f478
 *(.eh_frame)
 .eh_frame      0x0201b460        0x0 /opt/devkitpro/devkitARM/lib/gcc/arm-none-eabi/16.1.0/crtbegin.o
 .eh_frame      0x0201b460        0x4 /opt/devkitpro/devkitARM/lib/gcc/arm-none-eabi/16.1.0/crtend.o
 *(.eh_frame.*)

.gcc_except_table
 *(.gcc_except_table .gcc_except_table.*)

.gnu_extab
 *(.gnu_extab*)

.tinfo          0x0201b464        0xc load address 0x0201f47c
                0x0201b464        0x4 LONG 0x201b478 __tls_start
                0x0201b468        0x4 LONG 0x0 SIZEOF (.main.tls)
                0x0201b46c        0x4 LONG 0x0 SIZEOF (.tdata)
                0x0201b464                        PROVIDE (__tls_info = ADDR (.tinfo))

.preinit_array  0x0201b470        0x0 load address 0x0201f488
                0x0201b470                        PROVIDE (__preinit_array_start = .)
 *(.preinit_array)
                0x0201b470                        PROVIDE (__preinit_array_end = .)

.init_array     0x0201b470        0x4 load address 0x0201f488
                0x0201b470                        PROVIDE (__init_array_start = .)
 *(SORT_BY_INIT_PRIORITY(.init_array.*) SORT_BY_INIT_PRIORITY(.ctors.*))
 *(.init_array .ctors)
 .init_array    0x0201b470        0x4 /opt/devkitpro/devkitARM/lib/gcc/arm-none-eabi/16.1.0/crtbegin.o
                0x0201b474                        PROVIDE (__init_array_end = .)

.fini_array     0x0201b474        0x4 load address 0x0201f48c
                0x0201b474                        PROVIDE (__fini_array_start = .)
 *(SORT_BY_INIT_PRIORITY(.fini_array.*) SORT_BY_INIT_PRIORITY(.dtors.*))
 *(.fini_array .dtors)
 .fini_array    0x0201b474        0x4 /opt/devkitpro/devkitARM/lib/gcc/arm-none-eabi/16.1.0/crtbegin.o
                0x0201b478                        PROVIDE (__fini_array_end = .)
                [!provide]                        PROVIDE (__main_lma = LOADADDR (.main))
                0x020013c0                        PROVIDE (__main_start = ADDR (.main))
                0x0201b478                        PROVIDE (__main_end = (ADDR (.fini_array) + SIZEOF (.fini_array)))

.tdata          0x00000000        0x0 load address 0x0201f490
 *(.tdata .tdata.* .gnu.linkonce.td.*)
                0x00000000                        . = ALIGN (0x4)

.tbss           0x00000000        0x0 load address 0x0201f490
 *(.tbss .tbss.* .gnu.linkonce.tb.*)
 *(.tcommon)
                0x00000000                        . = ALIGN (0x4)
                0x00000001                        ASSERT (((ALIGNOF (.tdata) <= 0x8) || (ALIGNOF (.tbss) <= 0x8)), Error: TLS is overaligned (up to 8-byte alignment is supported))
                0x00000001                        ASSERT (((ADDR (.tbss) + SIZEOF (.tbss)) <= (ORIGIN (tls) + LENGTH (tls))), Error: TLS section too large)

.main.tls       0x0201b478        0x0
                0x0201b478                        . = (. + ((ADDR (.tbss) + SIZEOF (.tbss)) - ADDR (.tdata)))
                [!provide]                        PROVIDE (__tls_lma = LOADADDR (.tdata))
                0x0201b478                        PROVIDE (__tls_start = ADDR (.main.tls))
                0x0201b478                        PROVIDE (__tls_end = (ADDR (.main.tls) + SIZEOF (.tdata)))

.main.bss       0x0201b480     0x2020
 EXCLUDE_FILE(*.twl.*) *(.dynbss)
 EXCLUDE_FILE(*.twl.*) *(.bss .bss.* .gnu.linkonce.b.*)
 .bss.completed.1
                0x0201b480        0x1 /opt/devkitpro/devkitARM/lib/gcc/arm-none-eabi/16.1.0/crtbegin.o
 *fill*         0x0201b481        0x3 
 .bss.object.0  0x0201b484       0x18 /opt/devkitpro/devkitARM/lib/gcc/arm-none-eabi/16.1.0/crtbegin.o
 *fill*         0x0201b49c        0x4 
 .bss.boss      0x0201b4a0       0x30 boss.o
                0x0201b4a0                boss
 .bss.fxpool    0x0201b4d0       0xc0 effect.o
 .bss.enemy     0x0201b590      0x200 enemy.o
                0x0201b590                enemy
 .bss.g         0x0201b790       0x20 main.o
                0x0201b790                g
 .bss.blinkShown
                0x0201b7b0        0x4 opening.o
 .bss.t         0x0201b7b4        0x4 opening.o
 .bss.phase     0x0201b7b8        0x4 opening.o
 .bss.scroll    0x0201b7bc        0x4 opening.o
 .bss.tabAlpha  0x0201b7c0      0x180 opening.o
 .bss.tabY      0x0201b940      0x300 opening.o
 .bss.tabX      0x0201bc40      0x300 opening.o
 .bss.tabPa     0x0201bf40      0x180 opening.o
 .bss.player    0x0201c0c0       0x28 player.o
                0x0201c0c0                player
 .bss.eshot     0x0201c0e8      0x320 shot.o
                0x0201c0e8                eshot
 .bss.pshot     0x0201c408      0x1e0 shot.o
                0x0201c408                pshot
 .bss.tiles.1   0x0201c5e8      0x100 starfield.o
 .bss.scrollFar
                0x0201c6e8        0x4 starfield.o
 .bss.scrollNear
                0x0201c6ec        0x4 starfield.o
 .bss.bgFar     0x0201c6f0        0x4 starfield.o
 .bss.bgNear    0x0201c6f4        0x4 starfield.o
 .bss.map       0x0201c6f8        0x4 textbg.o
 .bss.layer     0x0201c6fc        0x4 textbg.o
 .bss.gfxLogo   0x0201c700       0x10 video.o
                0x0201c700                gfxLogo
 .bss.gfxBlast  0x0201c710       0x10 video.o
                0x0201c710                gfxBlast
 .bss.gfxShot   0x0201c720       0x10 video.o
                0x0201c720                gfxShot
 .bss.gfxBoss   0x0201c730        0x4 video.o
                0x0201c730                gfxBoss
 .bss.gfxTie    0x0201c734        0x8 video.o
                0x0201c734                gfxTie
 .bss.gfxXwing  0x0201c73c        0xc video.o
                0x0201c73c                gfxXwing
 .bss.curWave   0x0201c748        0x4 wave.o
 .bss.timer     0x0201c74c        0x4 wave.o
 *fill*         0x0201c750       0x10 
 .bss.emitted   0x0201c760       0x38 wave.o
 .bss.bgIsTextLut
                0x0201c798        0x8 /opt/devkitpro/libnds/lib/libnds9.a(background.o)
                0x0201c798                bgIsTextLut
 .bss.bgState   0x0201c7a0      0x140 /opt/devkitpro/libnds/lib/libnds9.a(background.o)
                0x0201c7a0                bgState
 .bss.currentCopy
                0x0201c8e0       0x5c /opt/devkitpro/libnds/lib/libnds9.a(console.o)
                0x0201c8e0                currentCopy
 .bss.keysrepeat
                0x0201c93c        0x2 /opt/devkitpro/libnds/lib/libnds9.a(keys.o)
 *fill*         0x0201c93e        0x2 
 .bss.s_keypad  0x0201c940        0x4 /opt/devkitpro/libnds/lib/libnds9.a(keys.o)
 .bss.OamMemory
                0x0201c944      0x400 /opt/devkitpro/libnds/lib/libnds9.a(sprite.o)
                0x0201c944                OamMemory
 .bss.s_sleepThreads
                0x0201cd44        0x8 /opt/devkitpro/calico/lib/libcalico_ds9.a(thread_cold.o)
 .bss.s_joinThreads
                0x0201cd4c        0x8 /opt/devkitpro/calico/lib/libcalico_ds9.a(thread_cold.o)
 .bss.s_idleThread
                0x0201cd54       0x70 /opt/devkitpro/calico/lib/libcalico_ds9.a(thread_cold.o)
 .bss.s_mainThread
                0x0201cdc4       0x70 /opt/devkitpro/calico/lib/libcalico_ds9.a(thread_cold.o)
 *fill*         0x0201ce34        0x4 
 .bss.s_pmPxiThreadStack
                0x0201ce38      0x200 /opt/devkitpro/calico/lib/libcalico_ds9.a(pm.o)
 .bss.s_pmPxiThread
                0x0201d038       0x70 /opt/devkitpro/calico/lib/libcalico_ds9.a(pm.o)
 .bss.s_pmState
                0x0201d0a8        0x8 /opt/devkitpro/calico/lib/libcalico_ds9.a(pm.o)
 .bss.s_firstTask
                0x0201d0b0        0x4 /opt/devkitpro/calico/lib/libcalico_ds9.a(tick.o)
 *fill*         0x0201d0b4        0x4 
 .bss.s_highTickCount
                0x0201d0b8        0x8 /opt/devkitpro/calico/lib/libcalico_ds9.a(tick.o)
 .bss.s_tickInit
                0x0201d0c0        0x1 /opt/devkitpro/calico/lib/libcalico_ds9.a(tick.o)
 *fill*         0x0201d0c1        0x3 
 .bss.s_mailboxRecvQueue
                0x0201d0c4        0x8 /opt/devkitpro/calico/lib/libcalico_ds9.a(mailbox.o)
 .bss.s_defaultErrno.0
                0x0201d0cc        0x4 /opt/devkitpro/calico/lib/libcalico_ds9.a(newlib_syscalls.o)
 .bss.__stacksize__
                0x0201d0d0        0x4 /opt/devkitpro/calico/lib/libcalico_ds9.a(startup.crt0.o)
                0x0201d0d0                __stacksize__
 .bss.g_isTwlMode
                0x0201d0d4        0x1 /opt/devkitpro/calico/lib/libcalico_ds9.a(startup.crt0.o)
                0x0201d0d4                g_isTwlMode
 *fill*         0x0201d0d5        0x3 
 .bss.s_pxiChannels
                0x0201d0d8      0x1f0 /opt/devkitpro/calico/lib/libcalico_ds9.a(pxi.o)
 .bss.s_pxiRecvState
                0x0201d2c8        0x4 /opt/devkitpro/calico/lib/libcalico_ds9.a(pxi.o)
 .bss.s_pxiRecvQueue
                0x0201d2cc        0x8 /opt/devkitpro/calico/lib/libcalico_ds9.a(pxi.o)
 .bss.s_pxiSendMutex
                0x0201d2d4        0x4 /opt/devkitpro/calico/lib/libcalico_ds9.a(pxi.o)
 .bss.__malloc_current_mallinfo
                0x0201d2d8       0x28 /opt/devkitpro/devkitARM/lib/gcc/arm-none-eabi/16.1.0/../../../../arm-none-eabi/lib/libg.a(libc_a-mallocr.o)
                0x0201d2d8                __malloc_current_mallinfo
 .bss.__malloc_max_total_mem
                0x0201d300        0x4 /opt/devkitpro/devkitARM/lib/gcc/arm-none-eabi/16.1.0/../../../../arm-none-eabi/lib/libg.a(libc_a-mallocr.o)
                0x0201d300                __malloc_max_total_mem
 .bss.__malloc_max_sbrked_mem
                0x0201d304        0x4 /opt/devkitpro/devkitARM/lib/gcc/arm-none-eabi/16.1.0/../../../../arm-none-eabi/lib/libg.a(libc_a-mallocr.o)
                0x0201d304                __malloc_max_sbrked_mem
 .bss.__malloc_top_pad
                0x0201d308        0x4 /opt/devkitpro/devkitARM/lib/gcc/arm-none-eabi/16.1.0/../../../../arm-none-eabi/lib/libg.a(libc_a-mallocr.o)
                0x0201d308                __malloc_top_pad
 .bss.__sfp_recursive_mutex
                0x0201d30c        0xc /opt/devkitpro/devkitARM/lib/gcc/arm-none-eabi/16.1.0/../../../../arm-none-eabi/lib/libg.a(libc_a-findfp.o)
 .bss.__sf      0x0201d318      0x168 /opt/devkitpro/devkitARM/lib/gcc/arm-none-eabi/16.1.0/../../../../arm-none-eabi/lib/libg.a(libc_a-findfp.o)
                0x0201d318                __sf
 .bss.__stdio_exit_handler
                0x0201d480        0x4 /opt/devkitpro/devkitARM/lib/gcc/arm-none-eabi/16.1.0/../../../../arm-none-eabi/lib/libg.a(libc_a-findfp.o)
                0x0201d480                __stdio_exit_handler
 .bss.__malloc_recursive_mutex
                0x0201d484        0xc /opt/devkitpro/devkitARM/lib/gcc/arm-none-eabi/16.1.0/../../../../arm-none-eabi/lib/libg.a(libc_a-mlock.o)
 .bss.__hndl_lock
                0x0201d490        0x4 /opt/devkitpro/devkitARM/lib/gcc/arm-none-eabi/16.1.0/../../../../arm-none-eabi/lib/libsysbase.a(libsysbase_libsysbase_a-handle_manager.o)
 .bss.fake_heap_start
                0x0201d494        0x4 /opt/devkitpro/devkitARM/lib/gcc/arm-none-eabi/16.1.0/../../../../arm-none-eabi/lib/libsysbase.a(libsysbase_libsysbase_a-malloc_vars.o)
                0x0201d494                fake_heap_start
 .bss.fake_heap_end
                0x0201d498        0x4 /opt/devkitpro/devkitARM/lib/gcc/arm-none-eabi/16.1.0/../../../../arm-none-eabi/lib/libsysbase.a(libsysbase_libsysbase_a-malloc_vars.o)
                0x0201d498                fake_heap_end
 .bss.heap_start.0
                0x0201d49c        0x4 /opt/devkitpro/devkitARM/lib/gcc/arm-none-eabi/16.1.0/../../../../arm-none-eabi/lib/libsysbase.a(libsysbase_libsysbase_a-sbrk.o)
 EXCLUDE_FILE(*.twl.*) *(COMMON)
                0x0201d4a0                        . = ALIGN (0x4)
                [!provide]                        PROVIDE (__main_bss_start = ADDR (.main.bss))
                0x0201d4a0                        PROVIDE (__main_bss_end = (ADDR (.main.bss) + SIZEOF (.main.bss)))
                0x0201d4a0                        . = .
                0x0201d4a0                        PROVIDE (__heap_start_ntr = .)
                0x00000001                        ASSERT ((. <= 0x2380000), Error: DS-mode sections overflow DS ARM9 memory size (3.5 MB))

.twl            0x0201d4a0        0x0 load address 0x02400000
 *(.twl .twl.*)
 *.twl.*(.text .stub .text.* .gnu.linkonce.t.*)
 *.twl.*(.glue_7t .glue_7 .vfp11_veneer .v4_bx)
 *.twl.*(.rodata .rodata.* .gnu.linkonce.r.*)
 *.twl.*(.rodata1)
                0x0201d4a0                        . = ALIGN (0x4)

.twl.rw         0x0201d4a0        0x0 load address 0x02400000
 *.twl.*(.data .data.* .gnu.linkonce.d.*)
 *.twl.*(.data1)
                0x0201d4a0                        . = ALIGN (0x4)
                0x02400000                        PROVIDE (__twl_lma = LOADADDR (.twl))
                0x0201d4a0                        PROVIDE (__twl_start = ADDR (.twl))
                0x0201d4a0                        PROVIDE (__twl_end = (ADDR (.twl.rw) + SIZEOF (.twl.rw)))

.twl.bss        0x0201d4a0        0x0 load address 0x02400000
 *(.twl_bss .twl_bss.*)
 *.twl.*(.dynbss)
 *.twl.*(.bss .bss.* .gnu.linkonce.b.*)
 *.twl.*(COMMON)
                0x0201d4a0                        . = ALIGN (0x4)
                [!provide]                        PROVIDE (__twl_bss_start = ADDR (.twl.bss))
                0x0201d4a0                        PROVIDE (__twl_bss_end = (ADDR (.twl.bss) + SIZEOF (.twl.bss)))
                0x0201d4a0                        . = .
                0x0201d4a0                        PROVIDE (__heap_start_twl = .)

.loadlist       0x0e000998       0x30 load address 0x0201f490
                0x0e000998        0x4 LONG 0x1ff8000 __itcm_start
                0x0e00099c        0x4 LONG 0x1ff8680 __itcm_end
                0x0e0009a0        0x4 LONG 0x1ff8680 __itcm_end
                0x0e0009a4        0x4 LONG 0x2ff0000 __dtcm_start
                0x0e0009a8        0x4 LONG 0x2ff0000 __dtcm_end
                0x0e0009ac        0x4 LONG 0x2ff0098 __dtcm_bss_end
                0x0e0009b0        0x4 LONG 0x20013c0 __main_start
                0x0e0009b4        0x4 LONG 0x201b478 __main_end
                0x0e0009b8        0x4 LONG 0x201b478 __main_end
                0x0e0009bc        0x4 LONG 0x201b478 __tls_start
                0x0e0009c0        0x4 LONG 0x201b478 __tls_end
                0x0e0009c4        0x4 LONG 0x201d4a0 __main_bss_end
                0x02004d58                        PROVIDE (__loadlist_lma = __itcm_lma)
                0x0201f490                        PROVIDE (__loadlist_start = LOADADDR (.loadlist))
                0x0201f4c0                        PROVIDE (__loadlist_end = (LOADADDR (.loadlist) + SIZEOF (.loadlist)))

.twl.loadlist   0x0e0009c8        0xc load address 0x02400000
                0x0e0009c8        0x4 LONG 0x201d4a0 __twl_start
                0x0e0009cc        0x4 LONG 0x201d4a0 __twl_end
                0x0e0009d0        0x4 LONG 0x201d4a0 __twl_bss_end
                0x02400000                        PROVIDE (__twl_loadlist_lma = __twl_lma)
                0x02400000                        PROVIDE (__twl_loadlist_start = LOADADDR (.twl.loadlist))
                0x0240000c                        PROVIDE (__twl_loadlist_end = (LOADADDR (.twl.loadlist) + SIZEOF (.twl.loadlist)))

.rel.dyn        0x0e0009d4        0x0 load address 0x0240000c
 .rel.iplt      0x0e0009d4        0x0 /opt/devkitpro/devkitARM/lib/gcc/arm-none-eabi/16.1.0/crtbegin.o

.stab
 *(.stab)

.stabstr
 *(.stabstr)

.stab.excl
 *(.stab.excl)

.stab.exclstr
 *(.stab.exclstr)

.stab.index
 *(.stab.index)

.stab.indexstr
 *(.stab.indexstr)

.comment        0x00000000       0x30
 *(.comment)
 .comment       0x00000000       0x30 /opt/devkitpro/devkitARM/lib/gcc/arm-none-eabi/16.1.0/crtbegin.o
                                 0x19 (size before relaxing)
 .comment       0x00000030        0x0 boss.o
                                 0x19 (size before relaxing)
 .comment       0x00000030        0x0 effect.o
                                 0x19 (size before relaxing)
 .comment       0x00000030        0x0 enemy.o
                                 0x19 (size before relaxing)
 .comment       0x00000030        0x0 hud.o
                                 0x19 (size before relaxing)
 .comment       0x00000030        0x0 main.o
                                 0x19 (size before relaxing)
 .comment       0x00000030        0x0 opening.o
                                 0x19 (size before relaxing)
 .comment       0x00000030        0x0 player.o
                                 0x19 (size before relaxing)
 .comment       0x00000030        0x0 shot.o
                                 0x19 (size before relaxing)
 .comment       0x00000030        0x0 starfield.o
                                 0x19 (size before relaxing)
 .comment       0x00000030        0x0 textbg.o
                                 0x19 (size before relaxing)
 .comment       0x00000030        0x0 video.o
                                 0x19 (size before relaxing)
 .comment       0x00000030        0x0 wave.o
                                 0x19 (size before relaxing)
 .comment       0x00000030        0x0 /opt/devkitpro/libnds/lib/libnds9.a(background.o)
                                 0x19 (size before relaxing)
 .comment       0x00000030        0x0 /opt/devkitpro/libnds/lib/libnds9.a(console.o)
                                 0x19 (size before relaxing)
 .comment       0x00000030        0x0 /opt/devkitpro/libnds/lib/libnds9.a(keys.o)
                                 0x19 (size before relaxing)
 .comment       0x00000030        0x0 /opt/devkitpro/libnds/lib/libnds9.a(sassert.o)
                                 0x19 (size before relaxing)
 .comment       0x00000030        0x0 /opt/devkitpro/libnds/lib/libnds9.a(sprite_alloc.o)
                                 0x19 (size before relaxing)
 .comment       0x00000030        0x0 /opt/devkitpro/libnds/lib/libnds9.a(sprite.o)
                                 0x19 (size before relaxing)
 .comment       0x00000030        0x0 /opt/devkitpro/libnds/lib/libnds9.a(trig.o)
                                 0x19 (size before relaxing)
 .comment       0x00000030        0x0 /opt/devkitpro/libnds/lib/libnds9.a(video.o)
                                 0x19 (size before relaxing)
 .comment       0x00000030        0x0 /opt/devkitpro/calico/lib/libcalico_ds9.a(irq.o)
                                 0x19 (size before relaxing)
 .comment       0x00000030        0x0 /opt/devkitpro/calico/lib/libcalico_ds9.a(thread_cold.o)
                                 0x19 (size before relaxing)
 .comment       0x00000030        0x0 /opt/devkitpro/calico/lib/libcalico_ds9.a(thread_hot.32.o)
                                 0x19 (size before relaxing)
 .comment       0x00000030        0x0 /opt/devkitpro/calico/lib/libcalico_ds9.a(mutex.o)
                                 0x19 (size before relaxing)
 .comment       0x00000030        0x0 /opt/devkitpro/calico/lib/libcalico_ds9.a(arm-shims.32.o)
                                 0x19 (size before relaxing)
 .comment       0x00000030        0x0 /opt/devkitpro/calico/lib/libcalico_ds9.a(keypad.o)
                                 0x19 (size before relaxing)
 .comment       0x00000030        0x0 /opt/devkitpro/calico/lib/libcalico_ds9.a(pm.o)
                                 0x19 (size before relaxing)
 .comment       0x00000030        0x0 /opt/devkitpro/calico/lib/libcalico_ds9.a(touch.o)
                                 0x19 (size before relaxing)
 .comment       0x00000030        0x0 /opt/devkitpro/calico/lib/libcalico_ds9.a(tick.o)
                                 0x19 (size before relaxing)
 .comment       0x00000030        0x0 /opt/devkitpro/calico/lib/libcalico_ds9.a(mailbox.o)
                                 0x19 (size before relaxing)
 .comment       0x00000030        0x0 /opt/devkitpro/calico/lib/libcalico_ds9.a(newlib_syscalls.o)
                                 0x19 (size before relaxing)
 .comment       0x00000030        0x0 /opt/devkitpro/calico/lib/libcalico_ds9.a(startup.crt0.o)
                                 0x19 (size before relaxing)
 .comment       0x00000030        0x0 /opt/devkitpro/calico/lib/libcalico_ds9.a(pxi.o)
                                 0x19 (size before relaxing)
 .comment       0x00000030        0x0 /opt/devkitpro/calico/lib/libcalico_ds9.a(sys_startup.o)
                                 0x19 (size before relaxing)
 .comment       0x00000030        0x0 /opt/devkitpro/devkitARM/lib/gcc/arm-none-eabi/16.1.0/libgcc.a(_udivmoddi4.o)
                                 0x19 (size before relaxing)
 .comment       0x00000030        0x0 /opt/devkitpro/devkitARM/lib/gcc/arm-none-eabi/16.1.0/crtend.o
                                 0x19 (size before relaxing)

.gnu.build.attributes
 *(.gnu.build.attributes .gnu.build.attributes.*)

.debug
 *(.debug)

.line
 *(.line)

.debug_srcinfo
 *(.debug_srcinfo)

.debug_sfnames
 *(.debug_sfnames)

.debug_aranges  0x00000000      0xbf8
 *(.debug_aranges)
 .debug_aranges
                0x00000000       0x38 boss.o
 .debug_aranges
                0x00000038       0x38 effect.o
 .debug_aranges
                0x00000070       0x48 enemy.o
 .debug_aranges
                0x000000b8       0x30 hud.o
 .debug_aranges
                0x000000e8       0x40 main.o
 .debug_aranges
                0x00000128       0x40 opening.o
 .debug_aranges
                0x00000168       0x38 player.o
 .debug_aranges
                0x000001a0       0x50 shot.o
 .debug_aranges
                0x000001f0       0x30 starfield.o
 .debug_aranges
                0x00000220       0x50 textbg.o
 .debug_aranges
                0x00000270       0x20 video.o
 .debug_aranges
                0x00000290       0x40 wave.o
 .debug_aranges
                0x000002d0       0x40 /opt/devkitpro/libnds/lib/libnds9.a(background.o)
 .debug_aranges
                0x00000310       0x80 /opt/devkitpro/libnds/lib/libnds9.a(console.o)
 .debug_aranges
                0x00000390       0x50 /opt/devkitpro/libnds/lib/libnds9.a(keys.o)
 .debug_aranges
                0x000003e0       0x20 /opt/devkitpro/libnds/lib/libnds9.a(sassert.o)
 .debug_aranges
                0x00000400       0x38 /opt/devkitpro/libnds/lib/libnds9.a(sprite_alloc.o)
 .debug_aranges
                0x00000438       0x60 /opt/devkitpro/libnds/lib/libnds9.a(sprite.o)
 .debug_aranges
                0x00000498       0x60 /opt/devkitpro/libnds/lib/libnds9.a(trig.o)
 .debug_aranges
                0x000004f8       0x48 /opt/devkitpro/libnds/lib/libnds9.a(video.o)
 .debug_aranges
                0x00000540       0x20 /opt/devkitpro/calico/lib/libcalico_ds9.a(irq.o)
 .debug_aranges
                0x00000560       0x90 /opt/devkitpro/calico/lib/libcalico_ds9.a(thread_cold.o)
 .debug_aranges
                0x000005f0       0x50 /opt/devkitpro/calico/lib/libcalico_ds9.a(thread_hot.32.o)
 .debug_aranges
                0x00000640       0x58 /opt/devkitpro/calico/lib/libcalico_ds9.a(mutex.o)
 .debug_aranges
                0x00000698       0x28 /opt/devkitpro/calico/lib/libcalico_ds9.a(arm-context.32.o)
 .debug_aranges
                0x000006c0       0x70 /opt/devkitpro/calico/lib/libcalico_ds9.a(arm-shims.32.o)
 .debug_aranges
                0x00000730       0x48 /opt/devkitpro/calico/lib/libcalico_ds9.a(arm-cache.32.o)
 .debug_aranges
                0x00000778       0x20 /opt/devkitpro/calico/lib/libcalico_ds9.a(keypad.o)
 .debug_aranges
                0x00000798       0xa0 /opt/devkitpro/calico/lib/libcalico_ds9.a(pm.o)
 .debug_aranges
                0x00000838       0x38 /opt/devkitpro/calico/lib/libcalico_ds9.a(bootstub_arm9.o)
 .debug_aranges
                0x00000870       0x20 /opt/devkitpro/calico/lib/libcalico_ds9.a(excpt_handler.32.o)
 .debug_aranges
                0x00000890       0x20 /opt/devkitpro/calico/lib/libcalico_ds9.a(touch.o)
 .debug_aranges
                0x000008b0       0x50 /opt/devkitpro/calico/lib/libcalico_ds9.a(tick.o)
 .debug_aranges
                0x00000900       0x30 /opt/devkitpro/calico/lib/libcalico_ds9.a(mailbox.o)
 .debug_aranges
                0x00000930       0xb8 /opt/devkitpro/calico/lib/libcalico_ds9.a(newlib_syscalls.o)
 .debug_aranges
                0x000009e8       0x28 /opt/devkitpro/calico/lib/libcalico_ds9.a(startup.crt0.o)
 .debug_aranges
                0x00000a10       0x28 /opt/devkitpro/calico/lib/libcalico_ds9.a(utils.crt0.o)
 .debug_aranges
                0x00000a38       0x20 /opt/devkitpro/calico/lib/libcalico_ds9.a(irq_handler.32.o)
 .debug_aranges
                0x00000a58       0x78 /opt/devkitpro/calico/lib/libcalico_ds9.a(pxi.o)
 .debug_aranges
                0x00000ad0       0x20 /opt/devkitpro/calico/lib/libcalico_ds9.a(mpu_setup.crt0.o)
 .debug_aranges
                0x00000af0       0x28 /opt/devkitpro/calico/lib/libcalico_ds9.a(sys_startup.o)
 .debug_aranges
                0x00000b18       0x20 /opt/devkitpro/devkitARM/lib/gcc/arm-none-eabi/16.1.0/libgcc.a(_divsi3.o)
 .debug_aranges
                0x00000b38       0x20 /opt/devkitpro/devkitARM/lib/gcc/arm-none-eabi/16.1.0/libgcc.a(_dvmd_tls.o)
 .debug_aranges
                0x00000b58       0x20 /opt/devkitpro/devkitARM/lib/gcc/arm-none-eabi/16.1.0/libgcc.a(_aeabi_uldivmod.o)
 .debug_aranges
                0x00000b78       0x20 /opt/devkitpro/devkitARM/lib/gcc/arm-none-eabi/16.1.0/libgcc.a(_udivmoddi4.o)
 .debug_aranges
                0x00000b98       0x20 /opt/devkitpro/devkitARM/lib/gcc/arm-none-eabi/16.1.0/libgcc.a(_clzdi2.o)
 .debug_aranges
                0x00000bb8       0x20 /opt/devkitpro/devkitARM/lib/gcc/arm-none-eabi/16.1.0/libgcc.a(_clzsi2.o)
 .debug_aranges
                0x00000bd8       0x20 /opt/devkitpro/devkitARM/lib/gcc/arm-none-eabi/16.1.0/libgcc.a(_udivsi3.o)

.debug_pubnames
 *(.debug_pubnames)

.debug_info     0x00000000    0x20556
 *(.debug_info .gnu.linkonce.wi.*)
 .debug_info    0x00000000     0x1335 boss.o
 .debug_info    0x00001335      0xa91 effect.o
 .debug_info    0x00001dc6      0xf21 enemy.o
 .debug_info    0x00002ce7      0xefd hud.o
 .debug_info    0x00003be4      0xf68 main.o
 .debug_info    0x00004b4c     0x128d opening.o
 .debug_info    0x00005dd9      0xe2a player.o
 .debug_info    0x00006c03     0x1499 shot.o
 .debug_info    0x0000809c     0x10d7 starfield.o
 .debug_info    0x00009173     0x1324 textbg.o
 .debug_info    0x0000a497     0x20dc video.o
 .debug_info    0x0000c573      0x4c1 wave.o
 .debug_info    0x0000ca34      0xa36 /opt/devkitpro/libnds/lib/libnds9.a(background.o)
 .debug_info    0x0000d46a     0x2bfc /opt/devkitpro/libnds/lib/libnds9.a(console.o)
 .debug_info    0x00010066      0x48d /opt/devkitpro/libnds/lib/libnds9.a(keys.o)
 .debug_info    0x000104f3      0x3c5 /opt/devkitpro/libnds/lib/libnds9.a(sassert.o)
 .debug_info    0x000108b8     0x1c91 /opt/devkitpro/libnds/lib/libnds9.a(sprite_alloc.o)
 .debug_info    0x00012549     0x1433 /opt/devkitpro/libnds/lib/libnds9.a(sprite.o)
 .debug_info    0x0001397c      0x77c /opt/devkitpro/libnds/lib/libnds9.a(trig.o)
 .debug_info    0x000140f8      0xab7 /opt/devkitpro/libnds/lib/libnds9.a(video.o)
 .debug_info    0x00014baf      0x28e /opt/devkitpro/calico/lib/libcalico_ds9.a(irq.o)
 .debug_info    0x00014e3d     0x2067 /opt/devkitpro/calico/lib/libcalico_ds9.a(thread_cold.o)
 .debug_info    0x00016ea4     0x12a7 /opt/devkitpro/calico/lib/libcalico_ds9.a(thread_hot.32.o)
 .debug_info    0x0001814b      0xfec /opt/devkitpro/calico/lib/libcalico_ds9.a(mutex.o)
 .debug_info    0x00019137       0x3b /opt/devkitpro/calico/lib/libcalico_ds9.a(arm-context.32.o)
 .debug_info    0x00019172      0x385 /opt/devkitpro/calico/lib/libcalico_ds9.a(arm-shims.32.o)
 .debug_info    0x000194f7       0x67 /opt/devkitpro/calico/lib/libcalico_ds9.a(arm-cache.32.o)
 .debug_info    0x0001955e      0x1c6 /opt/devkitpro/calico/lib/libcalico_ds9.a(keypad.o)
 .debug_info    0x00019724     0x1b2d /opt/devkitpro/calico/lib/libcalico_ds9.a(pm.o)
 .debug_info    0x0001b251       0x3e /opt/devkitpro/calico/lib/libcalico_ds9.a(bootstub_arm9.o)
 .debug_info    0x0001b28f       0x5d /opt/devkitpro/calico/lib/libcalico_ds9.a(excpt_handler.32.o)
 .debug_info    0x0001b2ec      0x26f /opt/devkitpro/calico/lib/libcalico_ds9.a(touch.o)
 .debug_info    0x0001b55b      0xc64 /opt/devkitpro/calico/lib/libcalico_ds9.a(tick.o)
 .debug_info    0x0001c1bf      0x822 /opt/devkitpro/calico/lib/libcalico_ds9.a(mailbox.o)
 .debug_info    0x0001c9e1     0x1754 /opt/devkitpro/calico/lib/libcalico_ds9.a(newlib_syscalls.o)
 .debug_info    0x0001e135      0x4e1 /opt/devkitpro/calico/lib/libcalico_ds9.a(startup.crt0.o)
 .debug_info    0x0001e616       0x3b /opt/devkitpro/calico/lib/libcalico_ds9.a(utils.crt0.o)
 .debug_info    0x0001e651       0x33 /opt/devkitpro/calico/lib/libcalico_ds9.a(irq_handler.32.o)
 .debug_info    0x0001e684     0x13e2 /opt/devkitpro/calico/lib/libcalico_ds9.a(pxi.o)
 .debug_info    0x0001fa66       0x33 /opt/devkitpro/calico/lib/libcalico_ds9.a(mpu_setup.crt0.o)
 .debug_info    0x0001fa99      0x5d5 /opt/devkitpro/calico/lib/libcalico_ds9.a(sys_startup.o)
 .debug_info    0x0002006e       0x3e /opt/devkitpro/devkitARM/lib/gcc/arm-none-eabi/16.1.0/libgcc.a(_divsi3.o)
 .debug_info    0x000200ac       0x3c /opt/devkitpro/devkitARM/lib/gcc/arm-none-eabi/16.1.0/libgcc.a(_dvmd_tls.o)
 .debug_info    0x000200e8       0x24 /opt/devkitpro/devkitARM/lib/gcc/arm-none-eabi/16.1.0/libgcc.a(_aeabi_uldivmod.o)
 .debug_info    0x0002010c      0x3aa /opt/devkitpro/devkitARM/lib/gcc/arm-none-eabi/16.1.0/libgcc.a(_udivmoddi4.o)
 .debug_info    0x000204b6       0x31 /opt/devkitpro/devkitARM/lib/gcc/arm-none-eabi/16.1.0/libgcc.a(_clzdi2.o)
 .debug_info    0x000204e7       0x31 /opt/devkitpro/devkitARM/lib/gcc/arm-none-eabi/16.1.0/libgcc.a(_clzsi2.o)
 .debug_info    0x00020518       0x3e /opt/devkitpro/devkitARM/lib/gcc/arm-none-eabi/16.1.0/libgcc.a(_udivsi3.o)

.debug_abbrev   0x00000000     0x79a3
 *(.debug_abbrev)
 .debug_abbrev  0x00000000      0x479 boss.o
 .debug_abbrev  0x00000479      0x3b6 effect.o
 .debug_abbrev  0x0000082f      0x459 enemy.o
 .debug_abbrev  0x00000c88      0x282 hud.o
 .debug_abbrev  0x00000f0a      0x497 main.o
 .debug_abbrev  0x000013a1      0x4d3 opening.o
 .debug_abbrev  0x00001874      0x436 player.o
 .debug_abbrev  0x00001caa      0x47e shot.o
 .debug_abbrev  0x00002128      0x453 starfield.o
 .debug_abbrev  0x0000257b      0x516 textbg.o
 .debug_abbrev  0x00002a91      0x40f video.o
 .debug_abbrev  0x00002ea0      0x1bd wave.o
 .debug_abbrev  0x0000305d      0x364 /opt/devkitpro/libnds/lib/libnds9.a(background.o)
 .debug_abbrev  0x000033c1      0x637 /opt/devkitpro/libnds/lib/libnds9.a(console.o)
 .debug_abbrev  0x000039f8      0x273 /opt/devkitpro/libnds/lib/libnds9.a(keys.o)
 .debug_abbrev  0x00003c6b      0x177 /opt/devkitpro/libnds/lib/libnds9.a(sassert.o)
 .debug_abbrev  0x00003de2      0x3bc /opt/devkitpro/libnds/lib/libnds9.a(sprite_alloc.o)
 .debug_abbrev  0x0000419e      0x468 /opt/devkitpro/libnds/lib/libnds9.a(sprite.o)
 .debug_abbrev  0x00004606      0x26c /opt/devkitpro/libnds/lib/libnds9.a(trig.o)
 .debug_abbrev  0x00004872      0x22e /opt/devkitpro/libnds/lib/libnds9.a(video.o)
 .debug_abbrev  0x00004aa0      0x1c1 /opt/devkitpro/calico/lib/libcalico_ds9.a(irq.o)
 .debug_abbrev  0x00004c61      0x634 /opt/devkitpro/calico/lib/libcalico_ds9.a(thread_cold.o)
 .debug_abbrev  0x00005295      0x373 /opt/devkitpro/calico/lib/libcalico_ds9.a(thread_hot.32.o)
 .debug_abbrev  0x00005608      0x392 /opt/devkitpro/calico/lib/libcalico_ds9.a(mutex.o)
 .debug_abbrev  0x0000599a       0x26 /opt/devkitpro/calico/lib/libcalico_ds9.a(arm-context.32.o)
 .debug_abbrev  0x000059c0      0x1c3 /opt/devkitpro/calico/lib/libcalico_ds9.a(arm-shims.32.o)
 .debug_abbrev  0x00005b83       0x26 /opt/devkitpro/calico/lib/libcalico_ds9.a(arm-cache.32.o)
 .debug_abbrev  0x00005ba9       0xd0 /opt/devkitpro/calico/lib/libcalico_ds9.a(keypad.o)
 .debug_abbrev  0x00005c79      0x693 /opt/devkitpro/calico/lib/libcalico_ds9.a(pm.o)
 .debug_abbrev  0x0000630c       0x26 /opt/devkitpro/calico/lib/libcalico_ds9.a(bootstub_arm9.o)
 .debug_abbrev  0x00006332       0x26 /opt/devkitpro/calico/lib/libcalico_ds9.a(excpt_handler.32.o)
 .debug_abbrev  0x00006358      0x11a /opt/devkitpro/calico/lib/libcalico_ds9.a(touch.o)
 .debug_abbrev  0x00006472      0x329 /opt/devkitpro/calico/lib/libcalico_ds9.a(tick.o)
 .debug_abbrev  0x0000679b      0x2c4 /opt/devkitpro/calico/lib/libcalico_ds9.a(mailbox.o)